Component: ARM Compiler 5.05 update 2 (build 169) Tool: armlink [4d0f33]

==============================================================================

Section Cross References

    main.o(i.Delay) refers to main.o(.data) for .data
    main.o(i.Light) refers to motor_led_control.o(i.LED_On) for LED_On
    main.o(i.Light) refers to motor_led_control.o(i.LED_Off) for LED_Off
    main.o(i.Light) refers to main.o(.data) for .data
    main.o(i.Light_Str_Processing) refers to atoi.o(.text) for atoi
    main.o(i.Light_Str_Processing) refers to malloc.o(i.malloc) for malloc
    main.o(i.Light_Str_Processing) refers to strtok.o(.text) for strtok
    main.o(i.Light_Str_Processing) refers to main.o(i.Epoch_Converter) for Epoch_Converter
    main.o(i.Light_Str_Processing) refers to localtime.o(.text) for localtime
    main.o(i.Light_Str_Processing) refers to main.o(.data) for .data
    main.o(i.Light_Str_Processing) refers to main.o(.bss) for .bss
    main.o(i.RTC_Config) refers to stm32f4xx_rcc.o(i.RCC_APB1PeriphClockCmd) for RCC_APB1PeriphClockCmd
    main.o(i.RTC_Config) refers to stm32f4xx_pwr.o(i.PWR_BackupAccessCmd) for PWR_BackupAccessCmd
    main.o(i.RTC_Config) refers to stm32f4xx_rcc.o(i.RCC_LSICmd) for RCC_LSICmd
    main.o(i.RTC_Config) refers to stm32f4xx_rcc.o(i.RCC_GetFlagStatus) for RCC_GetFlagStatus
    main.o(i.RTC_Config) refers to stm32f4xx_rcc.o(i.RCC_RTCCLKConfig) for RCC_RTCCLKConfig
    main.o(i.RTC_Config) refers to stm32f4xx_rcc.o(i.RCC_RTCCLKCmd) for RCC_RTCCLKCmd
    main.o(i.RTC_Config) refers to stm32f4xx_rtc.o(i.RTC_WaitForSynchro) for RTC_WaitForSynchro
    main.o(i.RTC_Config) refers to stm32f4xx_rtc.o(i.RTC_Init) for RTC_Init
    main.o(i.Sever_Time_Str_Processing) refers to localtime.o(.text) for localtime
    main.o(i.Sever_Time_Str_Processing) refers to main.o(.bss) for .bss
    main.o(i.Soak) refers to motor_led_control.o(i.Motor_On) for Motor_On
    main.o(i.Soak) refers to motor_led_control.o(i.Motor_Off) for Motor_Off
    main.o(i.Soak) refers to main.o(.data) for .data
    main.o(i.Soak_Str_Processing) refers to malloc.o(i.malloc) for malloc
    main.o(i.Soak_Str_Processing) refers to main.o(i.Epoch_Converter) for Epoch_Converter
    main.o(i.Soak_Str_Processing) refers to localtime.o(.text) for localtime
    main.o(i.Soak_Str_Processing) refers to main.o(.bss) for .bss
    main.o(i.Soak_Str_Processing) refers to main.o(.data) for .data
    main.o(i.Str_Split) refers to strtok.o(.text) for strtok
    main.o(i.Str_Split) refers to atoi.o(.text) for atoi
    main.o(i.Str_Split) refers to main.o(i.Sever_Time_Str_Processing) for Sever_Time_Str_Processing
    main.o(i.Str_Split) refers to main.o(i.Soak_Str_Processing) for Soak_Str_Processing
    main.o(i.Str_Split) refers to main.o(i.Water_Str_Processing) for Water_Str_Processing
    main.o(i.Str_Split) refers to main.o(i.Light_Str_Processing) for Light_Str_Processing
    main.o(i.Str_Split) refers to main.o(.bss) for .bss
    main.o(i.Time_Date_Setting) refers to stm32f4xx_rtc.o(i.RTC_SetTime) for RTC_SetTime
    main.o(i.Time_Date_Setting) refers to stm32f4xx_rtc.o(i.RTC_SetDate) for RTC_SetDate
    main.o(i.Time_Date_Setting) refers to main.o(.data) for .data
    main.o(i.Time_Update) refers to main.o(.data) for .data
    main.o(i.TimingDelay_Decrement) refers to main.o(.data) for .data
    main.o(i.Water) refers to motor_led_control.o(i.Motor_On) for Motor_On
    main.o(i.Water) refers to motor_led_control.o(i.Motor_Off) for Motor_Off
    main.o(i.Water) refers to main.o(.data) for .data
    main.o(i.Water_Str_Processing) refers to malloc.o(i.malloc) for malloc
    main.o(i.Water_Str_Processing) refers to strtok.o(.text) for strtok
    main.o(i.Water_Str_Processing) refers to atoi.o(.text) for atoi
    main.o(i.Water_Str_Processing) refers to main.o(i.Epoch_Converter) for Epoch_Converter
    main.o(i.Water_Str_Processing) refers to strcspn.o(.text) for strcspn
    main.o(i.Water_Str_Processing) refers to localtime.o(.text) for localtime
    main.o(i.Water_Str_Processing) refers to main.o(.bss) for .bss
    main.o(i.Water_Str_Processing) refers to main.o(.data) for .data
    main.o(i.main) refers to memcpya.o(.text) for __aeabi_memcpy4
    main.o(i.main) refers to stm32f4xx_rcc.o(i.RCC_GetClocksFreq) for RCC_GetClocksFreq
    main.o(i.main) refers to stm32f4xx_rcc.o(i.RCC_AHB2PeriphClockCmd) for RCC_AHB2PeriphClockCmd
    main.o(i.main) refers to stm32f4xx_rng.o(i.RNG_Cmd) for RNG_Cmd
    main.o(i.main) refers to timer.o(i.tim_init) for tim_init
    main.o(i.main) refers to stm32f4_evb_fsmc_psram.o(i.PSRAM_Init) for PSRAM_Init
    main.o(i.main) refers to stm32f4_evb_lcd.o(i.LCD_Init) for LCD_Init
    main.o(i.main) refers to lcd_log.o(i.LCD_LOG_Init) for LCD_LOG_Init
    main.o(i.main) refers to lcd_log.o(i.LCD_LOG_SetHeader) for LCD_LOG_SetHeader
    main.o(i.main) refers to lcd_log.o(i.LCD_LOG_SetFooter) for LCD_LOG_SetFooter
    main.o(i.main) refers to stm32f4x7_eth_bsp.o(i.ETH_BSP_Config) for ETH_BSP_Config
[...]
    .bss                                     0x200001c4   Section       84  netconf.o(.bss)
    .bss                                     0x20000218   Section      160  stm32f4x7_eth.o(.bss)
    .bss                                     0x200002b8   Section      160  stm32f4x7_eth.o(.bss)
    .bss                                     0x20000358   Section     7620  stm32f4x7_eth.o(.bss)
    .bss                                     0x2000211c   Section     7620  stm32f4x7_eth.o(.bss)
    .bss                                     0x20003ee0   Section       12  stm32f4x7_eth.o(.bss)
    .bss                                     0x20003eec   Section     1632  dns.o(.bss)
    dns_table                                0x20003eec   Data        1120  dns.o(.bss)
    dns_payload                              0x2000434c   Data         512  dns.o(.bss)
    .bss                                     0x2000454c   Section    10260  mem.o(.bss)
    ram_heap                                 0x2000454c   Data       10260  mem.o(.bss)
    .bss                                     0x20006d60   Section    19855  memp.o(.bss)
    memp_tab                                 0x20006d60   Data          36  memp.o(.bss)
    memp_memory                              0x20006d84   Data       19819  memp.o(.bss)
    .bss                                     0x2000baf0   Section       20  tcp_in.o(.bss)
    inseg                                    0x2000baf0   Data          20  tcp_in.o(.bss)
    .bss                                     0x2000bb04   Section     1504  ip_frag.o(.bss)
    buf                                      0x2000bb04   Data        1504  ip_frag.o(.bss)
    .bss                                     0x2000c0e4   Section      200  etharp.o(.bss)
    arp_table                                0x2000c0e4   Data         200  etharp.o(.bss)
    .bss                                     0x2000c1ac   Section       44  localtime.o(.bss)
    _tms                                     0x2000c1ac   Data          44  localtime.o(.bss)
    HEAP                                     0x2000c1d8   Section      512  startup_stm32f40xx.o(HEAP)
    STACK                                    0x2000c3d8   Section     1024  startup_stm32f40xx.o(STACK)

    Global Symbols

    Symbol Name                              Value     Ov Type        Size  Object(Section)

    BuildAttributes$$THM_ISAv4$E$P$D$K$B$S$7EM$VFPi3$EXTD16$VFPS$VFMA$PE$A:L22UL41UL21$X:L11$S22US41US21$IEEE1$IW$USESV6$~STKCKD$USESV7$~SHL$OSPACE$ROPI$EBA8$MICROLIB$REQ8$PRES8$EABIv2 0x00000000   Number         0  anon$$obj.o ABSOLUTE
    __ARM_use_no_argv                        0x00000000   Number         0  main.o ABSOLUTE
    _printf_a                                0x00000000   Number         0  stubs.o ABSOLUTE
    _printf_c                                0x00000000   Number         0  stubs.o ABSOLUTE
    _printf_charcount                        0x00000000   Number         0  stubs.o ABSOLUTE
    _printf_d                                0x00000000   Number         0  stubs.o ABSOLUTE
    _printf_e                                0x00000000   Number         0  stubs.o ABSOLUTE
    _printf_f                                0x00000000   Number         0  stubs.o ABSOLUTE
    _printf_flags                            0x00000000   Number         0  stubs.o ABSOLUTE
    _printf_fp_dec                           0x00000000   Number         0  stubs.o ABSOLUTE
    _printf_fp_hex                           0x00000000   Number         0  stubs.o ABSOLUTE
    _printf_g                                0x00000000   Number         0  stubs.o ABSOLUTE
    _printf_i                                0x00000000   Number         0  stubs.o ABSOLUTE
    _printf_int_dec                          0x00000000   Number         0  stubs.o ABSOLUTE
    _printf_l                                0x00000000   Number         0  stubs.o ABSOLUTE
    _printf_lc                               0x00000000   Number         0  stubs.o ABSOLUTE
    _printf_ll                               0x00000000   Number         0  stubs.o ABSOLUTE
    _printf_lld                              0x00000000   Number         0  stubs.o ABSOLUTE
    _printf_lli                              0x00000000   Number         0  stubs.o ABSOLUTE
    _printf_llo                              0x00000000   Number         0  stubs.o ABSOLUTE
    _printf_llu                              0x00000000   Number         0  stubs.o ABSOLUTE
    _printf_llx                              0x00000000   Number         0  stubs.o ABSOLUTE
    _printf_longlong_dec                     0x00000000   Number         0  stubs.o ABSOLUTE
    _printf_longlong_hex                     0x00000000   Number         0  stubs.o ABSOLUTE
    _printf_longlong_oct                     0x00000000   Number         0  stubs.o ABSOLUTE
    _printf_ls                               0x00000000   Number         0  stubs.o ABSOLUTE
    _printf_mbtowc                           0x00000000   Number         0  stubs.o ABSOLUTE
    _printf_n                                0x00000000   Number         0  stubs.o ABSOLUTE
    _printf_o                                0x00000000   Number         0  stubs.o ABSOLUTE
    _printf_p                                0x00000000   Number         0  stubs.o ABSOLUTE
    _printf_percent                          0x00000000   Number         0  stubs.o ABSOLUTE
    _printf_pre_padding                      0x00000000   Number         0  stubs.o ABSOLUTE
    _printf_return_value                     0x00000000   Number         0  stubs.o ABSOLUTE
    _printf_s                                0x00000000   Number         0  stubs.o ABSOLUTE
    _printf_sizespec                         0x00000000   Number         0  stubs.o ABSOLUTE
    _printf_str                              0x00000000   Number         0  stubs.o ABSOLUTE
    _printf_truncate_signed                  0x00000000   Number         0  stubs.o ABSOLUTE
    _printf_truncate_unsigned                0x00000000   Number         0  stubs.o ABSOLUTE
    _printf_u                                0x00000000   Number         0  stubs.o ABSOLUTE
    _printf_wc                               0x00000000   Number         0  stubs.o ABSOLUTE
    _printf_wctomb                           0x00000000   Number         0  stubs.o ABSOLUTE
    _printf_widthprec                        0x00000000   Number         0  stubs.o ABSOLUTE
    _printf_x                                0x00000000   Number         0  stubs.o ABSOLUTE
    __cpp_initialize__aeabi_                  - Undefined Weak Reference
    __cxa_finalize                            - Undefined Weak Reference
    _clock_init                               - Undefined Weak Reference
    _microlib_exit                            - Undefined Weak Reference
    __Vectors_Size                           0x00000188   Number         0  startup_stm32f40xx.o ABSOLUTE
    __Vectors                                0x08000000   Data           4  startup_stm32f40xx.o(RESET)
    __Vectors_End                            0x08000188   Data           0  startup_stm32f40xx.o(RESET)
    __main                                   0x08000189   Thumb Code     0  entry.o(.ARM.Collect$$$$00000000)
    _main_stk                                0x08000189   Thumb Code     0  entry2.o(.ARM.Collect$$$$00000001)
    _main_scatterload                        0x0800018d   Thumb Code     0  entry5.o(.ARM.Collect$$$$00000004)
    __main_after_scatterload                 0x08000191   Thumb Code     0  entry5.o(.ARM.Collect$$$$00000004)
    _main_clock                              0x08000191   Thumb Code     0  entry7b.o(.ARM.Collect$$$$00000008)
    _main_cpp_init                           0x08000191   Thumb Code     0  entry8b.o(.ARM.Collect$$$$0000000A)
    _main_init                               0x08000191   Thumb Code     0  entry9a.o(.ARM.Collect$$$$0000000B)
    __rt_final_cpp                           0x08000199   Thumb Code     0  entry10a.o(.ARM.Collect$$$$0000000D)
    __rt_final_exit                          0x08000199   Thumb Code     0  entry11a.o(.ARM.Collect$$$$0000000F)
    Reset_Handler                            0x0800019d   Thumb Code     8  startup_stm32f40xx.o(.text)
    ADC_IRQHandler                           0x080001b7   Thumb Code     0  startup_stm32f40xx.o(.text)
    CAN1_RX0_IRQHandler                      0x080001b7   Thumb Code     0  startup_stm32f40xx.o(.text)
    CAN1_RX1_IRQHandler                      0x080001b7   Thumb Code     0  startup_stm32f40xx.o(.text)
    CAN1_SCE_IRQHandler                      0x080001b7   Thumb Code     0  startup_stm32f40xx.o(.text)
    CAN1_TX_IRQHandler                       0x080001b7   Thumb Code     0  startup_stm32f40xx.o(.text)
    CAN2_RX0_IRQHandler                      0x080001b7   Thumb Code     0  startup_stm32f40xx.o(.text)
    CAN2_RX1_IRQHandler                      0x080001b7   Thumb Code     0  startup_stm32f40xx.o(.text)
    CAN2_SCE_IRQHandler                      0x080001b7   Thumb Code     0  startup_stm32f40xx.o(.text)
    CAN2_TX_IRQHandler                       0x080001b7   Thumb Code     0  startup_stm32f40xx.o(.text)
    CRYP_IRQHandler                          0x080001b7   Thumb Code     0  startup_stm32f40xx.o(.text)
    DCMI_IRQHandler                          0x080001b7   Thumb Code     0  startup_stm32f40xx.o(.text)
    DMA1_Stream0_IRQHandler                  0x080001b7   Thumb Code     0  startup_stm32f40xx.o(.text)
    DMA1_Stream1_IRQHandler                  0x080001b7   Thumb Code     0  startup_stm32f40xx.o(.text)
    DMA1_Stream2_IRQHandler                  0x080001b7   Thumb Code     0  startup_stm32f40xx.o(.text)
    DMA1_Stream3_IRQHandler                  0x080001b7   Thumb Code     0  startup_stm32f40xx.o(.text)
    DMA1_Stream4_IRQHandler                  0x080001b7   Thumb Code     0  startup_stm32f40xx.o(.text)
    DMA1_Stream5_IRQHandler                  0x080001b7   Thumb Code     0  startup_stm32f40xx.o(.text)
    DMA1_Stream6_IRQHandler                  0x080001b7   Thumb Code     0  startup_stm32f40xx.o(.text)
    DMA1_Stream7_IRQHandler                  0x080001b7   Thumb Code     0  startup_stm32f40xx.o(.text)
    DMA2_Stream0_IRQHandler                  0x080001b7   Thumb Code     0  startup_stm32f40xx.o(.text)
    DMA2_Stream1_IRQHandler                  0x080001b7   Thumb Code     0  startup_stm32f40xx.o(.text)
    DMA2_Stream2_IRQHandler                  0x080001b7   Thumb Code     0  startup_stm32f40xx.o(.text)
    DMA2_Stream3_IRQHandler                  0x080001b7   Thumb Code     0  startup_stm32f40xx.o(.text)
    DMA2_Stream4_IRQHandler                  0x080001b7   Thumb Code     0  startup_stm32f40xx.o(.text)
    DMA2_Stream5_IRQHandler                  0x080001b7   Thumb Code     0  startup_stm32f40xx.o(.text)
    DMA2_Stream6_IRQHandler                  0x080001b7   Thumb Code     0  startup_stm32f40xx.o(.text)
    DMA2_Stream7_IRQHandler                  0x080001b7   Thumb Code     0  startup_stm32f40xx.o(.text)
    ETH_IRQHandler                           0x080001b7   Thumb Code     0  startup_stm32f40xx.o(.text)
    ETH_WKUP_IRQHandler                      0x080001b7   Thumb Code     0  startup_stm32f40xx.o(.text)
    EXTI0_IRQHandler                         0x080001b7   Thumb Code     0  startup_stm32f40xx.o(.text)
    EXTI1_IRQHandler                         0x080001b7   Thumb Code     0  startup_stm32f40xx.o(.text)
    EXTI3_IRQHandler                         0x080001b7   Thumb Code     0  startup_stm32f40xx.o(.text)
    EXTI4_IRQHandler                         0x080001b7   Thumb Code     0  startup_stm32f40xx.o(.text)
    EXTI9_5_IRQHandler                       0x080001b7   Thumb Code     0  startup_stm32f40xx.o(.text)
    FLASH_IRQHandler                         0x080001b7   Thumb Code     0  startup_stm32f40xx.o(.text)
    FPU_IRQHandler                           0x080001b7   Thumb Code     0  startup_stm32f40xx.o(.text)
    FSMC_IRQHandler                          0x080001b7   Thumb Code     0  startup_stm32f40xx.o(.text)
    HASH_RNG_IRQHandler                      0x080001b7   Thumb Code     0  startup_stm32f40xx.o(.text)
    I2C1_ER_IRQHandler                       0x080001b7   Thumb Code     0  startup_stm32f40xx.o(.text)
    I2C1_EV_IRQHandler                       0x080001b7   Thumb Code     0  startup_stm32f40xx.o(.text)
    I2C2_ER_IRQHandler                       0x080001b7   Thumb Code     0  startup_stm32f40xx.o(.text)
    I2C2_EV_IRQHandler                       0x080001b7   Thumb Code     0  startup_stm32f40xx.o(.text)
    I2C3_ER_IRQHandler                       0x080001b7   Thumb Code     0  startup_stm32f40xx.o(.text)
    I2C3_EV_IRQHandler                       0x080001b7   Thumb Code     0  startup_stm32f40xx.o(.text)
    OTG_FS_IRQHandler                        0x080001b7   Thumb Code     0  startup_stm32f40xx.o(.text)
    OTG_FS_WKUP_IRQHandler                   0x080001b7   Thumb Code     0  startup_stm32f40xx.o(.text)
    OTG_HS_EP1_IN_IRQHandler                 0x080001b7   Thumb Code     0  startup_stm32f40xx.o(.text)
    OTG_HS_EP1_OUT_IRQHandler                0x080001b7   Thumb Code     0  startup_stm32f40xx.o(.text)
    OTG_HS_IRQHandler                        0x080001b7   Thumb Code     0  startup_stm32f40xx.o(.text)
    OTG_HS_WKUP_IRQHandler                   0x080001b7   Thumb Code     0  startup_stm32f40xx.o(.text)
    PVD_IRQHandler                           0x080001b7   Thumb Code     0  startup_stm32f40xx.o(.text)
    RCC_IRQHandler                           0x080001b7   Thumb Code     0  startup_stm32f40xx.o(.text)
    RTC_Alarm_IRQHandler                     0x080001b7   Thumb Code     0  startup_stm32f40xx.o(.text)
    RTC_WKUP_IRQHandler                      0x080001b7   Thumb Code     0  startup_stm32f40xx.o(.text)
    SDIO_IRQHandler                          0x080001b7   Thumb Code     0  startup_stm32f40xx.o(.text)
    SPI1_IRQHandler                          0x080001b7   Thumb Code     0  startup_stm32f40xx.o(.text)
    SPI2_IRQHandler                          0x080001b7   Thumb Code     0  startup_stm32f40xx.o(.text)
    SPI3_IRQHandler                          0x080001b7   Thumb Code     0  startup_stm32f40xx.o(.text)
    TAMP_STAMP_IRQHandler                    0x080001b7   Thumb Code     0  startup_stm32f40xx.o(.text)
    TIM1_BRK_TIM9_IRQHandler                 0x080001b7   Thumb Code     0  startup_stm32f40xx.o(.text)
    TIM1_CC_IRQHandler                       0x080001b7   Thumb Code     0  startup_stm32f40xx.o(.text)
    TIM1_TRG_COM_TIM11_IRQHandler            0x080001b7   Thumb Code     0  startup_stm32f40xx.o(.text)
    TIM1_UP_TIM10_IRQHandler                 0x080001b7   Thumb Code     0  startup_stm32f40xx.o(.text)
    TIM2_IRQHandler                          0x080001b7   Thumb Code     0  startup_stm32f40xx.o(.text)
    TIM3_IRQHandler                          0x080001b7   Thumb Code     0  startup_stm32f40xx.o(.text)
    TIM4_IRQHandler                          0x080001b7   Thumb Code     0  startup_stm32f40xx.o(.text)
    TIM5_IRQHandler                          0x080001b7   Thumb Code     0  startup_stm32f40xx.o(.text)
    TIM6_DAC_IRQHandler                      0x080001b7   Thumb Code     0  startup_stm32f40xx.o(.text)
    TIM7_IRQHandler                          0x080001b7   Thumb Code     0  startup_stm32f40xx.o(.text)
    TIM8_BRK_TIM12_IRQHandler                0x080001b7   Thumb Code     0  startup_stm32f40xx.o(.text)
    TIM8_CC_IRQHandler                       0x080001b7   Thumb Code     0  startup_stm32f40xx.o(.text)
    TIM8_TRG_COM_TIM14_IRQHandler            0x080001b7   Thumb Code     0  startup_stm32f40xx.o(.text)
    TIM8_UP_TIM13_IRQHandler                 0x080001b7   Thumb Code     0  startup_stm32f40xx.o(.text)
    UART4_IRQHandler                         0x080001b7   Thumb Code     0  startup_stm32f40xx.o(.text)
    UART5_IRQHandler                         0x080001b7   Thumb Code     0  startup_stm32f40xx.o(.text)
    USART2_IRQHandler                        0x080001b7   Thumb Code     0  startup_stm32f40xx.o(.text)
    USART3_IRQHandler                        0x080001b7   Thumb Code     0  startup_stm32f40xx.o(.text)
    USART6_IRQHandler                        0x080001b7   Thumb Code     0  startup_stm32f40xx.o(.text)
    WWDG_IRQHandler                          0x080001b7   Thumb Code     0  startup_stm32f40xx.o(.text)
    localtime                                0x080001c1   Thumb Code   138  localtime.o(.text)
    __aeabi_memcpy                           0x08000255   Thumb Code    36  memcpya.o(.text)
    __aeabi_memcpy4                          0x08000255   Thumb Code     0  memcpya.o(.text)
    __aeabi_memcpy8                          0x08000255   Thumb Code     0  memcpya.o(.text)
    __aeabi_memset                           0x08000279   Thumb Code    14  memseta.o(.text)
    __aeabi_memset4                          0x08000279   Thumb Code     0  memseta.o(.text)
    __aeabi_memset8                          0x08000279   Thumb Code     0  memseta.o(.text)
    __aeabi_memclr                           0x08000287   Thumb Code     4  memseta.o(.text)
    __aeabi_memclr4                          0x08000287   Thumb Code     0  memseta.o(.text)
    __aeabi_memclr8                          0x08000287   Thumb Code     0  memseta.o(.text)
    _memset$wrapper                          0x0800028b   Thumb Code    18  memseta.o(.text)
    strstr                                   0x0800029d   Thumb Code    36  strstr.o(.text)
    strlen                                   0x080002c1   Thumb Code    14  strlen.o(.text)
    strcmp                                   0x080002cf   Thumb Code    28  strcmp.o(.text)
    memcmp                                   0x080002eb   Thumb Code    26  memcmp.o(.text)
    strcpy                                   0x08000305   Thumb Code    18  strcpy.o(.text)
    strncmp                                  0x08000317   Thumb Code    30  strncmp.o(.text)
    strtok                                   0x08000335   Thumb Code    62  strtok.o(.text)
    strcspn                                  0x08000379   Thumb Code    34  strcspn.o(.text)
    atoi                                     0x0800039b   Thumb Code    26  atoi.o(.text)
    __aeabi_uidiv                            0x080003b5   Thumb Code     0  uidiv.o(.text)
    __aeabi_uidivmod                         0x080003b5   Thumb Code    44  uidiv.o(.text)
    strtol                                   0x080003e1   Thumb Code   112  strtol.o(.text)
    __scatterload                            0x08000451   Thumb Code    28  init.o(.text)
    __scatterload_rt2                        0x08000451   Thumb Code     0  init.o(.text)
    __rt_ctype_table                         0x08000475   Thumb Code     4  ctype_o.o(.text)
    _strtoul                                 0x0800047d   Thumb Code   158  _strtoul.o(.text)
    _chval                                   0x0800051b   Thumb Code    28  _chval.o(.text)
    __decompress                             0x08000537   Thumb Code     0  __dczerorl2.o(.text)
    __decompress1                            0x08000537   Thumb Code    86  __dczerorl2.o(.text)
    BusFault_Handler                         0x0800058d   Thumb Code     2  stm32f4xx_it.o(i.BusFault_Handler)
    DMA_Cmd                                  0x0800058f   Thumb Code    24  stm32f4xx_dma.o(i.DMA_Cmd)
    DMA_Config                               0x080005a9   Thumb Code   178  stm32f4_evb_lcd.o(i.DMA_Config)
    DMA_DeInit                               0x08000669   Thumb Code   278  stm32f4xx_dma.o(i.DMA_DeInit)
    DMA_GetCmdStatus                         0x08000795   Thumb Code    14  stm32f4xx_dma.o(i.DMA_GetCmdStatus)
    DMA_Init                                 0x080007a5   Thumb Code    80  stm32f4xx_dma.o(i.DMA_Init)
    DNS_Init                                 0x080007f9   Thumb Code    20  netconf.o(i.DNS_Init)
    DebugMon_Handler                         0x08000825   Thumb Code     2  stm32f4xx_it.o(i.DebugMon_Handler)
    ETH_BSP_Config                           0x08000829   Thumb Code    76  stm32f4x7_eth_bsp.o(i.ETH_BSP_Config)
    ETH_CheckFrameReceived                   0x080008a1   Thumb Code   100  stm32f4x7_eth.o(i.ETH_CheckFrameReceived)
    ETH_DMAReceptionCmd                      0x08000909   Thumb Code    26  stm32f4x7_eth.o(i.ETH_DMAReceptionCmd)
    ETH_DMARxDescChainInit                   0x08000929   Thumb Code    80  stm32f4x7_eth.o(i.ETH_DMARxDescChainInit)
    ETH_DMATransmissionCmd                   0x08000985   Thumb Code    26  stm32f4x7_eth.o(i.ETH_DMATransmissionCmd)
    ETH_DMATxDescChainInit                   0x080009a5   Thumb Code    62  stm32f4x7_eth.o(i.ETH_DMATxDescChainInit)
    ETH_DMATxDescChecksumInsertionConfig     0x080009ed   Thumb Code     8  stm32f4x7_eth.o(i.ETH_DMATxDescChecksumInsertionConfig)
    ETH_DeInit                               0x080009f5   Thumb Code    24  stm32f4x7_eth.o(i.ETH_DeInit)
    ETH_FlushTransmitFIFO                    0x08000a25   Thumb Code    12  stm32f4x7_eth.o(i.ETH_FlushTransmitFIFO)
    ETH_GetSoftwareResetStatus               0x08000b95   Thumb Code    14  stm32f4x7_eth.o(i.ETH_GetSoftwareResetStatus)
    ETH_Get_Received_Frame                   0x08000ba9   Thumb Code    56  stm32f4x7_eth.o(i.ETH_Get_Received_Frame)
    ETH_Init                                 0x08000be5   Thumb Code   540  stm32f4x7_eth.o(i.ETH_Init)
    ETH_MACAddressConfig                     0x08000e39   Thumb Code    38  stm32f4x7_eth.o(i.ETH_MACAddressConfig)
    ETH_MACReceptionCmd                      0x08000edd   Thumb Code    26  stm32f4x7_eth.o(i.ETH_MACReceptionCmd)
    ETH_MACTransmissionCmd                   0x08000efd   Thumb Code    26  stm32f4x7_eth.o(i.ETH_MACTransmissionCmd)
    ETH_Prepare_Transmit_Descriptors         0x08000f1d   Thumb Code   166  stm32f4x7_eth.o(i.ETH_Prepare_Transmit_Descriptors)
    ETH_ReadPHYRegister                      0x08000fcd   Thumb Code    80  stm32f4x7_eth.o(i.ETH_ReadPHYRegister)
    ETH_SoftwareReset                        0x08001025   Thumb Code    12  stm32f4x7_eth.o(i.ETH_SoftwareReset)
    ETH_Start                                0x08001035   Thumb Code    34  stm32f4x7_eth.o(i.ETH_Start)
    ETH_StructInit                           0x08001057   Thumb Code   154  stm32f4x7_eth.o(i.ETH_StructInit)
    ETH_WritePHYRegister                     0x080010f1   Thumb Code    80  stm32f4x7_eth.o(i.ETH_WritePHYRegister)
    EXTI15_10_IRQHandler                     0x08001149   Thumb Code    52  stm32f4xx_it.o(i.EXTI15_10_IRQHandler)
    EXTI2_IRQHandler                         0x0800117d   Thumb Code     2  stm32f4xx_it.o(i.EXTI2_IRQHandler)
    EXTI_ClearITPendingBit                   0x08001181   Thumb Code     6  stm32f4xx_exti.o(i.EXTI_ClearITPendingBit)
    EXTI_GetITStatus                         0x0800118d   Thumb Code    16  stm32f4xx_exti.o(i.EXTI_GetITStatus)
    Epoch_Converter                          0x080011a1   Thumb Code     2  main.o(i.Epoch_Converter)
    Eth_Link_ITHandler                       0x080011a5   Thumb Code   122  stm32f4x7_eth_bsp.o(i.Eth_Link_ITHandler)
    Eth_Link_PHYITConfig                     0x0800126d   Thumb Code    60  stm32f4x7_eth_bsp.o(i.Eth_Link_PHYITConfig)
    FSMC_NORSRAMCmd                          0x080012a9   Thumb Code    30  stm32f4xx_fsmc.o(i.FSMC_NORSRAMCmd)
    FSMC_NORSRAMInit                         0x080012cd   Thumb Code   202  stm32f4xx_fsmc.o(i.FSMC_NORSRAMInit)
    GPIO_Init                                0x08001397   Thumb Code   124  stm32f4xx_gpio.o(i.GPIO_Init)
    GPIO_PinAFConfig                         0x08001413   Thumb Code    32  stm32f4xx_gpio.o(i.GPIO_PinAFConfig)
    GPIO_ReadInputDataBit                    0x08001433   Thumb Code    14  stm32f4xx_gpio.o(i.GPIO_ReadInputDataBit)
    GPIO_ResetBits                           0x08001441   Thumb Code     4  stm32f4xx_gpio.o(i.GPIO_ResetBits)
    GPIO_SetBits                             0x08001445   Thumb Code     4  stm32f4xx_gpio.o(i.GPIO_SetBits)
    GPIO_WriteBit                            0x08001449   Thumb Code    12  stm32f4xx_gpio.o(i.GPIO_WriteBit)
    HardFault_Handler                        0x08001455   Thumb Code     2  stm32f4xx_it.o(i.HardFault_Handler)
    LCD_Blending                             0x08001459   Thumb Code    58  stm32f4_evb_lcd.o(i.LCD_Blending)
    LCD_Clear                                0x08001499   Thumb Code    22  stm32f4_evb_lcd.o(i.LCD_Clear)
    LCD_ClearLine                            0x080014b9   Thumb Code   100  stm32f4_evb_lcd.o(i.LCD_ClearLine)
    LCD_CtrlLinesConfig                      0x08001521   Thumb Code   292  stm32f4_evb_lcd.o(i.LCD_CtrlLinesConfig)
    LCD_DisplayChar                          0x08001655   Thumb Code    34  stm32f4_evb_lcd.o(i.LCD_DisplayChar)
    LCD_DisplayStringLine                    0x0800167d   Thumb Code    52  stm32f4_evb_lcd.o(i.LCD_DisplayStringLine)
    LCD_DrawChar                             0x080016b5   Thumb Code   150  stm32f4_evb_lcd.o(i.LCD_DrawChar)
    LCD_FSMCConfig                           0x08001751   Thumb Code    88  stm32f4_evb_lcd.o(i.LCD_FSMCConfig)
    LCD_GetFont                              0x080017a9   Thumb Code     6  stm32f4_evb_lcd.o(i.LCD_GetFont)
    LCD_Init                                 0x080017b5   Thumb Code   162  stm32f4_evb_lcd.o(i.LCD_Init)
    LCD_LOG_DeInit                           0x0800185d   Thumb Code    34  lcd_log.o(i.LCD_LOG_DeInit)
    LCD_LOG_Init                             0x08001885   Thumb Code    16  lcd_log.o(i.LCD_LOG_Init)
    LCD_LOG_SetFooter                        0x08001895   Thumb Code    52  lcd_log.o(i.LCD_LOG_SetFooter)
    LCD_LOG_SetHeader                        0x080018c9   Thumb Code   158  lcd_log.o(i.LCD_LOG_SetHeader)
    LCD_SetBackColor                         0x08001971   Thumb Code    12  stm32f4_evb_lcd.o(i.LCD_SetBackColor)
    LCD_SetFont                              0x08001981   Thumb Code     6  stm32f4_evb_lcd.o(i.LCD_SetFont)
    LCD_SetTextColor                         0x0800198d   Thumb Code    12  stm32f4_evb_lcd.o(i.LCD_SetTextColor)
    LED_Off                                  0x0800199d   Thumb Code     8  motor_led_control.o(i.LED_Off)
    LED_On                                   0x080019a9   Thumb Code    44  motor_led_control.o(i.LED_On)
    Light                                    0x080019d9   Thumb Code    74  main.o(i.Light)
    Light_Str_Processing                     0x08001a29   Thumb Code   238  main.o(i.Light_Str_Processing)
    LwIP_Init                                0x08001b25   Thumb Code   148  netconf.o(i.LwIP_Init)
    LwIP_Periodic_Handle                     0x08001bf1   Thumb Code    70  netconf.o(i.LwIP_Periodic_Handle)
    LwIP_Pkt_Handle                          0x08001c41   Thumb Code     6  netconf.o(i.LwIP_Pkt_Handle)
    MemManage_Handler                        0x08001c4d   Thumb Code     2  stm32f4xx_it.o(i.MemManage_Handler)
    Motor_Off                                0x08001c51   Thumb Code    10  motor_led_control.o(i.Motor_Off)
    Motor_On                                 0x08001c61   Thumb Code    52  motor_led_control.o(i.Motor_On)
    NMI_Handler                              0x08001c99   Thumb Code     2  stm32f4xx_it.o(i.NMI_Handler)
    PSRAM_Init                               0x08001c9d   Thumb Code   630  stm32f4_evb_fsmc_psram.o(i.PSRAM_Init)
    PWR_BackupAccessCmd                      0x08001f25   Thumb Code     6  stm32f4xx_pwr.o(i.PWR_BackupAccessCmd)
    PendSV_Handler                           0x08001f31   Thumb Code     2  stm32f4xx_it.o(i.PendSV_Handler)
    RCC_AHB1PeriphClockCmd                   0x08001f35   Thumb Code    22  stm32f4xx_rcc.o(i.RCC_AHB1PeriphClockCmd)
    RCC_AHB1PeriphResetCmd                   0x08001f51   Thumb Code    22  stm32f4xx_rcc.o(i.RCC_AHB1PeriphResetCmd)
    RCC_AHB2PeriphClockCmd                   0x08001f6d   Thumb Code    22  stm32f4xx_rcc.o(i.RCC_AHB2PeriphClockCmd)
    RCC_AHB3PeriphClockCmd                   0x08001f89   Thumb Code    22  stm32f4xx_rcc.o(i.RCC_AHB3PeriphClockCmd)
    RCC_APB1PeriphClockCmd                   0x08001fa5   Thumb Code    22  stm32f4xx_rcc.o(i.RCC_APB1PeriphClockCmd)
    RCC_APB2PeriphClockCmd                   0x08001fc1   Thumb Code    22  stm32f4xx_rcc.o(i.RCC_APB2PeriphClockCmd)
    RCC_GetClocksFreq                        0x08001fdd   Thumb Code   148  stm32f4xx_rcc.o(i.RCC_GetClocksFreq)
    RCC_GetFlagStatus                        0x08002081   Thumb Code    50  stm32f4xx_rcc.o(i.RCC_GetFlagStatus)
    RCC_LSICmd                               0x080020b9   Thumb Code     6  stm32f4xx_rcc.o(i.RCC_LSICmd)
    RCC_MCO1Config                           0x080020c5   Thumb Code    16  stm32f4xx_rcc.o(i.RCC_MCO1Config)
    RCC_RTCCLKCmd                            0x080020d9   Thumb Code     6  stm32f4xx_rcc.o(i.RCC_RTCCLKCmd)
    RCC_RTCCLKConfig                         0x080020e5   Thumb Code    40  stm32f4xx_rcc.o(i.RCC_RTCCLKConfig)
    RNG_Cmd                                  0x08002115   Thumb Code    26  stm32f4xx_rng.o(i.RNG_Cmd)
    RTC_Config                               0x0800215f   Thumb Code    70  main.o(i.RTC_Config)
    RTC_EnterInitMode                        0x080021a5   Thumb Code    62  stm32f4xx_rtc.o(i.RTC_EnterInitMode)
    RTC_ExitInitMode                         0x080021e9   Thumb Code    12  stm32f4xx_rtc.o(i.RTC_ExitInitMode)
    RTC_GetDate                              0x080021f9   Thumb Code    64  stm32f4xx_rtc.o(i.RTC_GetDate)
    RTC_GetTime                              0x08002241   Thumb Code    68  stm32f4xx_rtc.o(i.RTC_GetTime)
    RTC_Init                                 0x0800228d   Thumb Code    74  stm32f4xx_rtc.o(i.RTC_Init)
    RTC_SetDate                              0x080022dd   Thumb Code   156  stm32f4xx_rtc.o(i.RTC_SetDate)
    RTC_SetTime                              0x08002381   Thumb Code   160  stm32f4xx_rtc.o(i.RTC_SetTime)
    RTC_WaitForSynchro                       0x08002429   Thumb Code    72  stm32f4xx_rtc.o(i.RTC_WaitForSynchro)
    SVC_Handler                              0x08002475   Thumb Code     2  stm32f4xx_it.o(i.SVC_Handler)
    SYSCFG_ETH_MediaInterfaceConfig          0x08002479   Thumb Code     6  stm32f4xx_syscfg.o(i.SYSCFG_ETH_MediaInterfaceConfig)
    Sever_Time_Str_Processing                0x08002561   Thumb Code    44  main.o(i.Sever_Time_Str_Processing)
    Soak                                     0x08002591   Thumb Code   130  main.o(i.Soak)
    Soak_Str_Processing                      0x08002619   Thumb Code   226  main.o(i.Soak_Str_Processing)
    Str_Split                                0x08002705   Thumb Code    94  main.o(i.Str_Split)
    SysTick_Handler                          0x0800276d   Thumb Code    14  stm32f4xx_it.o(i.SysTick_Handler)
    SystemInit                               0x0800277d   Thumb Code    74  system_stm32f4xx.o(i.SystemInit)
    Time_Date_Setting                        0x080027d9   Thumb Code    42  main.o(i.Time_Date_Setting)
    Time_Update                              0x08002809   Thumb Code    10  main.o(i.Time_Update)
    TimingDelay_Decrement                    0x08002819   Thumb Code    16  main.o(i.TimingDelay_Decrement)
    USART1_IRQHandler                        0x0800282d   Thumb Code     2  stm32f4xx_it.o(i.USART1_IRQHandler)
    UsageFault_Handler                       0x0800282f   Thumb Code     2  stm32f4xx_it.o(i.UsageFault_Handler)
    Water                                    0x08002831   Thumb Code    92  main.o(i.Water)
    Water_Str_Processing                     0x08002891   Thumb Code   410  main.o(i.Water_Str_Processing)
    __0sprintf$3                             0x08002a3d   Thumb Code    34  printf3.o(i.__0sprintf$3)
    __1sprintf$3                             0x08002a3d   Thumb Code     0  printf3.o(i.__0sprintf$3)
    __2sprintf                               0x08002a3d   Thumb Code     0  printf3.o(i.__0sprintf$3)
    __aeabi_errno_addr                       0x08002a65   Thumb Code     4  errno.o(i.__aeabi_errno_addr)
    __rt_errno_addr                          0x08002a65   Thumb Code     0  errno.o(i.__aeabi_errno_addr)
    __scatterload_copy                       0x08002a6d   Thumb Code    14  handlers.o(i.__scatterload_copy)
    __scatterload_null                       0x08002a7b   Thumb Code     2  handlers.o(i.__scatterload_null)
    __scatterload_zeroinit                   0x08002a7d   Thumb Code    14  handlers.o(i.__scatterload_zeroinit)
    autoip_arp_reply                         0x08002c79   Thumb Code   140  autoip.o(i.autoip_arp_reply)
    autoip_start                             0x08002d79   Thumb Code    96  autoip.o(i.autoip_start)
    connectCallback                          0x08002e25   Thumb Code   130  netconf.o(i.connectCallback)
    connect_close                            0x08002ee5   Thumb Code    38  netconf.o(i.connect_close)
    delay_us                                 0x08002f2d   Thumb Code    14  timer.o(i.delay_us)
    dhcp_arp_reply                           0x08002f3b   Thumb Code    30  dhcp.o(i.dhcp_arp_reply)
    dht11_read                               0x080031a1   Thumb Code   310  dht11.o(i.dht11_read)
    dns_gethostbyname                        0x08003469   Thumb Code    88  dns.o(i.dns_gethostbyname)
    dns_init                                 0x080034c5   Thumb Code    56  dns.o(i.dns_init)
    dns_setserver                            0x08003785   Thumb Code    34  dns.o(i.dns_setserver)
    domainFound                              0x080037ad   Thumb Code    84  netconf.o(i.domainFound)
    etharp_arp_input                         0x08003835   Thumb Code   296  etharp.o(i.etharp_arp_input)
    etharp_ip_input                          0x08003961   Thumb Code    42  etharp.o(i.etharp_ip_input)
    etharp_output                            0x0800398d   Thumb Code   178  etharp.o(i.etharp_output)
    etharp_query                             0x08003a45   Thumb Code   280  etharp.o(i.etharp_query)
    etharp_raw                               0x08003b61   Thumb Code   178  etharp.o(i.etharp_raw)
    etharp_request                           0x08003c19   Thumb Code    32  etharp.o(i.etharp_request)
    etharp_tmr                               0x08003c71   Thumb Code    74  etharp.o(i.etharp_tmr)
    ethernet_input                           0x08003cc1   Thumb Code    90  etharp.o(i.ethernet_input)
    ethernetif_init                          0x08003d1d   Thumb Code    30  ethernetif.o(i.ethernetif_init)
    ethernetif_input                         0x08003d45   Thumb Code    42  ethernetif.o(i.ethernetif_input)
    gpio_clr                                 0x08003ecb   Thumb Code     6  gpio.o(i.gpio_clr)
    gpio_get_input                           0x08003ed1   Thumb Code     4  gpio.o(i.gpio_get_input)
    gpio_in_cfg                              0x08003ed5   Thumb Code    20  gpio.o(i.gpio_in_cfg)
    gpio_out_cfg                             0x08003ee9   Thumb Code    32  gpio.o(i.gpio_out_cfg)
    gpio_set                                 0x08003f09   Thumb Code     6  gpio.o(i.gpio_set)
    htonl                                    0x08003f0f   Thumb Code    24  inet.o(i.htonl)
    htons                                    0x08003f27   Thumb Code    10  inet.o(i.htons)
    icmp_dest_unreach                        0x08003f31   Thumb Code     8  icmp.o(i.icmp_dest_unreach)
    icmp_input                               0x08003f39   Thumb Code   324  icmp.o(i.icmp_input)
    icmp_time_exceeded                       0x080040e5   Thumb Code     8  icmp.o(i.icmp_time_exceeded)
    inet_addr                                0x080040ed   Thumb Code    20  inet.o(i.inet_addr)
    inet_aton                                0x08004101   Thumb Code   276  inet.o(i.inet_aton)
    inet_chksum                              0x08004215   Thumb Code    12  inet_chksum.o(i.inet_chksum)
    inet_chksum_pbuf                         0x08004221   Thumb Code    72  inet_chksum.o(i.inet_chksum_pbuf)
    ip_addr_isbroadcast                      0x08004269   Thumb Code    62  ip_addr.o(i.ip_addr_isbroadcast)
    ip_frag                                  0x080042a9   Thumb Code   312  ip_frag.o(i.ip_frag)
    ip_input                                 0x080043e5   Thumb Code   436  ip.o(i.ip_input)
    ip_output                                0x080045a1   Thumb Code    52  ip.o(i.ip_output)
    ip_output_if                             0x080045d5   Thumb Code   210  ip.o(i.ip_output_if)
    ip_reass                                 0x080046ad   Thumb Code   376  ip_frag.o(i.ip_reass)
    ip_route                                 0x08004a7d   Thumb Code    62  ip.o(i.ip_route)
    main                                     0x08004c2d   Thumb Code   250  main.o(i.main)
    malloc                                   0x08004d95   Thumb Code    92  malloc.o(i.malloc)
    mem_free                                 0x08004e01   Thumb Code    38  mem.o(i.mem_free)
    mem_init                                 0x08004e2d   Thumb Code    44  mem.o(i.mem_init)
    mem_malloc                               0x08004e61   Thumb Code   180  mem.o(i.mem_malloc)
    mem_realloc                              0x08004f19   Thumb Code   198  mem.o(i.mem_realloc)
    memp_free                                0x08004fe5   Thumb Code    18  memp.o(i.memp_free)
    memp_init                                0x08004ffd   Thumb Code    78  memp.o(i.memp_init)
    memp_malloc                              0x08005055   Thumb Code    28  memp.o(i.memp_malloc)
    netif_add                                0x08005075   Thumb Code    70  netif.o(i.netif_add)
    netif_is_up                              0x080050c1   Thumb Code    10  netif.o(i.netif_is_up)
    netif_set_addr                           0x080050cb   Thumb Code    34  netif.o(i.netif_set_addr)
    netif_set_default                        0x080050ed   Thumb Code     6  netif.o(i.netif_set_default)
    netif_set_down                           0x080050f9   Thumb Code    18  netif.o(i.netif_set_down)
    netif_set_gw                             0x0800510b   Thumb Code    14  netif.o(i.netif_set_gw)
    netif_set_ipaddr                         0x08005119   Thumb Code    96  netif.o(i.netif_set_ipaddr)
    netif_set_netmask                        0x08005181   Thumb Code    14  netif.o(i.netif_set_netmask)
    netif_set_up                             0x0800518f   Thumb Code    28  netif.o(i.netif_set_up)
    ntohl                                    0x080051ab   Thumb Code     4  inet.o(i.ntohl)
    ntohs                                    0x080051af   Thumb Code     4  inet.o(i.ntohs)
    pbuf_alloc                               0x080051b3   Thumb Code   298  pbuf.o(i.pbuf_alloc)
    pbuf_cat                                 0x080052dd   Thumb Code    40  pbuf.o(i.pbuf_cat)
    pbuf_chain                               0x08005305   Thumb Code    20  pbuf.o(i.pbuf_chain)
    pbuf_clen                                0x08005319   Thumb Code    18  pbuf.o(i.pbuf_clen)
    pbuf_copy                                0x0800532b   Thumb Code   150  pbuf.o(i.pbuf_copy)
    pbuf_copy_partial                        0x080053c1   Thumb Code   108  pbuf.o(i.pbuf_copy_partial)
    pbuf_free                                0x0800542d   Thumb Code    82  pbuf.o(i.pbuf_free)
    pbuf_header                              0x0800547f   Thumb Code   104  pbuf.o(i.pbuf_header)
    pbuf_realloc                             0x080054e7   Thumb Code    78  pbuf.o(i.pbuf_realloc)
    pbuf_ref                                 0x08005535   Thumb Code    12  pbuf.o(i.pbuf_ref)
    raw_input                                0x08005595   Thumb Code    98  raw.o(i.raw_input)
    send_sensors                             0x080055fd   Thumb Code   116  netconf.o(i.send_sensors)
    tcpRecvCallback                          0x0800569d   Thumb Code   296  netconf.o(i.tcpRecvCallback)
    tcp_abandon                              0x08005845   Thumb Code   146  tcp.o(i.tcp_abandon)
    tcp_alloc                                0x080058dd   Thumb Code   152  tcp.o(i.tcp_alloc)
    tcp_arg                                  0x08005981   Thumb Code     4  tcp.o(i.tcp_arg)
    tcp_close                                0x08005985   Thumb Code   204  tcp.o(i.tcp_close)
    tcp_connect                              0x08005a55   Thumb Code   198  tcp.o(i.tcp_connect)
    tcp_eff_send_mss                         0x08005b21   Thumb Code    32  tcp.o(i.tcp_eff_send_mss)
    tcp_enqueue                              0x08005b41   Thumb Code   858  tcp_out.o(i.tcp_enqueue)
    tcp_fasttmr                              0x08005e9d   Thumb Code    86  tcp.o(i.tcp_fasttmr)
    tcp_input                                0x08005ef9   Thumb Code   810  tcp_in.o(i.tcp_input)
    tcp_keepalive                            0x08006239   Thumb Code    72  tcp_out.o(i.tcp_keepalive)
    tcp_new                                  0x080063e5   Thumb Code     6  tcp.o(i.tcp_new)
    tcp_next_iss                             0x08006449   Thumb Code    12  tcp.o(i.tcp_next_iss)
    tcp_output                               0x08006459   Thumb Code   418  tcp_out.o(i.tcp_output)
    tcp_pcb_purge                            0x080067b9   Thumb Code    48  tcp.o(i.tcp_pcb_purge)
    tcp_pcb_remove                           0x080067e9   Thumb Code    92  tcp.o(i.tcp_pcb_remove)
    tcp_recv                                 0x080070d1   Thumb Code     6  tcp.o(i.tcp_recv)
    tcp_recv_null                            0x080070d7   Thumb Code    38  tcp.o(i.tcp_recv_null)
    tcp_recved                               0x080070fd   Thumb Code    60  tcp.o(i.tcp_recved)
    tcp_rexmit                               0x08007139   Thumb Code    72  tcp_out.o(i.tcp_rexmit)
    tcp_rexmit_fast                          0x08007181   Thumb Code    96  tcp_out.o(i.tcp_rexmit_fast)
    tcp_rexmit_rto                           0x080071e1   Thumb Code    46  tcp_out.o(i.tcp_rexmit_rto)
    tcp_rst                                  0x0800720f   Thumb Code   158  tcp_out.o(i.tcp_rst)
    tcp_seg_free                             0x080072ad   Thumb Code    32  tcp.o(i.tcp_seg_free)
    tcp_segs_free                            0x080072cd   Thumb Code    26  tcp.o(i.tcp_segs_free)
    tcp_send_ctrl                            0x080072e7   Thumb Code    20  tcp_out.o(i.tcp_send_ctrl)
    tcp_send_empty_ack                       0x080072fb   Thumb Code    86  tcp_out.o(i.tcp_send_empty_ack)
    tcp_sent                                 0x08007351   Thumb Code     6  tcp.o(i.tcp_sent)
    tcp_slowtmr                              0x08007359   Thumb Code   550  tcp.o(i.tcp_slowtmr)
    tcp_tmr                                  0x08007605   Thumb Code    28  tcp.o(i.tcp_tmr)
    tcp_update_rcv_ann_wnd                   0x08007625   Thumb Code    54  tcp.o(i.tcp_update_rcv_ann_wnd)
    tcp_write                                0x0800765b   Thumb Code    46  tcp_out.o(i.tcp_write)
    tcp_zero_window_probe                    0x08007689   Thumb Code   160  tcp_out.o(i.tcp_zero_window_probe)
    tim_init                                 0x08007729   Thumb Code    30  timer.o(i.tim_init)
    udp_bind                                 0x0800774d   Thumb Code    94  udp.o(i.udp_bind)
    udp_connect                              0x080077b1   Thumb Code    74  udp.o(i.udp_connect)
    udp_input                                0x08007801   Thumb Code   408  udp.o(i.udp_input)
    udp_new                                  0x0800799d   Thumb Code    28  udp.o(i.udp_new)
    udp_recv                                 0x080079b9   Thumb Code     6  udp.o(i.udp_recv)
    udp_sendto                               0x080079bf   Thumb Code    40  udp.o(i.udp_sendto)
    udp_sendto_if                            0x080079e7   Thumb Code   182  udp.o(i.udp_sendto_if)
    update_sensors                           0x08007b45   Thumb Code   116  netconf.o(i.update_sensors)
    ASCII16x24_Table                         0x08007be4   Data        4560  stm32f4_evb_lcd.o(.constdata)
    ASCII12x12_Table                         0x08008db4   Data        2304  stm32f4_evb_lcd.o(.constdata)
    ASCII8x12_Table                          0x080096b4   Data        2304  stm32f4_evb_lcd.o(.constdata)
    tcp_persist_backoff                      0x08009fd8   Data           7  tcp.o(.constdata)
    tcp_backoff                              0x08009fdf   Data          13  tcp.o(.constdata)
    ip_addr_any                              0x08009fec   Data           4  ip_addr.o(.constdata)
    ip_addr_broadcast                        0x08009ff0   Data           4  ip_addr.o(.constdata)
    ethbroadcast                             0x08009ff4   Data           6  etharp.o(.constdata)
    ethzero                                  0x08009ffa   Data           6  etharp.o(.constdata)
    __ctype_table                            0x0800a00c   Data         129  ctype_o.o(.constdata)
    Region$$Table$$Base                      0x0800a158   Number         0  anon$$obj.o(Region$$Table)
    Region$$Table$$Limit                     0x0800a178   Number         0  anon$$obj.o(Region$$Table)
    LocalTime                                0x20000000   Data           4  main.o(.data)
    Soak_Drain_Time                          0x20000004   Data           4  main.o(.data)
    Soak_Drain                               0x20000008   Data           4  main.o(.data)
    Light_Period                             0x2000000c   Data           4  main.o(.data)
    Enter_Water                              0x20000010   Data           4  main.o(.data)
    soak_time_head                           0x20000014   Data           4  main.o(.data)
    soak_time_cur                            0x20000018   Data           4  main.o(.data)
    soak_time_prev                           0x2000001c   Data           4  main.o(.data)
    water_time_head                          0x20000020   Data           4  main.o(.data)
    water_time_cur                           0x20000024   Data           4  main.o(.data)
    water_time_prev                          0x20000028   Data           4  main.o(.data)
    light_time_head                          0x2000002c   Data           4  main.o(.data)
    light_time_cur                           0x20000030   Data           4  main.o(.data)
    light_time_prev                          0x20000034   Data           4  main.o(.data)
    RTC_TimeStruct                           0x2000003c   Data           4  main.o(.data)
    RTC_DateStruct                           0x20000040   Data           4  main.o(.data)
    soak_time_end_hour                       0x20000044   Data           4  main.o(.data)
    soak_time_end_min                        0x20000048   Data           4  main.o(.data)
    soak_time_end_epoch                      0x2000004c   Data           4  main.o(.data)
    water_start_day                          0x20000050   Data           4  main.o(.data)
    error                                    0x20000054   Data           1  netconf.o(.data)
    sent_count                               0x20000056   Data           2  netconf.o(.data)
    TCPTimer                                 0x20000058   Data           4  netconf.o(.data)
    ARPTimer                                 0x2000005c   Data           4  netconf.o(.data)
    UpdateTimer                              0x20000060   Data           4  netconf.o(.data)
    testpcb                                  0x20000064   Data           4  netconf.o(.data)
    server_ip                                0x20000068   Data           4  netconf.o(.data)
    EthLinkStatus                            0x2000006c   Data           1  stm32f4x7_eth_bsp.o(.data)
    EthInitStatus                            0x20000070   Data           4  stm32f4x7_eth_bsp.o(.data)
    Font16x24                                0x20000080   Data           8  stm32f4_evb_lcd.o(.data)
    Font12x12                                0x20000088   Data           8  stm32f4_evb_lcd.o(.data)
    Font8x12                                 0x20000090   Data           8  stm32f4_evb_lcd.o(.data)
    DMATxDescToSet                           0x200000a8   Data           4  stm32f4x7_eth.o(.data)
    DMARxDescToGet                           0x200000ac   Data           4  stm32f4x7_eth.o(.data)
    DMA_RX_FRAME_infos                       0x200000b0   Data           4  stm32f4x7_eth.o(.data)
    LCD_CacheBuffer_yptr_invert              0x200000b4   Data           1  lcd_log.o(.data)
    LCD_ScrollActive                         0x200000b5   Data           1  lcd_log.o(.data)
    LCD_Lock                                 0x200000b6   Data           1  lcd_log.o(.data)
    LCD_Scrolled                             0x200000b7   Data           1  lcd_log.o(.data)
    LCD_LineColor                            0x200000b8   Data           2  lcd_log.o(.data)
    LCD_CacheBuffer_xptr                     0x200000ba   Data           2  lcd_log.o(.data)
    LCD_CacheBuffer_yptr_top                 0x200000bc   Data           2  lcd_log.o(.data)
    LCD_CacheBuffer_yptr_bottom              0x200000be   Data           2  lcd_log.o(.data)
    LCD_CacheBuffer_yptr_top_bak             0x200000c0   Data           2  lcd_log.o(.data)
    LCD_CacheBuffer_yptr_bottom_bak          0x200000c2   Data           2  lcd_log.o(.data)
    LCD_ScrollBackStep                       0x200000c4   Data           2  lcd_log.o(.data)
    netif_list                               0x200000f0   Data           4  netif.o(.data)
    netif_default                            0x200000f4   Data           4  netif.o(.data)
    tcp_ticks                                0x20000104   Data           4  tcp.o(.data)
    tcp_bound_pcbs                           0x20000108   Data           4  tcp.o(.data)
    tcp_listen_pcbs                          0x2000010c   Data           4  tcp.o(.data)
    tcp_active_pcbs                          0x20000110   Data           4  tcp.o(.data)
    tcp_tw_pcbs                              0x20000114   Data           4  tcp.o(.data)
    tcp_tmp_pcb                              0x20000118   Data           4  tcp.o(.data)
    tcp_state_str                            0x2000011c   Data          44  tcp.o(.data)
    tcp_input_pcb                            0x20000160   Data           4  tcp_in.o(.data)
    udp_pcbs                                 0x20000164   Data           4  udp.o(.data)
    current_netif                            0x2000016c   Data           4  ip.o(.data)
    current_header                           0x20000170   Data           4  ip.o(.data)
    __microlib_freelist                      0x20000184   Data           4  mvars.o(.data)
    __microlib_freelist_initialised          0x20000188   Data           4  mvars.o(.data)
    init_time                                0x20000190   Data          24  main.o(.bss)
    Internet_Str                             0x200001a8   Data          28  main.o(.bss)
    netif                                    0x200001c4   Data          56  netconf.o(.bss)
    data                                     0x200001fc   Data          28  netconf.o(.bss)
    DMARxDscrTab                             0x20000218   Data         160  stm32f4x7_eth.o(.bss)
    DMATxDscrTab                             0x200002b8   Data         160  stm32f4x7_eth.o(.bss)
    Rx_Buff                                  0x20000358   Data        7620  stm32f4x7_eth.o(.bss)
    Tx_Buff                                  0x2000211c   Data        7620  stm32f4x7_eth.o(.bss)
    RX_Frame_Descriptor                      0x20003ee0   Data          12  stm32f4x7_eth.o(.bss)
    __heap_base                              0x2000c1d8   Data           0  startup_stm32f40xx.o(HEAP)
    __heap_limit                             0x2000c3d8   Data           0  startup_stm32f40xx.o(HEAP)
    __initial_sp                             0x2000c7d8   Data           0  startup_stm32f40xx.o(STACK)



==============================================================================

Memory Map of the image

  Image Entry point : 0x08000189

  Load Region LR_IROM1 (Base: 0x08000000, Size: 0x0000a308, Max: 0x00100000, ABSOLUTE, COMPRESSED[0x0000a1d4])

    Execution Region ER_IROM1 (Base: 0x08000000, Size: 0x0000a178, Max: 0x00100000, ABSOLUTE)

    Base Addr    Size         Type   Attr      Idx    E Section Name        Object

    0x08000000   0x00000188   Data   RO         5995    RESET               startup_stm32f40xx.o
    0x08000188   0x00000000   Code   RO         7719  * .ARM.Collect$$$$00000000  mc_w.l(entry.o)
    0x08000188   0x00000004   Code   RO         8051    .ARM.Collect$$$$00000001  mc_w.l(entry2.o)
    0x0800018c   0x00000004   Code   RO         8054    .ARM.Collect$$$$00000004  mc_w.l(entry5.o)
    0x08000190   0x00000000   Code   RO         8056    .ARM.Collect$$$$00000008  mc_w.l(entry7b.o)
    0x08000190   0x00000000   Code   RO         8058    .ARM.Collect$$$$0000000A  mc_w.l(entry8b.o)
    0x08000190   0x00000008   Code   RO         8059    .ARM.Collect$$$$0000000B  mc_w.l(entry9a.o)
    0x08000198   0x00000000   Code   RO         8061    .ARM.Collect$$$$0000000D  mc_w.l(entry10a.o)
    0x08000198   0x00000000   Code   RO         8063    .ARM.Collect$$$$0000000F  mc_w.l(entry11a.o)
    0x08000198   0x00000004   Code   RO         8052    .ARM.Collect$$$$00002712  mc_w.l(entry2.o)
    0x0800019c   0x00000024   Code   RO         5996    .text               startup_stm32f40xx.o
    0x080001c0   0x00000094   Code   RO         7722    .text               mc_w.l(localtime.o)
    0x08000254   0x00000024   Code   RO         7726    .text               mc_w.l(memcpya.o)
    0x08000278   0x00000024   Code   RO         7728    .text               mc_w.l(memseta.o)
    0x0800029c   0x00000024   Code   RO         7730    .text               mc_w.l(strstr.o)
    0x080002c0   0x0000000e   Code   RO         7732    .text               mc_w.l(strlen.o)
    0x080002ce   0x0000001c   Code   RO         7734    .text               mc_w.l(strcmp.o)
    0x080002ea   0x0000001a   Code   RO         7736    .text               mc_w.l(memcmp.o)
    0x08000304   0x00000012   Code   RO         7738    .text               mc_w.l(strcpy.o)
    0x08000316   0x0000001e   Code   RO         7740    .text               mc_w.l(strncmp.o)
    0x08000334   0x00000044   Code   RO         7742    .text               mc_w.l(strtok.o)
    0x08000378   0x00000022   Code   RO         7748    .text               mc_w.l(strcspn.o)
    0x0800039a   0x0000001a   Code   RO         8041    .text               mc_w.l(atoi.o)
    0x080003b4   0x0000002c   Code   RO         8066    .text               mc_w.l(uidiv.o)
    0x080003e0   0x00000070   Code   RO         8079    .text               mc_w.l(strtol.o)
    0x08000450   0x00000024   Code   RO         8092    .text               mc_w.l(init.o)
    0x08000474   0x00000008   Code   RO         8100    .text               mc_w.l(ctype_o.o)
    0x0800047c   0x0000009e   Code   RO         8128    .text               mc_w.l(_strtoul.o)
    0x0800051a   0x0000001c   Code   RO         8130    .text               mc_w.l(_chval.o)
    0x08000536   0x00000056   Code   RO         8140    .text               mc_w.l(__dczerorl2.o)
    0x0800058c   0x00000002   Code   RO          342    i.BusFault_Handler  stm32f4xx_it.o
    0x0800058e   0x00000018   Code   RO         2083    i.DMA_Cmd           stm32f4xx_dma.o
    0x080005a6   0x00000002   PAD
    0x080005a8   0x000000c0   Code   RO          725    i.DMA_Config        stm32f4_evb_lcd.o
    0x08000668   0x0000012c   Code   RO         2084    i.DMA_DeInit        stm32f4xx_dma.o
    0x08000794   0x0000000e   Code   RO         2088    i.DMA_GetCmdStatus  stm32f4xx_dma.o
    0x080007a2   0x00000002   PAD
    0x080007a4   0x00000054   Code   RO         2095    i.DMA_Init          stm32f4xx_dma.o
    0x080007f8   0x0000002c   Code   RO          447    i.DNS_Init          netconf.o
    0x08000824   0x00000002   Code   RO          343    i.DebugMon_Handler  stm32f4xx_it.o
    0x08000826   0x00000002   PAD
    0x08000828   0x00000078   Code   RO          568    i.ETH_BSP_Config    stm32f4x7_eth_bsp.o
    0x080008a0   0x00000068   Code   RO         5360    i.ETH_CheckFrameReceived  stm32f4x7_eth.o
    0x08000908   0x00000020   Code   RO         5364    i.ETH_DMAReceptionCmd  stm32f4x7_eth.o
    0x08000928   0x0000005c   Code   RO         5365    i.ETH_DMARxDescChainInit  stm32f4x7_eth.o
    0x08000984   0x00000020   Code   RO         5367    i.ETH_DMATransmissionCmd  stm32f4x7_eth.o
    0x080009a4   0x00000048   Code   RO         5370    i.ETH_DMATxDescChainInit  stm32f4x7_eth.o
    0x080009ec   0x00000008   Code   RO         5371    i.ETH_DMATxDescChecksumInsertionConfig  stm32f4x7_eth.o
    0x080009f4   0x00000018   Code   RO         5376    i.ETH_DeInit        stm32f4x7_eth.o
    0x08000a0c   0x00000018   Code   RO         5377    i.ETH_Delay         stm32f4x7_eth.o
    0x08000a24   0x00000010   Code   RO         5379    i.ETH_FlushTransmitFIFO  stm32f4x7_eth.o
    0x08000a34   0x00000160   Code   RO          569    i.ETH_GPIO_Config   stm32f4x7_eth_bsp.o
    0x08000b94   0x00000014   Code   RO         5405    i.ETH_GetSoftwareResetStatus  stm32f4x7_eth.o
    0x08000ba8   0x0000003c   Code   RO         5407    i.ETH_Get_Received_Frame  stm32f4x7_eth.o
    0x08000be4   0x00000254   Code   RO         5410    i.ETH_Init          stm32f4x7_eth.o
    0x08000e38   0x0000002c   Code   RO         5412    i.ETH_MACAddressConfig  stm32f4x7_eth.o
    0x08000e64   0x00000078   Code   RO          570    i.ETH_MACDMA_Config  stm32f4x7_eth_bsp.o
    0x08000edc   0x00000020   Code   RO         5417    i.ETH_MACReceptionCmd  stm32f4x7_eth.o
    0x08000efc   0x00000020   Code   RO         5418    i.ETH_MACTransmissionCmd  stm32f4x7_eth.o
    0x08000f1c   0x000000b0   Code   RO         5429    i.ETH_Prepare_Transmit_Descriptors  stm32f4x7_eth.o
    0x08000fcc   0x00000058   Code   RO         5430    i.ETH_ReadPHYRegister  stm32f4x7_eth.o
    0x08001024   0x00000010   Code   RO         5438    i.ETH_SoftwareReset  stm32f4x7_eth.o
    0x08001034   0x00000022   Code   RO         5439    i.ETH_Start         stm32f4x7_eth.o
    0x08001056   0x0000009a   Code   RO         5440    i.ETH_StructInit    stm32f4x7_eth.o
    0x080010f0   0x00000058   Code   RO         5442    i.ETH_WritePHYRegister  stm32f4x7_eth.o
    0x08001148   0x00000034   Code   RO          344    i.EXTI15_10_IRQHandler  stm32f4xx_it.o
    0x0800117c   0x00000002   Code   RO          345    i.EXTI2_IRQHandler  stm32f4xx_it.o
    0x0800117e   0x00000002   PAD
    0x08001180   0x0000000c   Code   RO         2214    i.EXTI_ClearITPendingBit  stm32f4xx_exti.o
    0x0800118c   0x00000014   Code   RO         2218    i.EXTI_GetITStatus  stm32f4xx_exti.o
    0x080011a0   0x00000002   Code   RO            5    i.Epoch_Converter   main.o
    0x080011a2   0x00000002   PAD
    0x080011a4   0x000000c8   Code   RO          572    i.Eth_Link_ITHandler  stm32f4x7_eth_bsp.o
    0x0800126c   0x0000003c   Code   RO          573    i.Eth_Link_PHYITConfig  stm32f4x7_eth_bsp.o
    0x080012a8   0x00000024   Code   RO         2548    i.FSMC_NORSRAMCmd   stm32f4xx_fsmc.o
    0x080012cc   0x000000ca   Code   RO         2550    i.FSMC_NORSRAMInit  stm32f4xx_fsmc.o
    0x08001396   0x0000007c   Code   RO         2670    i.GPIO_Init         stm32f4xx_gpio.o
    0x08001412   0x00000020   Code   RO         2671    i.GPIO_PinAFConfig  stm32f4xx_gpio.o
    0x08001432   0x0000000e   Code   RO         2674    i.GPIO_ReadInputDataBit  stm32f4xx_gpio.o
    0x08001440   0x00000004   Code   RO         2677    i.GPIO_ResetBits    stm32f4xx_gpio.o
    0x08001444   0x00000004   Code   RO         2678    i.GPIO_SetBits      stm32f4xx_gpio.o
    0x08001448   0x0000000c   Code   RO         2682    i.GPIO_WriteBit     stm32f4xx_gpio.o
    0x08001454   0x00000002   Code   RO          346    i.HardFault_Handler  stm32f4xx_it.o
    0x08001456   0x00000002   PAD
    0x08001458   0x00000040   Code   RO          726    i.LCD_Blending      stm32f4_evb_lcd.o
    0x08001498   0x00000020   Code   RO          727    i.LCD_Clear         stm32f4_evb_lcd.o
    0x080014b8   0x00000068   Code   RO          728    i.LCD_ClearLine     stm32f4_evb_lcd.o
    0x08001520   0x00000134   Code   RO          732    i.LCD_CtrlLinesConfig  stm32f4_evb_lcd.o
    0x08001654   0x00000028   Code   RO          734    i.LCD_DisplayChar   stm32f4_evb_lcd.o
    0x0800167c   0x00000038   Code   RO          737    i.LCD_DisplayStringLine  stm32f4_evb_lcd.o
    0x080016b4   0x0000009c   Code   RO          738    i.LCD_DrawChar      stm32f4_evb_lcd.o
    0x08001750   0x00000058   Code   RO          746    i.LCD_FSMCConfig    stm32f4_evb_lcd.o
    0x080017a8   0x0000000c   Code   RO          749    i.LCD_GetFont       stm32f4_evb_lcd.o
    0x080017b4   0x000000a8   Code   RO          750    i.LCD_Init          stm32f4_evb_lcd.o
    0x0800185c   0x00000028   Code   RO         5931    i.LCD_LOG_DeInit    lcd_log.o
    0x08001884   0x00000010   Code   RO         5932    i.LCD_LOG_Init      lcd_log.o
    0x08001894   0x00000034   Code   RO         5933    i.LCD_LOG_SetFooter  lcd_log.o
    0x080018c8   0x000000a8   Code   RO         5934    i.LCD_LOG_SetHeader  lcd_log.o
    0x08001970   0x00000010   Code   RO          756    i.LCD_SetBackColor  stm32f4_evb_lcd.o
    0x08001980   0x0000000c   Code   RO          760    i.LCD_SetFont       stm32f4_evb_lcd.o
    0x0800198c   0x00000010   Code   RO          761    i.LCD_SetTextColor  stm32f4_evb_lcd.o
    0x0800199c   0x0000000c   Code   RO         7680    i.LED_Off           motor_led_control.o
    0x080019a8   0x00000030   Code   RO         7681    i.LED_On            motor_led_control.o
    0x080019d8   0x00000050   Code   RO            6    i.Light             main.o
    0x08001a28   0x000000fc   Code   RO            7    i.Light_Str_Processing  main.o
    0x08001b24   0x000000cc   Code   RO          448    i.LwIP_Init         netconf.o
    0x08001bf0   0x00000050   Code   RO          449    i.LwIP_Periodic_Handle  netconf.o
    0x08001c40   0x0000000c   Code   RO          450    i.LwIP_Pkt_Handle   netconf.o
    0x08001c4c   0x00000002   Code   RO          347    i.MemManage_Handler  stm32f4xx_it.o
    0x08001c4e   0x00000002   PAD
    0x08001c50   0x00000010   Code   RO         7682    i.Motor_Off         motor_led_control.o
    0x08001c60   0x00000038   Code   RO         7683    i.Motor_On          motor_led_control.o
    0x08001c98   0x00000002   Code   RO          348    i.NMI_Handler       stm32f4xx_it.o
    0x08001c9a   0x00000002   PAD
    0x08001c9c   0x00000288   Code   RO         1014    i.PSRAM_Init        stm32f4_evb_fsmc_psram.o
    0x08001f24   0x0000000c   Code   RO         3239    i.PWR_BackupAccessCmd  stm32f4xx_pwr.o
    0x08001f30   0x00000002   Code   RO          349    i.PendSV_Handler    stm32f4xx_it.o
    0x08001f32   0x00000002   PAD
    0x08001f34   0x0000001c   Code   RO         3353    i.RCC_AHB1PeriphClockCmd  stm32f4xx_rcc.o
    0x08001f50   0x0000001c   Code   RO         3355    i.RCC_AHB1PeriphResetCmd  stm32f4xx_rcc.o
    0x08001f6c   0x0000001c   Code   RO         3356    i.RCC_AHB2PeriphClockCmd  stm32f4xx_rcc.o
    0x08001f88   0x0000001c   Code   RO         3359    i.RCC_AHB3PeriphClockCmd  stm32f4xx_rcc.o
    0x08001fa4   0x0000001c   Code   RO         3362    i.RCC_APB1PeriphClockCmd  stm32f4xx_rcc.o
    0x08001fc0   0x0000001c   Code   RO         3365    i.RCC_APB2PeriphClockCmd  stm32f4xx_rcc.o
    0x08001fdc   0x000000a4   Code   RO         3374    i.RCC_GetClocksFreq  stm32f4xx_rcc.o
    0x08002080   0x00000038   Code   RO         3375    i.RCC_GetFlagStatus  stm32f4xx_rcc.o
    0x080020b8   0x0000000c   Code   RO         3384    i.RCC_LSICmd        stm32f4xx_rcc.o
    0x080020c4   0x00000014   Code   RO         3386    i.RCC_MCO1Config    stm32f4xx_rcc.o
    0x080020d8   0x0000000c   Code   RO         3396    i.RCC_RTCCLKCmd     stm32f4xx_rcc.o
    0x080020e4   0x00000030   Code   RO         3397    i.RCC_RTCCLKConfig  stm32f4xx_rcc.o
    0x08002114   0x00000020   Code   RO         3687    i.RNG_Cmd           stm32f4xx_rng.o
    0x08002134   0x00000012   Code   RO         3754    i.RTC_Bcd2ToByte    stm32f4xx_rtc.o
    0x08002146   0x00000018   Code   RO         3756    i.RTC_ByteToBcd2    stm32f4xx_rtc.o
    0x0800215e   0x00000046   Code   RO            8    i.RTC_Config        main.o
    0x080021a4   0x00000044   Code   RO         3766    i.RTC_EnterInitMode  stm32f4xx_rtc.o
    0x080021e8   0x00000010   Code   RO         3767    i.RTC_ExitInitMode  stm32f4xx_rtc.o
    0x080021f8   0x00000048   Code   RO         3770    i.RTC_GetDate       stm32f4xx_rtc.o
    0x08002240   0x0000004c   Code   RO         3775    i.RTC_GetTime       stm32f4xx_rtc.o
    0x0800228c   0x00000050   Code   RO         3780    i.RTC_Init          stm32f4xx_rtc.o
    0x080022dc   0x000000a4   Code   RO         3786    i.RTC_SetDate       stm32f4xx_rtc.o
    0x08002380   0x000000a8   Code   RO         3787    i.RTC_SetTime       stm32f4xx_rtc.o
    0x08002428   0x0000004c   Code   RO         3803    i.RTC_WaitForSynchro  stm32f4xx_rtc.o
    0x08002474   0x00000002   Code   RO          350    i.SVC_Handler       stm32f4xx_it.o
    0x08002476   0x00000002   PAD
    0x08002478   0x0000000c   Code   RO         4477    i.SYSCFG_ETH_MediaInterfaceConfig  stm32f4xx_syscfg.o
    0x08002484   0x000000dc   Code   RO         5889    i.SetSysClock       system_stm32f4xx.o
    0x08002560   0x00000030   Code   RO            9    i.Sever_Time_Str_Processing  main.o
    0x08002590   0x00000088   Code   RO           10    i.Soak              main.o
    0x08002618   0x000000ec   Code   RO           11    i.Soak_Str_Processing  main.o
    0x08002704   0x00000068   Code   RO           12    i.Str_Split         main.o
    0x0800276c   0x0000000e   Code   RO          351    i.SysTick_Handler   stm32f4xx_it.o
    0x0800277a   0x00000002   PAD
    0x0800277c   0x0000005c   Code   RO         5891    i.SystemInit        system_stm32f4xx.o
    0x080027d8   0x00000030   Code   RO           13    i.Time_Date_Setting  main.o
    0x08002808   0x00000010   Code   RO           14    i.Time_Update       main.o
    0x08002818   0x00000014   Code   RO           15    i.TimingDelay_Decrement  main.o
    0x0800282c   0x00000002   Code   RO          352    i.USART1_IRQHandler  stm32f4xx_it.o
    0x0800282e   0x00000002   Code   RO          353    i.UsageFault_Handler  stm32f4xx_it.o
    0x08002830   0x00000060   Code   RO           16    i.Water             main.o
    0x08002890   0x000001ac   Code   RO           17    i.Water_Str_Processing  main.o
    0x08002a3c   0x00000028   Code   RO         7843    i.__0sprintf$3      mc_w.l(printf3.o)
    0x08002a64   0x00000008   Code   RO         8072    i.__aeabi_errno_addr  mc_w.l(errno.o)
    0x08002a6c   0x0000000e   Code   RO         8134    i.__scatterload_copy  mc_w.l(handlers.o)
    0x08002a7a   0x00000002   Code   RO         8135    i.__scatterload_null  mc_w.l(handlers.o)
    0x08002a7c   0x0000000e   Code   RO         8136    i.__scatterload_zeroinit  mc_w.l(handlers.o)
    0x08002a8a   0x00000002   PAD
    0x08002a8c   0x000001b8   Code   RO         7848    i._printf_core      mc_w.l(printf3.o)
    0x08002c44   0x0000000a   Code   RO         7850    i._sputc            mc_w.l(printf3.o)
    0x08002c4e   0x00000002   PAD
    0x08002c50   0x00000028   Code   RO         7114    i.autoip_arp_announce  autoip.o
    0x08002c78   0x0000008c   Code   RO         7116    i.autoip_arp_reply  autoip.o
    0x08002d04   0x00000050   Code   RO         7118    i.autoip_create_addr  autoip.o
    0x08002d54   0x00000024   Code   RO         7119    i.autoip_handle_arp_conflict  autoip.o
    0x08002d78   0x00000060   Code   RO         7122    i.autoip_start      autoip.o
    0x08002dd8   0x0000004a   Code   RO         7123    i.autoip_start_probing  autoip.o
    0x08002e22   0x00000002   PAD
    0x08002e24   0x000000c0   Code   RO          451    i.connectCallback   netconf.o
    0x08002ee4   0x00000026   Code   RO          452    i.connect_close     netconf.o
    0x08002f0a   0x00000002   PAD
    0x08002f0c   0x00000020   Code   RO          767    i.delay             stm32f4_evb_lcd.o
    0x08002f2c   0x0000000e   Code   RO         7650    i.delay_us          timer.o
    0x08002f3a   0x0000001e   Code   RO         6051    i.dhcp_arp_reply    dhcp.o
    0x08002f58   0x00000104   Code   RO         6055    i.dhcp_create_request  dhcp.o
    0x0800305c   0x00000088   Code   RO         6056    i.dhcp_decline      dhcp.o
    0x080030e4   0x0000001c   Code   RO         6057    i.dhcp_delete_request  dhcp.o
    0x08003100   0x0000001c   Code   RO         6069    i.dhcp_option       dhcp.o
    0x0800311c   0x0000000e   Code   RO         6070    i.dhcp_option_byte  dhcp.o
    0x0800312a   0x0000003a   Code   RO         6071    i.dhcp_option_long  dhcp.o
    0x08003164   0x0000002c   Code   RO         6073    i.dhcp_option_trailer  dhcp.o
    0x08003190   0x0000000e   Code   RO         6080    i.dhcp_set_state    dhcp.o
    0x0800319e   0x00000002   PAD
    0x080031a0   0x00000140   Code   RO         7572    i.dht11_read        dht11.o
    0x080032e0   0x000000bc   Code   RO         6262    i.dns_check_entry   dns.o
    0x0800339c   0x00000034   Code   RO         6263    i.dns_compare_name  dns.o
    0x080033d0   0x00000098   Code   RO         6264    i.dns_enqueue       dns.o
    0x08003468   0x0000005c   Code   RO         6265    i.dns_gethostbyname  dns.o
    0x080034c4   0x00000054   Code   RO         6267    i.dns_init          dns.o
    0x08003518   0x0000004c   Code   RO         6268    i.dns_lookup        dns.o
    0x08003564   0x00000022   Code   RO         6269    i.dns_parse_name    dns.o
    0x08003586   0x00000002   PAD
    0x08003588   0x00000138   Code   RO         6270    i.dns_recv          dns.o
    0x080036c0   0x000000c4   Code   RO         6271    i.dns_send          dns.o
    0x08003784   0x00000028   Code   RO         6272    i.dns_setserver     dns.o
    0x080037ac   0x00000088   Code   RO          453    i.domainFound       netconf.o
    0x08003834   0x0000012c   Code   RO         7420    i.etharp_arp_input  etharp.o
    0x08003960   0x0000002a   Code   RO         7422    i.etharp_ip_input   etharp.o
    0x0800398a   0x00000002   PAD
    0x0800398c   0x000000b8   Code   RO         7423    i.etharp_output     etharp.o
    0x08003a44   0x0000011c   Code   RO         7424    i.etharp_query      etharp.o
    0x08003b60   0x000000b8   Code   RO         7425    i.etharp_raw        etharp.o
    0x08003c18   0x00000024   Code   RO         7426    i.etharp_request    etharp.o
    0x08003c3c   0x00000034   Code   RO         7427    i.etharp_send_ip    etharp.o
    0x08003c70   0x00000050   Code   RO         7428    i.etharp_tmr        etharp.o
    0x08003cc0   0x0000005a   Code   RO         7429    i.ethernet_input    etharp.o
    0x08003d1a   0x00000002   PAD
    0x08003d1c   0x00000028   Code   RO         7526    i.ethernetif_init   ethernetif.o
    0x08003d44   0x0000002a   Code   RO         7527    i.ethernetif_input  ethernetif.o
    0x08003d6e   0x00000002   PAD
    0x08003d70   0x0000013c   Code   RO         7430    i.find_entry        etharp.o
    0x08003eac   0x0000001e   Code   RO         7431    i.free_etharp_q     etharp.o
    0x08003eca   0x00000006   Code   RO         7596    i.gpio_clr          gpio.o
    0x08003ed0   0x00000004   Code   RO         7597    i.gpio_get_input    gpio.o
    0x08003ed4   0x00000014   Code   RO         7599    i.gpio_in_cfg       gpio.o
    0x08003ee8   0x00000020   Code   RO         7600    i.gpio_out_cfg      gpio.o
    0x08003f08   0x00000006   Code   RO         7601    i.gpio_set          gpio.o
    0x08003f0e   0x00000018   Code   RO         7221    i.htonl             inet.o
    0x08003f26   0x0000000a   Code   RO         7222    i.htons             inet.o
    0x08003f30   0x00000008   Code   RO         7186    i.icmp_dest_unreach  icmp.o
    0x08003f38   0x00000144   Code   RO         7187    i.icmp_input        icmp.o
    0x0800407c   0x00000068   Code   RO         7188    i.icmp_send_response  icmp.o
    0x080040e4   0x00000008   Code   RO         7189    i.icmp_time_exceeded  icmp.o
    0x080040ec   0x00000014   Code   RO         7223    i.inet_addr         inet.o
    0x08004100   0x00000114   Code   RO         7224    i.inet_aton         inet.o
    0x08004214   0x0000000c   Code   RO         7270    i.inet_chksum       inet_chksum.o
    0x08004220   0x00000048   Code   RO         7271    i.inet_chksum_pbuf  inet_chksum.o
    0x08004268   0x0000003e   Code   RO         7345    i.ip_addr_isbroadcast  ip_addr.o
    0x080042a6   0x00000002   PAD
    0x080042a8   0x0000013c   Code   RO         7368    i.ip_frag           ip_frag.o
    0x080043e4   0x000001bc   Code   RO         7306    i.ip_input          ip.o
    0x080045a0   0x00000034   Code   RO         7307    i.ip_output         ip.o
    0x080045d4   0x000000d8   Code   RO         7308    i.ip_output_if      ip.o
    0x080046ac   0x0000017c   Code   RO         7369    i.ip_reass          ip_frag.o
    0x08004828   0x000000f8   Code   RO         7370    i.ip_reass_chain_frag_into_datagram_and_validate  ip_frag.o
    0x08004920   0x00000024   Code   RO         7371    i.ip_reass_dequeue_datagram  ip_frag.o
    0x08004944   0x00000054   Code   RO         7372    i.ip_reass_enqueue_new_datagram  ip_frag.o
    0x08004998   0x00000070   Code   RO         7373    i.ip_reass_free_complete_datagram  ip_frag.o
    0x08004a08   0x00000074   Code   RO         7374    i.ip_reass_remove_oldest_datagram  ip_frag.o
    0x08004a7c   0x00000048   Code   RO         7309    i.ip_route          ip.o
    0x08004ac4   0x00000074   Code   RO         7528    i.low_level_init    ethernetif.o
    0x08004b38   0x00000088   Code   RO         7529    i.low_level_input   ethernetif.o
    0x08004bc0   0x00000030   Code   RO         7530    i.low_level_output  ethernetif.o
    0x08004bf0   0x0000003a   Code   RO         7273    i.lwip_standard_chksum  inet_chksum.o
    0x08004c2a   0x00000002   PAD
    0x08004c2c   0x00000168   Code   RO           18    i.main              main.o
    0x08004d94   0x0000006c   Code   RO         8014    i.malloc            mc_w.l(malloc.o)
    0x08004e00   0x0000002c   Code   RO         6382    i.mem_free          mem.o
    0x08004e2c   0x00000034   Code   RO         6383    i.mem_init          mem.o
    0x08004e60   0x000000b8   Code   RO         6384    i.mem_malloc        mem.o
    0x08004f18   0x000000cc   Code   RO         6385    i.mem_realloc       mem.o
    0x08004fe4   0x00000018   Code   RO         6425    i.memp_free         memp.o
    0x08004ffc   0x00000058   Code   RO         6426    i.memp_init         memp.o
    0x08005054   0x00000020   Code   RO         6427    i.memp_malloc       memp.o
    0x08005074   0x0000004c   Code   RO         6467    i.netif_add         netif.o
    0x080050c0   0x0000000a   Code   RO         6469    i.netif_is_up       netif.o
    0x080050ca   0x00000022   Code   RO         6471    i.netif_set_addr    netif.o
    0x080050ec   0x0000000c   Code   RO         6472    i.netif_set_default  netif.o
    0x080050f8   0x00000012   Code   RO         6473    i.netif_set_down    netif.o
    0x0800510a   0x0000000e   Code   RO         6474    i.netif_set_gw      netif.o
    0x08005118   0x00000068   Code   RO         6475    i.netif_set_ipaddr  netif.o
    0x08005180   0x0000000e   Code   RO         6476    i.netif_set_netmask  netif.o
    0x0800518e   0x0000001c   Code   RO         6477    i.netif_set_up      netif.o
    0x080051aa   0x00000004   Code   RO         7226    i.ntohl             inet.o
    0x080051ae   0x00000004   Code   RO         7227    i.ntohs             inet.o
    0x080051b2   0x0000012a   Code   RO         6549    i.pbuf_alloc        pbuf.o
    0x080052dc   0x00000028   Code   RO         6550    i.pbuf_cat          pbuf.o
    0x08005304   0x00000014   Code   RO         6551    i.pbuf_chain        pbuf.o
    0x08005318   0x00000012   Code   RO         6552    i.pbuf_clen         pbuf.o
    0x0800532a   0x00000096   Code   RO         6554    i.pbuf_copy         pbuf.o
    0x080053c0   0x0000006c   Code   RO         6555    i.pbuf_copy_partial  pbuf.o
    0x0800542c   0x00000052   Code   RO         6557    i.pbuf_free         pbuf.o
    0x0800547e   0x00000068   Code   RO         6558    i.pbuf_header       pbuf.o
    0x080054e6   0x0000004e   Code   RO         6559    i.pbuf_realloc      pbuf.o
    0x08005534   0x0000000c   Code   RO         6560    i.pbuf_ref          pbuf.o
    0x08005540   0x00000054   Code   RO         6386    i.plug_holes        mem.o
    0x08005594   0x00000068   Code   RO         6638    i.raw_input         raw.o
    0x080055fc   0x000000a0   Code   RO          454    i.send_sensors      netconf.o
    0x0800569c   0x000001a8   Code   RO          455    i.tcpRecvCallback   netconf.o
    0x08005844   0x00000098   Code   RO         6704    i.tcp_abandon       tcp.o
    0x080058dc   0x000000a4   Code   RO         6707    i.tcp_alloc         tcp.o
    0x08005980   0x00000004   Code   RO         6708    i.tcp_arg           tcp.o
    0x08005984   0x000000d0   Code   RO         6710    i.tcp_close         tcp.o
    0x08005a54   0x000000cc   Code   RO         6711    i.tcp_connect       tcp.o
    0x08005b20   0x00000020   Code   RO         6713    i.tcp_eff_send_mss  tcp.o
    0x08005b40   0x0000035a   Code   RO         6949    i.tcp_enqueue       tcp_out.o
    0x08005e9a   0x00000002   PAD
    0x08005e9c   0x0000005c   Code   RO         6715    i.tcp_fasttmr       tcp.o
    0x08005ef8   0x00000340   Code   RO         6901    i.tcp_input         tcp_in.o
    0x08006238   0x00000048   Code   RO         6950    i.tcp_keepalive     tcp_out.o
    0x08006280   0x00000044   Code   RO         6716    i.tcp_kill_prio     tcp.o
    0x080062c4   0x00000034   Code   RO         6717    i.tcp_kill_timewait  tcp.o
    0x080062f8   0x000000ec   Code   RO         6902    i.tcp_listen_input  tcp_in.o
    0x080063e4   0x00000006   Code   RO         6719    i.tcp_new           tcp.o
    0x080063ea   0x00000002   PAD
    0x080063ec   0x0000005c   Code   RO         6720    i.tcp_new_port      tcp.o
    0x08006448   0x00000010   Code   RO         6721    i.tcp_next_iss      tcp.o
    0x08006458   0x000001a8   Code   RO         6951    i.tcp_output        tcp_out.o
    0x08006600   0x000000b4   Code   RO         6952    i.tcp_output_segment  tcp_out.o
    0x080066b4   0x0000007c   Code   RO         6953    i.tcp_output_set_header  tcp_out.o
    0x08006730   0x00000088   Code   RO         6903    i.tcp_parseopt      tcp_in.o
    0x080067b8   0x00000030   Code   RO         6722    i.tcp_pcb_purge     tcp.o
    0x080067e8   0x00000060   Code   RO         6723    i.tcp_pcb_remove    tcp.o
    0x08006848   0x00000420   Code   RO         6904    i.tcp_process       tcp_in.o
    0x08006c68   0x00000468   Code   RO         6905    i.tcp_receive       tcp_in.o
    0x080070d0   0x00000006   Code   RO         6725    i.tcp_recv          tcp.o
    0x080070d6   0x00000026   Code   RO         6726    i.tcp_recv_null     tcp.o
    0x080070fc   0x0000003c   Code   RO         6727    i.tcp_recved        tcp.o
    0x08007138   0x00000048   Code   RO         6954    i.tcp_rexmit        tcp_out.o
    0x08007180   0x00000060   Code   RO         6955    i.tcp_rexmit_fast   tcp_out.o
    0x080071e0   0x0000002e   Code   RO         6956    i.tcp_rexmit_rto    tcp_out.o
    0x0800720e   0x0000009e   Code   RO         6957    i.tcp_rst           tcp_out.o
    0x080072ac   0x00000020   Code   RO         6728    i.tcp_seg_free      tcp.o
    0x080072cc   0x0000001a   Code   RO         6729    i.tcp_segs_free     tcp.o
    0x080072e6   0x00000014   Code   RO         6958    i.tcp_send_ctrl     tcp_out.o
    0x080072fa   0x00000056   Code   RO         6959    i.tcp_send_empty_ack  tcp_out.o
    0x08007350   0x00000006   Code   RO         6730    i.tcp_sent          tcp.o
    0x08007356   0x00000002   PAD
    0x08007358   0x00000238   Code   RO         6732    i.tcp_slowtmr       tcp.o
    0x08007590   0x00000074   Code   RO         6906    i.tcp_timewait_input  tcp_in.o
    0x08007604   0x00000020   Code   RO         6733    i.tcp_tmr           tcp.o
    0x08007624   0x00000036   Code   RO         6734    i.tcp_update_rcv_ann_wnd  tcp.o
    0x0800765a   0x0000002e   Code   RO         6960    i.tcp_write         tcp_out.o
    0x08007688   0x000000a0   Code   RO         6961    i.tcp_zero_window_probe  tcp_out.o
    0x08007728   0x00000024   Code   RO         7651    i.tim_init          timer.o
    0x0800774c   0x00000064   Code   RO         7031    i.udp_bind          udp.o
    0x080077b0   0x00000050   Code   RO         7032    i.udp_connect       udp.o
    0x08007800   0x0000019c   Code   RO         7034    i.udp_input         udp.o
    0x0800799c   0x0000001c   Code   RO         7035    i.udp_new           udp.o
    0x080079b8   0x00000006   Code   RO         7036    i.udp_recv          udp.o
    0x080079be   0x00000028   Code   RO         7039    i.udp_sendto        udp.o
    0x080079e6   0x000000b6   Code   RO         7040    i.udp_sendto_if     udp.o
    0x08007a9c   0x000000a8   Code   RO         7432    i.update_arp_entry  etharp.o
    0x08007b44   0x000000a0   Code   RO          456    i.update_sensors    netconf.o
    0x08007be4   0x000011d0   Data   RO          768    .constdata          stm32f4_evb_lcd.o
    0x08008db4   0x00000900   Data   RO          769    .constdata          stm32f4_evb_lcd.o
    0x080096b4   0x00000900   Data   RO          770    .constdata          stm32f4_evb_lcd.o
    0x08009fb4   0x00000024   Data   RO         6429    .constdata          memp.o
    0x08009fd8   0x00000014   Data   RO         6735    .constdata          tcp.o
    0x08009fec   0x00000004   Data   RO         7346    .constdata          ip_addr.o
    0x08009ff0   0x00000004   Data   RO         7347    .constdata          ip_addr.o
    0x08009ff4   0x0000000c   Data   RO         7434    .constdata          etharp.o
    0x0800a000   0x0000000c   Data   RO         7724    .constdata          mc_w.l(localtime.o)
    0x0800a00c   0x00000081   Data   RO         8101    .constdata          mc_w.l(ctype_o.o)
    0x0800a08d   0x00000003   PAD
    0x0800a090   0x00000004   Data   RO         8102    .constdata          mc_w.l(ctype_o.o)
    0x0800a094   0x00000049   Data   RO          458    .conststring        netconf.o
    0x0800a0dd   0x00000003   PAD
    0x0800a0e0   0x00000075   Data   RO         6736    .conststring        tcp.o
    0x0800a155   0x00000003   PAD
    0x0800a158   0x00000020   Data   RO         8132    Region$$Table       anon$$obj.o


    Execution Region RW_IRAM1 (Base: 0x20000000, Size: 0x0000c7d8, Max: 0x00020000, ABSOLUTE, COMPRESSED[0x0000005c])

    Base Addr    Size         Type   Attr      Idx    E Section Name        Object

    0x20000000   0x00000054   Data   RW           20    .data               main.o
    0x20000054   0x00000018   Data   RW          459    .data               netconf.o
    0x2000006c   0x00000008   Data   RW          574    .data               stm32f4x7_eth_bsp.o
    0x20000074   0x00000014   Data   RW          772    .data               stm32f4_evb_lcd.o
    0x20000088   0x00000008   Data   RW          773    .data               stm32f4_evb_lcd.o
    0x20000090   0x00000008   Data   RW          774    .data               stm32f4_evb_lcd.o
    0x20000098   0x00000010   Data   RW         3405    .data               stm32f4xx_rcc.o
    0x200000a8   0x0000000c   Data   RW         5448    .data               stm32f4x7_eth.o
    0x200000b4   0x00000012   Data   RW         5938    .data               lcd_log.o
    0x200000c6   0x00000002   PAD
    0x200000c8   0x00000004   Data   RW         6087    .data               dhcp.o
    0x200000cc   0x00000010   Data   RW         6275    .data               dns.o
    0x200000dc   0x00000010   Data   RW         6388    .data               mem.o
    0x200000ec   0x0000000c   Data   RW         6478    .data               netif.o
    0x200000f8   0x00000004   Data   RW         6644    .data               raw.o
    0x200000fc   0x0000004c   Data   RW         6737    .data               tcp.o
    0x20000148   0x0000001c   Data   RW         6908    .data               tcp_in.o
    0x20000164   0x00000004   Data   RW         7041    .data               udp.o
    0x20000168   0x0000000c   Data   RW         7310    .data               ip.o
    0x20000174   0x00000008   Data   RW         7377    .data               ip_frag.o
    0x2000017c   0x00000001   Data   RW         7435    .data               etharp.o
    0x2000017d   0x00000003   PAD
    0x20000180   0x00000004   Data   RW         7743    .data               mc_w.l(strtok.o)
    0x20000184   0x00000004   Data   RW         8070    .data               mc_w.l(mvars.o)
    0x20000188   0x00000004   Data   RW         8071    .data               mc_w.l(mvars.o)
    0x2000018c   0x00000004   Data   RW         8075    .data               mc_w.l(errno.o)
    0x20000190   0x00000034   Zero   RW           19    .bss                main.o
    0x200001c4   0x00000054   Zero   RW          457    .bss                netconf.o
    0x20000218   0x000000a0   Zero   RW         5443    .bss                stm32f4x7_eth.o
    0x200002b8   0x000000a0   Zero   RW         5444    .bss                stm32f4x7_eth.o
    0x20000358   0x00001dc4   Zero   RW         5445    .bss                stm32f4x7_eth.o
    0x2000211c   0x00001dc4   Zero   RW         5446    .bss                stm32f4x7_eth.o
    0x20003ee0   0x0000000c   Zero   RW         5447    .bss                stm32f4x7_eth.o
    0x20003eec   0x00000660   Zero   RW         6274    .bss                dns.o
    0x2000454c   0x00002814   Zero   RW         6387    .bss                mem.o
    0x20006d60   0x00004d8f   Zero   RW         6428    .bss                memp.o
    0x2000baef   0x00000001   PAD
    0x2000baf0   0x00000014   Zero   RW         6907    .bss                tcp_in.o
    0x2000bb04   0x000005e0   Zero   RW         7376    .bss                ip_frag.o
    0x2000c0e4   0x000000c8   Zero   RW         7433    .bss                etharp.o
    0x2000c1ac   0x0000002c   Zero   RW         7723    .bss                mc_w.l(localtime.o)
    0x2000c1d8   0x00000200   Zero   RW         5994    HEAP                startup_stm32f40xx.o
    0x2000c3d8   0x00000400   Zero   RW         5993    STACK               startup_stm32f40xx.o


==============================================================================

Image component sizes


      Code (inc. data)   RO Data    RW Data    ZI Data      Debug   Object Name

       466         22          0          0          0       5790   autoip.o
       612         16          0          4          0      12087   dhcp.o
       320         10          0          0          0       1313   dht11.o
      1226         76          0         16       1632      10603   dns.o
      1766         46         12          1        200      15059   etharp.o
       382         38          0          0          0       5274   ethernetif.o
        68          0          0          0          0       3464   gpio.o
       444          0          0          0          0       4394   icmp.o
       338          6          0          0          0       5400   inet.o
       142          0          0          0          0       6237   inet_chksum.o
         0          0          0          0          0       2095   init.o
       784         24          0         12          0       8048   ip.o
        62          0          8          0          0       6057   ip_addr.o
      1292         32          0          8       1504       9149   ip_frag.o
       276         16          0         18          0       4973   lcd_log.o
      1896        198          0         84         52     386925   main.o
       568         30          0         16      10260       5821   mem.o
       144         20         36          0      19855       4394   memp.o
       132         18          0          0          0       2242   motor_led_control.o
      1450        426         73         24         84      17303   netconf.o
       310         20          0         12          0       8916   netif.o
       910          0          0          0          0       9029   pbuf.o
       104          6          0          4          0       1908   raw.o
        36          8        392          0       1536        984   startup_stm32f40xx.o
       648         18          0          0          0       1021   stm32f4_evb_fsmc_psram.o
      1296         96       9168         36          0      13193   stm32f4_evb_lcd.o
      1744        156          0         12      15572      17414   stm32f4x7_eth.o
       852        154          0          8          0       4099   stm32f4x7_eth_bsp.o
       422         26          0          0          0       4557   stm32f4xx_dma.o
        32         10          0          0          0       1368   stm32f4xx_exti.o
       238          6          0          0          0       2249   stm32f4xx_fsmc.o
       190          0          0          0          0       4951   stm32f4xx_gpio.o
        86          0          0          0          0       6144   stm32f4xx_it.o
        12          6          0          0          0        638   stm32f4xx_pwr.o
       480         82          0         16          0      11215   stm32f4xx_rcc.o
        32          6          0          0          0        646   stm32f4xx_rng.o
       762         52          0          0          0       8691   stm32f4xx_rtc.o
        12          6          0          0          0        686   stm32f4xx_syscfg.o
       312         40          0          0          0       1741   system_stm32f4xx.o
      2056         86        137         76          0      26865   tcp.o
      3504         90          0         28         20      16452   tcp_in.o
      2342         16          0          0          0      13474   tcp_out.o
        50          6          0          0          0       1418   timer.o
       848         16          0          4          0      16632   udp.o

    ----------------------------------------------------------------------
     29692       1884       9864        384      50716     690919   Object Totals
         0          0         32          0          0          0   (incl. Generated)
        46          0          6          5          1          0   (incl. Padding)

    ----------------------------------------------------------------------

      Code (inc. data)   RO Data    RW Data    ZI Data      Debug   Library Member Name

        86          0          0          0          0          0   __dczerorl2.o
        28          0          0          0          0         68   _chval.o
       158          0          0          0          0         92   _strtoul.o
        26          0          0          0          0         80   atoi.o
         8          4        133          0          0         68   ctype_o.o
         0          0          0          0          0          0   entry.o
         0          0          0          0          0          0   entry10a.o
         0          0          0          0          0          0   entry11a.o
         8          4          0          0          0          0   entry2.o
         4          0          0          0          0          0   entry5.o
         0          0          0          0          0          0   entry7b.o
         0          0          0          0          0          0   entry8b.o
         8          4          0          0          0          0   entry9a.o
         8          4          0          4          0         68   errno.o
        30          0          0          0          0          0   handlers.o
        36          8          0          0          0         68   init.o
       148         10         12          0         44         76   localtime.o
       108         16          0          0          0         84   malloc.o
        26          0          0          0          0         80   memcmp.o
        36          0          0          0          0         68   memcpya.o
        36          0          0          0          0        108   memseta.o
         0          0          0          8          0          0   mvars.o
       490         10          0          0          0        252   printf3.o
        28          0          0          0          0         76   strcmp.o
        18          0          0          0          0         68   strcpy.o
        34          0          0          0          0         80   strcspn.o
        14          0          0          0          0         68   strlen.o
        30          0          0          0          0         80   strncmp.o
        36          0          0          0          0         80   strstr.o
        68          6          0          4          0         80   strtok.o
       112          0          0          0          0         88   strtol.o
        44          0          0          0          0         80   uidiv.o

    ----------------------------------------------------------------------
      1632         66        148         16         44       1812   Library Totals
         4          0          3          0          0          0   (incl. Padding)

    ----------------------------------------------------------------------

      Code (inc. data)   RO Data    RW Data    ZI Data      Debug   Library Name

      1628         66        145         16         44       1812   mc_w.l

    ----------------------------------------------------------------------
      1632         66        148         16         44       1812   Library Totals

    ----------------------------------------------------------------------

==============================================================================


      Code (inc. data)   RO Data    RW Data    ZI Data      Debug   

     31324       1950      10012        400      50760     664879   Grand Totals
     31324       1950      10012         92      50760     664879   ELF Image Totals (compressed)
     31324       1950      10012         92          0          0   ROM Totals

==============================================================================

    Total RO  Size (Code + RO Data)                41336 (  40.37kB)
    Total RW  Size (RW Data + ZI Data)             51160 (  49.96kB)
    Total ROM Size (Code + RO Data + RW Data)      41428 (  40.46kB)

==============================================================================

