<html>
<body>
<pre>
<h1>µVision Build Log</h1>
<h2>Tool Versions:</h2>
IDE-Version: µVision V5.15
Copyright (C) 2015 ARM Ltd and ARM Germany GmbH. All rights reserved.
License Information: darren yuan, NCKU, LIC=KIVNT-AZGC4-VNNEF-4SYGP-IEFBD-8WHKB
 
Tool Versions:
Toolchain:       MDK-ARM Professional  Version: 5.15.0
Toolchain Path:  C:\Keil_v5\ARM\ARMCC\Bin
C Compiler:      Armcc.exe V5.05 update 2 (build 169)
Assembler:       Armasm.exe V5.05 update 2 (build 169)
Linker/Locator:  ArmLink.exe V5.05 update 2 (build 169)
Library Manager: ArmAr.exe V5.05 update 2 (build 169)
Hex Converter:   FromElf.exe V5.05 update 2 (build 169)
CPU DLL:         SARMCM3.DLL V5.15.0
Dialog DLL:      DCM.DLL V1.13.2.0
Target DLL:      STLink\ST-LINKIII-KEIL_SWO.dll V2.0.15.0_KEIL
Dialog DLL:      TCM.DLL V1.14.5.0
 
<h2>Project:</h2>
C:\Users\user\Desktop\arm code\STM32F4_EVB\STM32F4_EVB\Project\sprout-grow-armcode\MDK-ARM\BoardTest.uvprojx
Project File Date:  08/28/2015

<h2>Output:</h2>
*** Using Compiler 'V5.05 update 2 (build 169)', folder: 'C:\Keil_v5\ARM\ARMCC\Bin'
Build target 'STM32F4_EVB'
compiling main.c...
..\inc\netconf.h(40): warning:  #1295-D: Deprecated declaration DNS_Init - give arg types
  void DNS_Init();
..\src\main.c(246): warning:  #940-D: missing return statement at end of non-void function "Epoch_Converter"
  }
..\src\main.c(235): warning:  #177-D: variable "n" was declared but never referenced
        time_t n;
..\src\main.c(236): warning:  #550-D: variable "time" was set but never used
    struct tm time;
..\src\main.c(413): warning:  #167-D: argument of type "long *" is incompatible with parameter of type "const time_t *"
                time_ptr = localtime(&soak_time_end_epoch);
..\src\main.c(525): warning:  #167-D: argument of type "long *" is incompatible with parameter of type "const time_t *"
        time_ptr = localtime(&water_time_cur->start_epoch);
..\src\main.c(557): warning:  #167-D: argument of type "long *" is incompatible with parameter of type "const time_t *"
                        nPtr = localtime(&light_time_cur->start_epoch);
..\src\main.c(667): warning:  #550-D: variable "year" was set but never used
                uint8_t year, mon, day;
..\src\main.c: 8 warnings, 0 errors
linking...
Program Size: Code=31324 RO-data=10012 RW-data=400 ZI-data=50760  
FromELF: creating hex file...
".\STM32F4_EVB\STM32F4_EVB_BoardTest.axf" - 0 Error(s), 8 Warning(s).

<h2>Software Packages used:</h2>

Package Vendor: ARM
                http://www.keil.com/pack/ARM.CMSIS.4.3.0.pack
                ARM::CMSIS:CORE:4.1.0
                CMSIS (Cortex Microcontroller Software Interface Standard)
   * Component: CORE Version: 4.1.0

<h2>Collection of Component include folders:</h2>
  C:\Users\user\Desktop\arm code\STM32F4_EVB\STM32F4_EVB\Project\sprout-grow-armcode\MDK-ARM\RTE
  C:\Keil_v5\ARM\PACK\ARM\CMSIS\4.3.0\CMSIS\Include
  C:\Keil_v5\ARM\PACK\Keil\STM32F4xx_DFP\2.5.0\Drivers\CMSIS\Device\ST\STM32F4xx\Include

<h2>Collection of Component Files used:</h2>

   * Component: ARM::CMSIS:CORE:4.1.0
</pre>
</body>
</html>
