Component: ARM Compiler 5.05 update 2 (build 169) Tool: armlink [4d0f33]

==============================================================================

Section Cross References

    main.o(i.Delay) refers to main.o(.data) for .data
    main.o(i.Light) refers to motor_led_control.o(i.LED_On) for LED_On
    main.o(i.Light) refers to motor_led_control.o(i.LED_Off) for LED_Off
    main.o(i.Light) refers to main.o(.data) for .data
    main.o(i.Light_Str_Processing) refers to atoi.o(.text) for atoi
    main.o(i.Light_Str_Processing) refers to malloc.o(i.malloc) for malloc
    main.o(i.Light_Str_Processing) refers to strtok.o(.text) for strtok
    main.o(i.Light_Str_Processing) refers to mktime.o(.text) for mktime
    main.o(i.Light_Str_Processing) refers to localtime_w.o(.text) for localtime
    main.o(i.Light_Str_Processing) refers to main.o(.data) for .data
    main.o(i.Light_Str_Processing) refers to main.o(.bss) for .bss
    main.o(i.RTC_Config) refers to stm32f4xx_rcc.o(i.RCC_APB1PeriphClockCmd) for RCC_APB1PeriphClockCmd
    main.o(i.RTC_Config) refers to stm32f4xx_pwr.o(i.PWR_BackupAccessCmd) for PWR_BackupAccessCmd
    main.o(i.RTC_Config) refers to stm32f4xx_rcc.o(i.RCC_LSICmd) for RCC_LSICmd
    main.o(i.RTC_Config) refers to stm32f4xx_rcc.o(i.RCC_GetFlagStatus) for RCC_GetFlagStatus
    main.o(i.RTC_Config) refers to stm32f4xx_rcc.o(i.RCC_RTCCLKConfig) for RCC_RTCCLKConfig
    main.o(i.RTC_Config) refers to stm32f4xx_rcc.o(i.RCC_RTCCLKCmd) for RCC_RTCCLKCmd
    main.o(i.RTC_Config) refers to stm32f4xx_rtc.o(i.RTC_WaitForSynchro) for RTC_WaitForSynchro
    main.o(i.RTC_Config) refers to stm32f4xx_rtc.o(i.RTC_Init) for RTC_Init
    main.o(i.Sever_Time_Str_Processing) refers to localtime_w.o(.text) for localtime
    main.o(i.Sever_Time_Str_Processing) refers to main.o(.bss) for .bss
    main.o(i.Soak) refers to motor_led_control.o(i.Motor_On) for Motor_On
    main.o(i.Soak) refers to motor_led_control.o(i.Motor_Off) for Motor_Off
    main.o(i.Soak) refers to main.o(.data) for .data
    main.o(i.Soak_Str_Processing) refers to malloc.o(i.malloc) for malloc
    main.o(i.Soak_Str_Processing) refers to main.o(.bss) for .bss
    main.o(i.Soak_Str_Processing) refers to main.o(.data) for .data
    main.o(i.Str_Split) refers to strtok.o(.text) for strtok
    main.o(i.Str_Split) refers to atoi.o(.text) for atoi
    main.o(i.Str_Split) refers to main.o(i.Sever_Time_Str_Processing) for Sever_Time_Str_Processing
    main.o(i.Str_Split) refers to main.o(i.Soak_Str_Processing) for Soak_Str_Processing
    main.o(i.Str_Split) refers to main.o(i.Water_Str_Processing) for Water_Str_Processing
    main.o(i.Str_Split) refers to main.o(i.Light_Str_Processing) for Light_Str_Processing
    main.o(i.Str_Split) refers to main.o(.bss) for .bss
    main.o(i.Time_Date_Setting) refers to stm32f4xx_rtc.o(i.RTC_SetTime) for RTC_SetTime
    main.o(i.Time_Date_Setting) refers to stm32f4xx_rtc.o(i.RTC_SetDate) for RTC_SetDate
    main.o(i.Time_Date_Setting) refers to main.o(.data) for .data
    main.o(i.Time_Update) refers to main.o(.data) for .data
    main.o(i.TimingDelay_Decrement) refers to main.o(.data) for .data
    main.o(i.Water) refers to motor_led_control.o(i.Motor_On) for Motor_On
    main.o(i.Water) refers to motor_led_control.o(i.Motor_Off) for Motor_Off
    main.o(i.Water) refers to main.o(.data) for .data
    main.o(i.Water_Str_Processing) refers to malloc.o(i.malloc) for malloc
    main.o(i.Water_Str_Processing) refers to strtok.o(.text) for strtok
    main.o(i.Water_Str_Processing) refers to atoi.o(.text) for atoi
    main.o(i.Water_Str_Processing) refers to strcspn.o(.text) for strcspn
    main.o(i.Water_Str_Processing) refers to main.o(.data) for .data
    main.o(i.main) refers to memcpya.o(.text) for __aeabi_memcpy4
    main.o(i.main) refers to stm32f4xx_rcc.o(i.RCC_GetClocksFreq) for RCC_GetClocksFreq
    main.o(i.main) refers to stm32f4xx_rcc.o(i.RCC_AHB2PeriphClockCmd) for RCC_AHB2PeriphClockCmd
    main.o(i.main) refers to stm32f4xx_rng.o(i.RNG_Cmd) for RNG_Cmd
    main.o(i.main) refers to timer.o(i.tim_init) for tim_init
    main.o(i.main) refers to stm32f4_evb_fsmc_psram.o(i.PSRAM_Init) for PSRAM_Init
    main.o(i.main) refers to stm32f4_evb_lcd.o(i.LCD_Init) for LCD_Init
    main.o(i.main) refers to lcd_log.o(i.LCD_LOG_Init) for LCD_LOG_Init
    main.o(i.main) refers to lcd_log.o(i.LCD_LOG_SetHeader) for LCD_LOG_SetHeader
    main.o(i.main) refers to lcd_log.o(i.LCD_LOG_SetFooter) for LCD_LOG_SetFooter
    main.o(i.main) refers to stm32f4x7_eth_bsp.o(i.ETH_BSP_Config) for ETH_BSP_Config
    main.o(i.main) refers to netconf.o(i.LwIP_Init) for LwIP_Init
    main.o(i.main) refers to netconf.o(i.DNS_Init) for DNS_Init
    main.o(i.main) refers to main.o(i.Str_Split) for Str_Split
    main.o(i.main) refers to main.o(i.RTC_Config) for RTC_Config
    main.o(i.main) refers to main.o(i.Time_Date_Setting) for Time_Date_Setting
    main.o(i.main) refers to stm32f4xx_rtc.o(i.RTC_GetDate) for RTC_GetDate
[...]
    .bss                                     0x200002ac   Section      160  stm32f4x7_eth.o(.bss)
    .bss                                     0x2000034c   Section     7620  stm32f4x7_eth.o(.bss)
    .bss                                     0x20002110   Section     7620  stm32f4x7_eth.o(.bss)
    .bss                                     0x20003ed4   Section       12  stm32f4x7_eth.o(.bss)
    .bss                                     0x20003ee0   Section     1632  dns.o(.bss)
    dns_table                                0x20003ee0   Data        1120  dns.o(.bss)
    dns_payload                              0x20004340   Data         512  dns.o(.bss)
    .bss                                     0x20004540   Section    10260  mem.o(.bss)
    ram_heap                                 0x20004540   Data       10260  mem.o(.bss)
    .bss                                     0x20006d54   Section    19855  memp.o(.bss)
    memp_tab                                 0x20006d54   Data          36  memp.o(.bss)
    memp_memory                              0x20006d78   Data       19819  memp.o(.bss)
    .bss                                     0x2000bae4   Section       20  tcp_in.o(.bss)
    inseg                                    0x2000bae4   Data          20  tcp_in.o(.bss)
    .bss                                     0x2000baf8   Section     1504  ip_frag.o(.bss)
    buf                                      0x2000baf8   Data        1504  ip_frag.o(.bss)
    .bss                                     0x2000c0d8   Section      200  etharp.o(.bss)
    arp_table                                0x2000c0d8   Data         200  etharp.o(.bss)
    .bss                                     0x2000c1a0   Section       44  localtime_w.o(.bss)
    _tms                                     0x2000c1a0   Data          44  localtime_w.o(.bss)
    HEAP                                     0x2000c1d0   Section      512  startup_stm32f40xx.o(HEAP)
    STACK                                    0x2000c3d0   Section     1024  startup_stm32f40xx.o(STACK)

    Global Symbols

    Symbol Name                              Value     Ov Type        Size  Object(Section)

    BuildAttributes$$THM_ISAv4$E$P$D$K$B$S$7EM$VFPi3$EXTD16$VFPS$VFMA$PE$A:L22UL41UL21$X:L11$S22US41US21$IEEE1$IW$USESV6$~STKCKD$USESV7$~SHL$OSPACE$ROPI$EBA8$MICROLIB$REQ8$PRES8$EABIv2 0x00000000   Number         0  anon$$obj.o ABSOLUTE
    __ARM_use_no_argv                        0x00000000   Number         0  main.o ABSOLUTE
    _printf_a                                0x00000000   Number         0  stubs.o ABSOLUTE
    _printf_c                                0x00000000   Number         0  stubs.o ABSOLUTE
    _printf_charcount                        0x00000000   Number         0  stubs.o ABSOLUTE
    _printf_d                                0x00000000   Number         0  stubs.o ABSOLUTE
    _printf_e                                0x00000000   Number         0  stubs.o ABSOLUTE
    _printf_f                                0x00000000   Number         0  stubs.o ABSOLUTE
    _printf_flags                            0x00000000   Number         0  stubs.o ABSOLUTE
    _printf_fp_dec                           0x00000000   Number         0  stubs.o ABSOLUTE
    _printf_fp_hex                           0x00000000   Number         0  stubs.o ABSOLUTE
    _printf_g                                0x00000000   Number         0  stubs.o ABSOLUTE
    _printf_i                                0x00000000   Number         0  stubs.o ABSOLUTE
    _printf_int_dec                          0x00000000   Number         0  stubs.o ABSOLUTE
    _printf_l                                0x00000000   Number         0  stubs.o ABSOLUTE
    _printf_lc                               0x00000000   Number         0  stubs.o ABSOLUTE
    _printf_ll                               0x00000000   Number         0  stubs.o ABSOLUTE
    _printf_lld                              0x00000000   Number         0  stubs.o ABSOLUTE
    _printf_lli                              0x00000000   Number         0  stubs.o ABSOLUTE
    _printf_llo                              0x00000000   Number         0  stubs.o ABSOLUTE
    _printf_llu                              0x00000000   Number         0  stubs.o ABSOLUTE
    _printf_llx                              0x00000000   Number         0  stubs.o ABSOLUTE
    _printf_longlong_dec                     0x00000000   Number         0  stubs.o ABSOLUTE
    _printf_longlong_hex                     0x00000000   Number         0  stubs.o ABSOLUTE
    _printf_longlong_oct                     0x00000000   Number         0  stubs.o ABSOLUTE
    _printf_ls                               0x00000000   Number         0  stubs.o ABSOLUTE
    _printf_mbtowc                           0x00000000   Number         0  stubs.o ABSOLUTE
    _printf_n                                0x00000000   Number         0  stubs.o ABSOLUTE
    _printf_o                                0x00000000   Number         0  stubs.o ABSOLUTE
    _printf_p                                0x00000000   Number         0  stubs.o ABSOLUTE
    _printf_percent                          0x00000000   Number         0  stubs.o ABSOLUTE
    _printf_pre_padding                      0x00000000   Number         0  stubs.o ABSOLUTE
    _printf_return_value                     0x00000000   Number         0  stubs.o ABSOLUTE
    _printf_s                                0x00000000   Number         0  stubs.o ABSOLUTE
    _printf_sizespec                         0x00000000   Number         0  stubs.o ABSOLUTE
    _printf_str                              0x00000000   Number         0  stubs.o ABSOLUTE
    _printf_truncate_signed                  0x00000000   Number         0  stubs.o ABSOLUTE
    _printf_truncate_unsigned                0x00000000   Number         0  stubs.o ABSOLUTE
    _printf_u                                0x00000000   Number         0  stubs.o ABSOLUTE
    _printf_wc                               0x00000000   Number         0  stubs.o ABSOLUTE
    _printf_wctomb                           0x00000000   Number         0  stubs.o ABSOLUTE
    _printf_widthprec                        0x00000000   Number         0  stubs.o ABSOLUTE
    _printf_x                                0x00000000   Number         0  stubs.o ABSOLUTE
    __cpp_initialize__aeabi_                  - Undefined Weak Reference
    __cxa_finalize                            - Undefined Weak Reference
    _clock_init                               - Undefined Weak Reference
    _microlib_exit                            - Undefined Weak Reference
    __Vectors_Size                           0x00000188   Number         0  startup_stm32f40xx.o ABSOLUTE
    __Vectors                                0x08000000   Data           4  startup_stm32f40xx.o(RESET)
    __Vectors_End                            0x08000188   Data           0  startup_stm32f40xx.o(RESET)
    __main                                   0x08000189   Thumb Code     0  entry.o(.ARM.Collect$$$$00000000)
    _main_stk                                0x08000189   Thumb Code     0  entry2.o(.ARM.Collect$$$$00000001)
    _main_scatterload                        0x0800018d   Thumb Code     0  entry5.o(.ARM.Collect$$$$00000004)
    __main_after_scatterload                 0x08000191   Thumb Code     0  entry5.o(.ARM.Collect$$$$00000004)
    _main_clock                              0x08000191   Thumb Code     0  entry7b.o(.ARM.Collect$$$$00000008)
    _main_cpp_init                           0x08000191   Thumb Code     0  entry8b.o(.ARM.Collect$$$$0000000A)
    _main_init                               0x08000191   Thumb Code     0  entry9a.o(.ARM.Collect$$$$0000000B)
    __rt_final_cpp                           0x08000199   Thumb Code     0  entry10a.o(.ARM.Collect$$$$0000000D)
    __rt_final_exit                          0x08000199   Thumb Code     0  entry11a.o(.ARM.Collect$$$$0000000F)
    Reset_Handler                            0x0800019d   Thumb Code     8  startup_stm32f40xx.o(.text)
    ADC_IRQHandler                           0x080001b7   Thumb Code     0  startup_stm32f40xx.o(.text)
    CAN1_RX0_IRQHandler                      0x080001b7   Thumb Code     0  startup_stm32f40xx.o(.text)
    CAN1_RX1_IRQHandler                      0x080001b7   Thumb Code     0  startup_stm32f40xx.o(.text)
    CAN1_SCE_IRQHandler                      0x080001b7   Thumb Code     0  startup_stm32f40xx.o(.text)
    CAN1_TX_IRQHandler                       0x080001b7   Thumb Code     0  startup_stm32f40xx.o(.text)
    CAN2_RX0_IRQHandler                      0x080001b7   Thumb Code     0  startup_stm32f40xx.o(.text)
    CAN2_RX1_IRQHandler                      0x080001b7   Thumb Code     0  startup_stm32f40xx.o(.text)
    CAN2_SCE_IRQHandler                      0x080001b7   Thumb Code     0  startup_stm32f40xx.o(.text)
    CAN2_TX_IRQHandler                       0x080001b7   Thumb Code     0  startup_stm32f40xx.o(.text)
    CRYP_IRQHandler                          0x080001b7   Thumb Code     0  startup_stm32f40xx.o(.text)
    DCMI_IRQHandler                          0x080001b7   Thumb Code     0  startup_stm32f40xx.o(.text)
    DMA1_Stream0_IRQHandler                  0x080001b7   Thumb Code     0  startup_stm32f40xx.o(.text)
    DMA1_Stream1_IRQHandler                  0x080001b7   Thumb Code     0  startup_stm32f40xx.o(.text)
    DMA1_Stream2_IRQHandler                  0x080001b7   Thumb Code     0  startup_stm32f40xx.o(.text)
    DMA1_Stream3_IRQHandler                  0x080001b7   Thumb Code     0  startup_stm32f40xx.o(.text)
    DMA1_Stream4_IRQHandler                  0x080001b7   Thumb Code     0  startup_stm32f40xx.o(.text)
    DMA1_Stream5_IRQHandler                  0x080001b7   Thumb Code     0  startup_stm32f40xx.o(.text)
    DMA1_Stream6_IRQHandler                  0x080001b7   Thumb Code     0  startup_stm32f40xx.o(.text)
    DMA1_Stream7_IRQHandler                  0x080001b7   Thumb Code     0  startup_stm32f40xx.o(.text)
    DMA2_Stream0_IRQHandler                  0x080001b7   Thumb Code     0  startup_stm32f40xx.o(.text)
    DMA2_Stream1_IRQHandler                  0x080001b7   Thumb Code     0  startup_stm32f40xx.o(.text)
    DMA2_Stream2_IRQHandler                  0x080001b7   Thumb Code     0  startup_stm32f40xx.o(.text)
    DMA2_Stream3_IRQHandler                  0x080001b7   Thumb Code     0  startup_stm32f40xx.o(.text)
    DMA2_Stream4_IRQHandler                  0x080001b7   Thumb Code     0  startup_stm32f40xx.o(.text)
    DMA2_Stream5_IRQHandler                  0x080001b7   Thumb Code     0  startup_stm32f40xx.o(.text)
    DMA2_Stream6_IRQHandler                  0x080001b7   Thumb Code     0  startup_stm32f40xx.o(.text)
    DMA2_Stream7_IRQHandler                  0x080001b7   Thumb Code     0  startup_stm32f40xx.o(.text)
    ETH_IRQHandler                           0x080001b7   Thumb Code     0  startup_stm32f40xx.o(.text)
    ETH_WKUP_IRQHandler                      0x080001b7   Thumb Code     0  startup_stm32f40xx.o(.text)
    EXTI0_IRQHandler                         0x080001b7   Thumb Code     0  startup_stm32f40xx.o(.text)
    EXTI1_IRQHandler                         0x080001b7   Thumb Code     0  startup_stm32f40xx.o(.text)
    EXTI3_IRQHandler                         0x080001b7   Thumb Code     0  startup_stm32f40xx.o(.text)
    EXTI4_IRQHandler                         0x080001b7   Thumb Code     0  startup_stm32f40xx.o(.text)
    EXTI9_5_IRQHandler                       0x080001b7   Thumb Code     0  startup_stm32f40xx.o(.text)
    FLASH_IRQHandler                         0x080001b7   Thumb Code     0  startup_stm32f40xx.o(.text)
    FPU_IRQHandler                           0x080001b7   Thumb Code     0  startup_stm32f40xx.o(.text)
    FSMC_IRQHandler                          0x080001b7   Thumb Code     0  startup_stm32f40xx.o(.text)
    HASH_RNG_IRQHandler                      0x080001b7   Thumb Code     0  startup_stm32f40xx.o(.text)
    I2C1_ER_IRQHandler                       0x080001b7   Thumb Code     0  startup_stm32f40xx.o(.text)
    I2C1_EV_IRQHandler                       0x080001b7   Thumb Code     0  startup_stm32f40xx.o(.text)
    I2C2_ER_IRQHandler                       0x080001b7   Thumb Code     0  startup_stm32f40xx.o(.text)
    I2C2_EV_IRQHandler                       0x080001b7   Thumb Code     0  startup_stm32f40xx.o(.text)
    I2C3_ER_IRQHandler                       0x080001b7   Thumb Code     0  startup_stm32f40xx.o(.text)
    I2C3_EV_IRQHandler                       0x080001b7   Thumb Code     0  startup_stm32f40xx.o(.text)
    OTG_FS_IRQHandler                        0x080001b7   Thumb Code     0  startup_stm32f40xx.o(.text)
    OTG_FS_WKUP_IRQHandler                   0x080001b7   Thumb Code     0  startup_stm32f40xx.o(.text)
    OTG_HS_EP1_IN_IRQHandler                 0x080001b7   Thumb Code     0  startup_stm32f40xx.o(.text)
    OTG_HS_EP1_OUT_IRQHandler                0x080001b7   Thumb Code     0  startup_stm32f40xx.o(.text)
    OTG_HS_IRQHandler                        0x080001b7   Thumb Code     0  startup_stm32f40xx.o(.text)
    OTG_HS_WKUP_IRQHandler                   0x080001b7   Thumb Code     0  startup_stm32f40xx.o(.text)
    PVD_IRQHandler                           0x080001b7   Thumb Code     0  startup_stm32f40xx.o(.text)
    RCC_IRQHandler                           0x080001b7   Thumb Code     0  startup_stm32f40xx.o(.text)
    RTC_Alarm_IRQHandler                     0x080001b7   Thumb Code     0  startup_stm32f40xx.o(.text)
    RTC_WKUP_IRQHandler                      0x080001b7   Thumb Code     0  startup_stm32f40xx.o(.text)
    SDIO_IRQHandler                          0x080001b7   Thumb Code     0  startup_stm32f40xx.o(.text)
    SPI1_IRQHandler                          0x080001b7   Thumb Code     0  startup_stm32f40xx.o(.text)
    SPI2_IRQHandler                          0x080001b7   Thumb Code     0  startup_stm32f40xx.o(.text)
    SPI3_IRQHandler                          0x080001b7   Thumb Code     0  startup_stm32f40xx.o(.text)
    TAMP_STAMP_IRQHandler                    0x080001b7   Thumb Code     0  startup_stm32f40xx.o(.text)
    TIM1_BRK_TIM9_IRQHandler                 0x080001b7   Thumb Code     0  startup_stm32f40xx.o(.text)
    TIM1_CC_IRQHandler                       0x080001b7   Thumb Code     0  startup_stm32f40xx.o(.text)
    TIM1_TRG_COM_TIM11_IRQHandler            0x080001b7   Thumb Code     0  startup_stm32f40xx.o(.text)
    TIM1_UP_TIM10_IRQHandler                 0x080001b7   Thumb Code     0  startup_stm32f40xx.o(.text)
    TIM2_IRQHandler                          0x080001b7   Thumb Code     0  startup_stm32f40xx.o(.text)
    TIM3_IRQHandler                          0x080001b7   Thumb Code     0  startup_stm32f40xx.o(.text)
    TIM4_IRQHandler                          0x080001b7   Thumb Code     0  startup_stm32f40xx.o(.text)
    TIM5_IRQHandler                          0x080001b7   Thumb Code     0  startup_stm32f40xx.o(.text)
    TIM6_DAC_IRQHandler                      0x080001b7   Thumb Code     0  startup_stm32f40xx.o(.text)
    TIM7_IRQHandler                          0x080001b7   Thumb Code     0  startup_stm32f40xx.o(.text)
    TIM8_BRK_TIM12_IRQHandler                0x080001b7   Thumb Code     0  startup_stm32f40xx.o(.text)
    TIM8_CC_IRQHandler                       0x080001b7   Thumb Code     0  startup_stm32f40xx.o(.text)
    TIM8_TRG_COM_TIM14_IRQHandler            0x080001b7   Thumb Code     0  startup_stm32f40xx.o(.text)
    TIM8_UP_TIM13_IRQHandler                 0x080001b7   Thumb Code     0  startup_stm32f40xx.o(.text)
    UART4_IRQHandler                         0x080001b7   Thumb Code     0  startup_stm32f40xx.o(.text)
    UART5_IRQHandler                         0x080001b7   Thumb Code     0  startup_stm32f40xx.o(.text)
    USART2_IRQHandler                        0x080001b7   Thumb Code     0  startup_stm32f40xx.o(.text)
    USART3_IRQHandler                        0x080001b7   Thumb Code     0  startup_stm32f40xx.o(.text)
    USART6_IRQHandler                        0x080001b7   Thumb Code     0  startup_stm32f40xx.o(.text)
    WWDG_IRQHandler                          0x080001b7   Thumb Code     0  startup_stm32f40xx.o(.text)
    mktime                                   0x080001c1   Thumb Code   150  mktime.o(.text)
    __aeabi_memcpy                           0x08000269   Thumb Code    36  memcpya.o(.text)
    __aeabi_memcpy4                          0x08000269   Thumb Code     0  memcpya.o(.text)
    __aeabi_memcpy8                          0x08000269   Thumb Code     0  memcpya.o(.text)
    __aeabi_memset                           0x0800028d   Thumb Code    14  memseta.o(.text)
    __aeabi_memset4                          0x0800028d   Thumb Code     0  memseta.o(.text)
    __aeabi_memset8                          0x0800028d   Thumb Code     0  memseta.o(.text)
    __aeabi_memclr                           0x0800029b   Thumb Code     4  memseta.o(.text)
    __aeabi_memclr4                          0x0800029b   Thumb Code     0  memseta.o(.text)
    __aeabi_memclr8                          0x0800029b   Thumb Code     0  memseta.o(.text)
    _memset$wrapper                          0x0800029f   Thumb Code    18  memseta.o(.text)
    strstr                                   0x080002b1   Thumb Code    36  strstr.o(.text)
    strlen                                   0x080002d5   Thumb Code    14  strlen.o(.text)
    strcmp                                   0x080002e3   Thumb Code    28  strcmp.o(.text)
    memcmp                                   0x080002ff   Thumb Code    26  memcmp.o(.text)
    strcpy                                   0x08000319   Thumb Code    18  strcpy.o(.text)
    strncmp                                  0x0800032b   Thumb Code    30  strncmp.o(.text)
    strtok                                   0x08000349   Thumb Code    62  strtok.o(.text)
    strcspn                                  0x0800038d   Thumb Code    34  strcspn.o(.text)
    atoi                                     0x080003af   Thumb Code    26  atoi.o(.text)
    __aeabi_uidiv                            0x080003c9   Thumb Code     0  uidiv.o(.text)
    __aeabi_uidivmod                         0x080003c9   Thumb Code    44  uidiv.o(.text)
    localtime                                0x080003f5   Thumb Code     6  localtime_w.o(.text)
    _localtime                               0x08000401   Thumb Code   134  localtime_i.o(.text)
    strtol                                   0x0800048d   Thumb Code   112  strtol.o(.text)
    __scatterload                            0x080004fd   Thumb Code    28  init.o(.text)
    __scatterload_rt2                        0x080004fd   Thumb Code     0  init.o(.text)
    __rt_ctype_table                         0x08000521   Thumb Code     4  ctype_o.o(.text)
    _strtoul                                 0x08000529   Thumb Code   158  _strtoul.o(.text)
    _chval                                   0x080005c7   Thumb Code    28  _chval.o(.text)
    __decompress                             0x080005e3   Thumb Code     0  __dczerorl2.o(.text)
    __decompress1                            0x080005e3   Thumb Code    86  __dczerorl2.o(.text)
    BusFault_Handler                         0x08000639   Thumb Code     2  stm32f4xx_it.o(i.BusFault_Handler)
    DMA_Cmd                                  0x0800063b   Thumb Code    24  stm32f4xx_dma.o(i.DMA_Cmd)
    DMA_Config                               0x08000655   Thumb Code   178  stm32f4_evb_lcd.o(i.DMA_Config)
    DMA_DeInit                               0x08000715   Thumb Code   278  stm32f4xx_dma.o(i.DMA_DeInit)
    DMA_GetCmdStatus                         0x08000841   Thumb Code    14  stm32f4xx_dma.o(i.DMA_GetCmdStatus)
    DMA_Init                                 0x08000851   Thumb Code    80  stm32f4xx_dma.o(i.DMA_Init)
    DNS_Init                                 0x080008a5   Thumb Code    20  netconf.o(i.DNS_Init)
    DebugMon_Handler                         0x080008d1   Thumb Code     2  stm32f4xx_it.o(i.DebugMon_Handler)
    ETH_BSP_Config                           0x080008d5   Thumb Code    76  stm32f4x7_eth_bsp.o(i.ETH_BSP_Config)
    ETH_CheckFrameReceived                   0x0800094d   Thumb Code   100  stm32f4x7_eth.o(i.ETH_CheckFrameReceived)
    ETH_DMAReceptionCmd                      0x080009b5   Thumb Code    26  stm32f4x7_eth.o(i.ETH_DMAReceptionCmd)
    ETH_DMARxDescChainInit                   0x080009d5   Thumb Code    80  stm32f4x7_eth.o(i.ETH_DMARxDescChainInit)
    ETH_DMATransmissionCmd                   0x08000a31   Thumb Code    26  stm32f4x7_eth.o(i.ETH_DMATransmissionCmd)
    ETH_DMATxDescChainInit                   0x08000a51   Thumb Code    62  stm32f4x7_eth.o(i.ETH_DMATxDescChainInit)
    ETH_DMATxDescChecksumInsertionConfig     0x08000a99   Thumb Code     8  stm32f4x7_eth.o(i.ETH_DMATxDescChecksumInsertionConfig)
    ETH_DeInit                               0x08000aa1   Thumb Code    24  stm32f4x7_eth.o(i.ETH_DeInit)
    ETH_FlushTransmitFIFO                    0x08000ad1   Thumb Code    12  stm32f4x7_eth.o(i.ETH_FlushTransmitFIFO)
    ETH_GetSoftwareResetStatus               0x08000c41   Thumb Code    14  stm32f4x7_eth.o(i.ETH_GetSoftwareResetStatus)
    ETH_Get_Received_Frame                   0x08000c55   Thumb Code    56  stm32f4x7_eth.o(i.ETH_Get_Received_Frame)
    ETH_Init                                 0x08000c91   Thumb Code   540  stm32f4x7_eth.o(i.ETH_Init)
    ETH_MACAddressConfig                     0x08000ee5   Thumb Code    38  stm32f4x7_eth.o(i.ETH_MACAddressConfig)
    ETH_MACReceptionCmd                      0x08000f89   Thumb Code    26  stm32f4x7_eth.o(i.ETH_MACReceptionCmd)
    ETH_MACTransmissionCmd                   0x08000fa9   Thumb Code    26  stm32f4x7_eth.o(i.ETH_MACTransmissionCmd)
    ETH_Prepare_Transmit_Descriptors         0x08000fc9   Thumb Code   166  stm32f4x7_eth.o(i.ETH_Prepare_Transmit_Descriptors)
    ETH_ReadPHYRegister                      0x08001079   Thumb Code    80  stm32f4x7_eth.o(i.ETH_ReadPHYRegister)
    ETH_SoftwareReset                        0x080010d1   Thumb Code    12  stm32f4x7_eth.o(i.ETH_SoftwareReset)
    ETH_Start                                0x080010e1   Thumb Code    34  stm32f4x7_eth.o(i.ETH_Start)
    ETH_StructInit                           0x08001103   Thumb Code   154  stm32f4x7_eth.o(i.ETH_StructInit)
    ETH_WritePHYRegister                     0x0800119d   Thumb Code    80  stm32f4x7_eth.o(i.ETH_WritePHYRegister)
    EXTI15_10_IRQHandler                     0x080011f5   Thumb Code    52  stm32f4xx_it.o(i.EXTI15_10_IRQHandler)
    EXTI2_IRQHandler                         0x08001229   Thumb Code     2  stm32f4xx_it.o(i.EXTI2_IRQHandler)
    EXTI_ClearITPendingBit                   0x0800122d   Thumb Code     6  stm32f4xx_exti.o(i.EXTI_ClearITPendingBit)
    EXTI_GetITStatus                         0x08001239   Thumb Code    16  stm32f4xx_exti.o(i.EXTI_GetITStatus)
    Eth_Link_ITHandler                       0x0800124d   Thumb Code   122  stm32f4x7_eth_bsp.o(i.Eth_Link_ITHandler)
    Eth_Link_PHYITConfig                     0x08001315   Thumb Code    60  stm32f4x7_eth_bsp.o(i.Eth_Link_PHYITConfig)
    FSMC_NORSRAMCmd                          0x08001351   Thumb Code    30  stm32f4xx_fsmc.o(i.FSMC_NORSRAMCmd)
    FSMC_NORSRAMInit                         0x08001375   Thumb Code   202  stm32f4xx_fsmc.o(i.FSMC_NORSRAMInit)
    GPIO_Init                                0x0800143f   Thumb Code   124  stm32f4xx_gpio.o(i.GPIO_Init)
    GPIO_PinAFConfig                         0x080014bb   Thumb Code    32  stm32f4xx_gpio.o(i.GPIO_PinAFConfig)
    GPIO_ReadInputDataBit                    0x080014db   Thumb Code    14  stm32f4xx_gpio.o(i.GPIO_ReadInputDataBit)
    GPIO_ResetBits                           0x080014e9   Thumb Code     4  stm32f4xx_gpio.o(i.GPIO_ResetBits)
    GPIO_SetBits                             0x080014ed   Thumb Code     4  stm32f4xx_gpio.o(i.GPIO_SetBits)
    GPIO_WriteBit                            0x080014f1   Thumb Code    12  stm32f4xx_gpio.o(i.GPIO_WriteBit)
    HardFault_Handler                        0x080014fd   Thumb Code     2  stm32f4xx_it.o(i.HardFault_Handler)
    LCD_Blending                             0x08001501   Thumb Code    58  stm32f4_evb_lcd.o(i.LCD_Blending)
    LCD_Clear                                0x08001541   Thumb Code    22  stm32f4_evb_lcd.o(i.LCD_Clear)
    LCD_ClearLine                            0x08001561   Thumb Code   100  stm32f4_evb_lcd.o(i.LCD_ClearLine)
    LCD_CtrlLinesConfig                      0x080015c9   Thumb Code   292  stm32f4_evb_lcd.o(i.LCD_CtrlLinesConfig)
    LCD_DisplayChar                          0x080016fd   Thumb Code    34  stm32f4_evb_lcd.o(i.LCD_DisplayChar)
    LCD_DisplayStringLine                    0x08001725   Thumb Code    52  stm32f4_evb_lcd.o(i.LCD_DisplayStringLine)
    LCD_DrawChar                             0x0800175d   Thumb Code   150  stm32f4_evb_lcd.o(i.LCD_DrawChar)
    LCD_FSMCConfig                           0x080017f9   Thumb Code    88  stm32f4_evb_lcd.o(i.LCD_FSMCConfig)
    LCD_GetFont                              0x08001851   Thumb Code     6  stm32f4_evb_lcd.o(i.LCD_GetFont)
    LCD_Init                                 0x0800185d   Thumb Code   162  stm32f4_evb_lcd.o(i.LCD_Init)
    LCD_LOG_DeInit                           0x08001905   Thumb Code    34  lcd_log.o(i.LCD_LOG_DeInit)
    LCD_LOG_Init                             0x0800192d   Thumb Code    16  lcd_log.o(i.LCD_LOG_Init)
    LCD_LOG_SetFooter                        0x0800193d   Thumb Code    52  lcd_log.o(i.LCD_LOG_SetFooter)
    LCD_LOG_SetHeader                        0x08001971   Thumb Code   158  lcd_log.o(i.LCD_LOG_SetHeader)
    LCD_SetBackColor                         0x08001a19   Thumb Code    12  stm32f4_evb_lcd.o(i.LCD_SetBackColor)
    LCD_SetFont                              0x08001a29   Thumb Code     6  stm32f4_evb_lcd.o(i.LCD_SetFont)
    LCD_SetTextColor                         0x08001a35   Thumb Code    12  stm32f4_evb_lcd.o(i.LCD_SetTextColor)
    LED_Off                                  0x08001a45   Thumb Code     8  motor_led_control.o(i.LED_Off)
    LED_On                                   0x08001a51   Thumb Code    44  motor_led_control.o(i.LED_On)
    Light                                    0x08001a81   Thumb Code    74  main.o(i.Light)
    Light_Str_Processing                     0x08001ad1   Thumb Code   264  main.o(i.Light_Str_Processing)
    LwIP_Init                                0x08001be5   Thumb Code   148  netconf.o(i.LwIP_Init)
    LwIP_Periodic_Handle                     0x08001cb1   Thumb Code    70  netconf.o(i.LwIP_Periodic_Handle)
    LwIP_Pkt_Handle                          0x08001d01   Thumb Code     6  netconf.o(i.LwIP_Pkt_Handle)
    MemManage_Handler                        0x08001d0d   Thumb Code     2  stm32f4xx_it.o(i.MemManage_Handler)
    Motor_Off                                0x08001d11   Thumb Code    10  motor_led_control.o(i.Motor_Off)
    Motor_On                                 0x08001d21   Thumb Code    52  motor_led_control.o(i.Motor_On)
    NMI_Handler                              0x08001d59   Thumb Code     2  stm32f4xx_it.o(i.NMI_Handler)
    PSRAM_Init                               0x08001d5d   Thumb Code   630  stm32f4_evb_fsmc_psram.o(i.PSRAM_Init)
    PWR_BackupAccessCmd                      0x08001fe5   Thumb Code     6  stm32f4xx_pwr.o(i.PWR_BackupAccessCmd)
    PendSV_Handler                           0x08001ff1   Thumb Code     2  stm32f4xx_it.o(i.PendSV_Handler)
    RCC_AHB1PeriphClockCmd                   0x08001ff5   Thumb Code    22  stm32f4xx_rcc.o(i.RCC_AHB1PeriphClockCmd)
    RCC_AHB1PeriphResetCmd                   0x08002011   Thumb Code    22  stm32f4xx_rcc.o(i.RCC_AHB1PeriphResetCmd)
    RCC_AHB2PeriphClockCmd                   0x0800202d   Thumb Code    22  stm32f4xx_rcc.o(i.RCC_AHB2PeriphClockCmd)
    RCC_AHB3PeriphClockCmd                   0x08002049   Thumb Code    22  stm32f4xx_rcc.o(i.RCC_AHB3PeriphClockCmd)
    RCC_APB1PeriphClockCmd                   0x08002065   Thumb Code    22  stm32f4xx_rcc.o(i.RCC_APB1PeriphClockCmd)
    RCC_APB2PeriphClockCmd                   0x08002081   Thumb Code    22  stm32f4xx_rcc.o(i.RCC_APB2PeriphClockCmd)
    RCC_GetClocksFreq                        0x0800209d   Thumb Code   148  stm32f4xx_rcc.o(i.RCC_GetClocksFreq)
    RCC_GetFlagStatus                        0x08002141   Thumb Code    50  stm32f4xx_rcc.o(i.RCC_GetFlagStatus)
    RCC_LSICmd                               0x08002179   Thumb Code     6  stm32f4xx_rcc.o(i.RCC_LSICmd)
    RCC_MCO1Config                           0x08002185   Thumb Code    16  stm32f4xx_rcc.o(i.RCC_MCO1Config)
    RCC_RTCCLKCmd                            0x08002199   Thumb Code     6  stm32f4xx_rcc.o(i.RCC_RTCCLKCmd)
    RCC_RTCCLKConfig                         0x080021a5   Thumb Code    40  stm32f4xx_rcc.o(i.RCC_RTCCLKConfig)
    RNG_Cmd                                  0x080021d5   Thumb Code    26  stm32f4xx_rng.o(i.RNG_Cmd)
    RTC_Config                               0x0800221f   Thumb Code    70  main.o(i.RTC_Config)
    RTC_EnterInitMode                        0x08002265   Thumb Code    62  stm32f4xx_rtc.o(i.RTC_EnterInitMode)
    RTC_ExitInitMode                         0x080022a9   Thumb Code    12  stm32f4xx_rtc.o(i.RTC_ExitInitMode)
    RTC_GetDate                              0x080022b9   Thumb Code    64  stm32f4xx_rtc.o(i.RTC_GetDate)
    RTC_GetTime                              0x08002301   Thumb Code    68  stm32f4xx_rtc.o(i.RTC_GetTime)
    RTC_Init                                 0x0800234d   Thumb Code    74  stm32f4xx_rtc.o(i.RTC_Init)
    RTC_SetDate                              0x0800239d   Thumb Code   156  stm32f4xx_rtc.o(i.RTC_SetDate)
    RTC_SetTime                              0x08002441   Thumb Code   160  stm32f4xx_rtc.o(i.RTC_SetTime)
    RTC_WaitForSynchro                       0x080024e9   Thumb Code    72  stm32f4xx_rtc.o(i.RTC_WaitForSynchro)
    SVC_Handler                              0x08002535   Thumb Code     2  stm32f4xx_it.o(i.SVC_Handler)
    SYSCFG_ETH_MediaInterfaceConfig          0x08002539   Thumb Code     6  stm32f4xx_syscfg.o(i.SYSCFG_ETH_MediaInterfaceConfig)
    Sever_Time_Str_Processing                0x08002621   Thumb Code    44  main.o(i.Sever_Time_Str_Processing)
    Soak                                     0x08002651   Thumb Code   130  main.o(i.Soak)
    Soak_Str_Processing                      0x080026d9   Thumb Code   188  main.o(i.Soak_Str_Processing)
    Str_Split                                0x0800279d   Thumb Code    88  main.o(i.Str_Split)
    SysTick_Handler                          0x080027fd   Thumb Code    14  stm32f4xx_it.o(i.SysTick_Handler)
    SystemInit                               0x0800280d   Thumb Code    74  system_stm32f4xx.o(i.SystemInit)
    Time_Date_Setting                        0x08002869   Thumb Code    42  main.o(i.Time_Date_Setting)
    Time_Update                              0x08002899   Thumb Code    10  main.o(i.Time_Update)
    TimingDelay_Decrement                    0x080028a9   Thumb Code    16  main.o(i.TimingDelay_Decrement)
    USART1_IRQHandler                        0x080028bd   Thumb Code     2  stm32f4xx_it.o(i.USART1_IRQHandler)
    UsageFault_Handler                       0x080028bf   Thumb Code     2  stm32f4xx_it.o(i.UsageFault_Handler)
    Water                                    0x080028c1   Thumb Code    70  main.o(i.Water)
    Water_Str_Processing                     0x0800290d   Thumb Code   198  main.o(i.Water_Str_Processing)
    __0sprintf$3                             0x080029e1   Thumb Code    34  printf3.o(i.__0sprintf$3)
    __1sprintf$3                             0x080029e1   Thumb Code     0  printf3.o(i.__0sprintf$3)
    __2sprintf                               0x080029e1   Thumb Code     0  printf3.o(i.__0sprintf$3)
    __aeabi_errno_addr                       0x08002a09   Thumb Code     4  errno.o(i.__aeabi_errno_addr)
    __rt_errno_addr                          0x08002a09   Thumb Code     0  errno.o(i.__aeabi_errno_addr)
    __scatterload_copy                       0x08002a11   Thumb Code    14  handlers.o(i.__scatterload_copy)
    __scatterload_null                       0x08002a1f   Thumb Code     2  handlers.o(i.__scatterload_null)
    __scatterload_zeroinit                   0x08002a21   Thumb Code    14  handlers.o(i.__scatterload_zeroinit)
    autoip_arp_reply                         0x08002c1d   Thumb Code   140  autoip.o(i.autoip_arp_reply)
    autoip_start                             0x08002d1d   Thumb Code    96  autoip.o(i.autoip_start)
    connectCallback                          0x08002dc9   Thumb Code   130  netconf.o(i.connectCallback)
    connect_close                            0x08002e89   Thumb Code    38  netconf.o(i.connect_close)
    delay_us                                 0x08002ed1   Thumb Code    14  timer.o(i.delay_us)
    dhcp_arp_reply                           0x08002edf   Thumb Code    30  dhcp.o(i.dhcp_arp_reply)
    dht11_read                               0x08003145   Thumb Code   310  dht11.o(i.dht11_read)
    dns_gethostbyname                        0x0800340d   Thumb Code    88  dns.o(i.dns_gethostbyname)
    dns_init                                 0x08003469   Thumb Code    56  dns.o(i.dns_init)
    dns_setserver                            0x08003729   Thumb Code    34  dns.o(i.dns_setserver)
    domainFound                              0x08003751   Thumb Code    84  netconf.o(i.domainFound)
    etharp_arp_input                         0x080037d9   Thumb Code   296  etharp.o(i.etharp_arp_input)
    etharp_ip_input                          0x08003905   Thumb Code    42  etharp.o(i.etharp_ip_input)
    etharp_output                            0x08003931   Thumb Code   178  etharp.o(i.etharp_output)
    etharp_query                             0x080039e9   Thumb Code   280  etharp.o(i.etharp_query)
    etharp_raw                               0x08003b05   Thumb Code   178  etharp.o(i.etharp_raw)
    etharp_request                           0x08003bbd   Thumb Code    32  etharp.o(i.etharp_request)
    etharp_tmr                               0x08003c15   Thumb Code    74  etharp.o(i.etharp_tmr)
    ethernet_input                           0x08003c65   Thumb Code    90  etharp.o(i.ethernet_input)
    ethernetif_init                          0x08003cc1   Thumb Code    30  ethernetif.o(i.ethernetif_init)
    ethernetif_input                         0x08003ce9   Thumb Code    42  ethernetif.o(i.ethernetif_input)
    gpio_clr                                 0x08003e6f   Thumb Code     6  gpio.o(i.gpio_clr)
    gpio_get_input                           0x08003e75   Thumb Code     4  gpio.o(i.gpio_get_input)
    gpio_in_cfg                              0x08003e79   Thumb Code    20  gpio.o(i.gpio_in_cfg)
    gpio_out_cfg                             0x08003e8d   Thumb Code    32  gpio.o(i.gpio_out_cfg)
    gpio_set                                 0x08003ead   Thumb Code     6  gpio.o(i.gpio_set)
    htonl                                    0x08003eb3   Thumb Code    24  inet.o(i.htonl)
    htons                                    0x08003ecb   Thumb Code    10  inet.o(i.htons)
    icmp_dest_unreach                        0x08003ed5   Thumb Code     8  icmp.o(i.icmp_dest_unreach)
    icmp_input                               0x08003edd   Thumb Code   324  icmp.o(i.icmp_input)
    icmp_time_exceeded                       0x08004089   Thumb Code     8  icmp.o(i.icmp_time_exceeded)
    inet_addr                                0x08004091   Thumb Code    20  inet.o(i.inet_addr)
    inet_aton                                0x080040a5   Thumb Code   276  inet.o(i.inet_aton)
    inet_chksum                              0x080041b9   Thumb Code    12  inet_chksum.o(i.inet_chksum)
    inet_chksum_pbuf                         0x080041c5   Thumb Code    72  inet_chksum.o(i.inet_chksum_pbuf)
    ip_addr_isbroadcast                      0x0800420d   Thumb Code    62  ip_addr.o(i.ip_addr_isbroadcast)
    ip_frag                                  0x0800424d   Thumb Code   312  ip_frag.o(i.ip_frag)
    ip_input                                 0x08004389   Thumb Code   436  ip.o(i.ip_input)
    ip_output                                0x08004545   Thumb Code    52  ip.o(i.ip_output)
    ip_output_if                             0x08004579   Thumb Code   210  ip.o(i.ip_output_if)
    ip_reass                                 0x08004651   Thumb Code   376  ip_frag.o(i.ip_reass)
    ip_route                                 0x08004a21   Thumb Code    62  ip.o(i.ip_route)
    main                                     0x08004bd1   Thumb Code   248  main.o(i.main)
    malloc                                   0x08004d35   Thumb Code    92  malloc.o(i.malloc)
    mem_free                                 0x08004da1   Thumb Code    38  mem.o(i.mem_free)
    mem_init                                 0x08004dcd   Thumb Code    44  mem.o(i.mem_init)
    mem_malloc                               0x08004e01   Thumb Code   180  mem.o(i.mem_malloc)
    mem_realloc                              0x08004eb9   Thumb Code   198  mem.o(i.mem_realloc)
    memp_free                                0x08004f85   Thumb Code    18  memp.o(i.memp_free)
    memp_init                                0x08004f9d   Thumb Code    78  memp.o(i.memp_init)
    memp_malloc                              0x08004ff5   Thumb Code    28  memp.o(i.memp_malloc)
    netif_add                                0x08005015   Thumb Code    70  netif.o(i.netif_add)
    netif_is_up                              0x08005061   Thumb Code    10  netif.o(i.netif_is_up)
    netif_set_addr                           0x0800506b   Thumb Code    34  netif.o(i.netif_set_addr)
    netif_set_default                        0x0800508d   Thumb Code     6  netif.o(i.netif_set_default)
    netif_set_down                           0x08005099   Thumb Code    18  netif.o(i.netif_set_down)
    netif_set_gw                             0x080050ab   Thumb Code    14  netif.o(i.netif_set_gw)
    netif_set_ipaddr                         0x080050b9   Thumb Code    96  netif.o(i.netif_set_ipaddr)
    netif_set_netmask                        0x08005121   Thumb Code    14  netif.o(i.netif_set_netmask)
    netif_set_up                             0x0800512f   Thumb Code    28  netif.o(i.netif_set_up)
    ntohl                                    0x0800514b   Thumb Code     4  inet.o(i.ntohl)
    ntohs                                    0x0800514f   Thumb Code     4  inet.o(i.ntohs)
    pbuf_alloc                               0x08005153   Thumb Code   298  pbuf.o(i.pbuf_alloc)
    pbuf_cat                                 0x0800527d   Thumb Code    40  pbuf.o(i.pbuf_cat)
    pbuf_chain                               0x080052a5   Thumb Code    20  pbuf.o(i.pbuf_chain)
    pbuf_clen                                0x080052b9   Thumb Code    18  pbuf.o(i.pbuf_clen)
    pbuf_copy                                0x080052cb   Thumb Code   150  pbuf.o(i.pbuf_copy)
    pbuf_copy_partial                        0x08005361   Thumb Code   108  pbuf.o(i.pbuf_copy_partial)
    pbuf_free                                0x080053cd   Thumb Code    82  pbuf.o(i.pbuf_free)
    pbuf_header                              0x0800541f   Thumb Code   104  pbuf.o(i.pbuf_header)
    pbuf_realloc                             0x08005487   Thumb Code    78  pbuf.o(i.pbuf_realloc)
    pbuf_ref                                 0x080054d5   Thumb Code    12  pbuf.o(i.pbuf_ref)
    raw_input                                0x08005535   Thumb Code    98  raw.o(i.raw_input)
    send_sensors                             0x0800559d   Thumb Code   116  netconf.o(i.send_sensors)
    tcpRecvCallback                          0x0800563d   Thumb Code   296  netconf.o(i.tcpRecvCallback)
    tcp_abandon                              0x080057e5   Thumb Code   146  tcp.o(i.tcp_abandon)
    tcp_alloc                                0x0800587d   Thumb Code   152  tcp.o(i.tcp_alloc)
    tcp_arg                                  0x08005921   Thumb Code     4  tcp.o(i.tcp_arg)
    tcp_close                                0x08005925   Thumb Code   204  tcp.o(i.tcp_close)
    tcp_connect                              0x080059f5   Thumb Code   198  tcp.o(i.tcp_connect)
    tcp_eff_send_mss                         0x08005ac1   Thumb Code    32  tcp.o(i.tcp_eff_send_mss)
    tcp_enqueue                              0x08005ae1   Thumb Code   858  tcp_out.o(i.tcp_enqueue)
    tcp_fasttmr                              0x08005e3d   Thumb Code    86  tcp.o(i.tcp_fasttmr)
    tcp_input                                0x08005e99   Thumb Code   810  tcp_in.o(i.tcp_input)
    tcp_keepalive                            0x080061d9   Thumb Code    72  tcp_out.o(i.tcp_keepalive)
    tcp_new                                  0x08006385   Thumb Code     6  tcp.o(i.tcp_new)
    tcp_next_iss                             0x080063e9   Thumb Code    12  tcp.o(i.tcp_next_iss)
    tcp_output                               0x080063f9   Thumb Code   418  tcp_out.o(i.tcp_output)
    tcp_pcb_purge                            0x08006759   Thumb Code    48  tcp.o(i.tcp_pcb_purge)
    tcp_pcb_remove                           0x08006789   Thumb Code    92  tcp.o(i.tcp_pcb_remove)
    tcp_recv                                 0x08007071   Thumb Code     6  tcp.o(i.tcp_recv)
    tcp_recv_null                            0x08007077   Thumb Code    38  tcp.o(i.tcp_recv_null)
    tcp_recved                               0x0800709d   Thumb Code    60  tcp.o(i.tcp_recved)
    tcp_rexmit                               0x080070d9   Thumb Code    72  tcp_out.o(i.tcp_rexmit)
    tcp_rexmit_fast                          0x08007121   Thumb Code    96  tcp_out.o(i.tcp_rexmit_fast)
    tcp_rexmit_rto                           0x08007181   Thumb Code    46  tcp_out.o(i.tcp_rexmit_rto)
    tcp_rst                                  0x080071af   Thumb Code   158  tcp_out.o(i.tcp_rst)
    tcp_seg_free                             0x0800724d   Thumb Code    32  tcp.o(i.tcp_seg_free)
    tcp_segs_free                            0x0800726d   Thumb Code    26  tcp.o(i.tcp_segs_free)
    tcp_send_ctrl                            0x08007287   Thumb Code    20  tcp_out.o(i.tcp_send_ctrl)
    tcp_send_empty_ack                       0x0800729b   Thumb Code    86  tcp_out.o(i.tcp_send_empty_ack)
    tcp_sent                                 0x080072f1   Thumb Code     6  tcp.o(i.tcp_sent)
    tcp_slowtmr                              0x080072f9   Thumb Code   550  tcp.o(i.tcp_slowtmr)
    tcp_tmr                                  0x080075a5   Thumb Code    28  tcp.o(i.tcp_tmr)
    tcp_update_rcv_ann_wnd                   0x080075c5   Thumb Code    54  tcp.o(i.tcp_update_rcv_ann_wnd)
    tcp_write                                0x080075fb   Thumb Code    46  tcp_out.o(i.tcp_write)
    tcp_zero_window_probe                    0x08007629   Thumb Code   160  tcp_out.o(i.tcp_zero_window_probe)
    tim_init                                 0x080076c9   Thumb Code    30  timer.o(i.tim_init)
    udp_bind                                 0x080076ed   Thumb Code    94  udp.o(i.udp_bind)
    udp_connect                              0x08007751   Thumb Code    74  udp.o(i.udp_connect)
    udp_input                                0x080077a1   Thumb Code   408  udp.o(i.udp_input)
    udp_new                                  0x0800793d   Thumb Code    28  udp.o(i.udp_new)
    udp_recv                                 0x08007959   Thumb Code     6  udp.o(i.udp_recv)
    udp_sendto                               0x0800795f   Thumb Code    40  udp.o(i.udp_sendto)
    udp_sendto_if                            0x08007987   Thumb Code   182  udp.o(i.udp_sendto_if)
    update_sensors                           0x08007ae5   Thumb Code   116  netconf.o(i.update_sensors)
    ASCII16x24_Table                         0x08007b84   Data        4560  stm32f4_evb_lcd.o(.constdata)
    ASCII12x12_Table                         0x08008d54   Data        2304  stm32f4_evb_lcd.o(.constdata)
    ASCII8x12_Table                          0x08009654   Data        2304  stm32f4_evb_lcd.o(.constdata)
    tcp_persist_backoff                      0x08009f78   Data           7  tcp.o(.constdata)
    tcp_backoff                              0x08009f7f   Data          13  tcp.o(.constdata)
    ip_addr_any                              0x08009f8c   Data           4  ip_addr.o(.constdata)
    ip_addr_broadcast                        0x08009f90   Data           4  ip_addr.o(.constdata)
    ethbroadcast                             0x08009f94   Data           6  etharp.o(.constdata)
    ethzero                                  0x08009f9a   Data           6  etharp.o(.constdata)
    __ctype_table                            0x08009fb8   Data         129  ctype_o.o(.constdata)
    Region$$Table$$Base                      0x0800a104   Number         0  anon$$obj.o(Region$$Table)
    Region$$Table$$Limit                     0x0800a124   Number         0  anon$$obj.o(Region$$Table)
    LocalTime                                0x20000000   Data           4  main.o(.data)
    Soak_Drain_Time                          0x20000004   Data           4  main.o(.data)
    Soak_Drain                               0x20000008   Data           4  main.o(.data)
    Light_Period                             0x2000000c   Data           4  main.o(.data)
    soak_time_head                           0x20000010   Data           4  main.o(.data)
    soak_time_cur                            0x20000014   Data           4  main.o(.data)
    soak_time_prev                           0x20000018   Data           4  main.o(.data)
    water_time_head                          0x2000001c   Data           4  main.o(.data)
    water_time_cur                           0x20000020   Data           4  main.o(.data)
    water_time_prev                          0x20000024   Data           4  main.o(.data)
    light_time_head                          0x20000028   Data           4  main.o(.data)
    light_time_cur                           0x2000002c   Data           4  main.o(.data)
    light_time_prev                          0x20000030   Data           4  main.o(.data)
    RTC_TimeStruct                           0x20000038   Data           4  main.o(.data)
    RTC_DateStruct                           0x2000003c   Data           4  main.o(.data)
    soak_time_end_hour                       0x20000040   Data           4  main.o(.data)
    soak_time_end_min                        0x20000044   Data           4  main.o(.data)
    error                                    0x20000048   Data           1  netconf.o(.data)
    sent_count                               0x2000004a   Data           2  netconf.o(.data)
    TCPTimer                                 0x2000004c   Data           4  netconf.o(.data)
    ARPTimer                                 0x20000050   Data           4  netconf.o(.data)
    UpdateTimer                              0x20000054   Data           4  netconf.o(.data)
    testpcb                                  0x20000058   Data           4  netconf.o(.data)
    server_ip                                0x2000005c   Data           4  netconf.o(.data)
    EthLinkStatus                            0x20000060   Data           1  stm32f4x7_eth_bsp.o(.data)
    EthInitStatus                            0x20000064   Data           4  stm32f4x7_eth_bsp.o(.data)
    Font16x24                                0x20000074   Data           8  stm32f4_evb_lcd.o(.data)
    Font12x12                                0x2000007c   Data           8  stm32f4_evb_lcd.o(.data)
    Font8x12                                 0x20000084   Data           8  stm32f4_evb_lcd.o(.data)
    DMATxDescToSet                           0x2000009c   Data           4  stm32f4x7_eth.o(.data)
    DMARxDescToGet                           0x200000a0   Data           4  stm32f4x7_eth.o(.data)
    DMA_RX_FRAME_infos                       0x200000a4   Data           4  stm32f4x7_eth.o(.data)
    LCD_CacheBuffer_yptr_invert              0x200000a8   Data           1  lcd_log.o(.data)
    LCD_ScrollActive                         0x200000a9   Data           1  lcd_log.o(.data)
    LCD_Lock                                 0x200000aa   Data           1  lcd_log.o(.data)
    LCD_Scrolled                             0x200000ab   Data           1  lcd_log.o(.data)
    LCD_LineColor                            0x200000ac   Data           2  lcd_log.o(.data)
    LCD_CacheBuffer_xptr                     0x200000ae   Data           2  lcd_log.o(.data)
    LCD_CacheBuffer_yptr_top                 0x200000b0   Data           2  lcd_log.o(.data)
    LCD_CacheBuffer_yptr_bottom              0x200000b2   Data           2  lcd_log.o(.data)
    LCD_CacheBuffer_yptr_top_bak             0x200000b4   Data           2  lcd_log.o(.data)
    LCD_CacheBuffer_yptr_bottom_bak          0x200000b6   Data           2  lcd_log.o(.data)
    LCD_ScrollBackStep                       0x200000b8   Data           2  lcd_log.o(.data)
    netif_list                               0x200000e4   Data           4  netif.o(.data)
    netif_default                            0x200000e8   Data           4  netif.o(.data)
    tcp_ticks                                0x200000f8   Data           4  tcp.o(.data)
    tcp_bound_pcbs                           0x200000fc   Data           4  tcp.o(.data)
    tcp_listen_pcbs                          0x20000100   Data           4  tcp.o(.data)
    tcp_active_pcbs                          0x20000104   Data           4  tcp.o(.data)
    tcp_tw_pcbs                              0x20000108   Data           4  tcp.o(.data)
    tcp_tmp_pcb                              0x2000010c   Data           4  tcp.o(.data)
    tcp_state_str                            0x20000110   Data          44  tcp.o(.data)
    tcp_input_pcb                            0x20000154   Data           4  tcp_in.o(.data)
    udp_pcbs                                 0x20000158   Data           4  udp.o(.data)
    current_netif                            0x20000160   Data           4  ip.o(.data)
    current_header                           0x20000164   Data           4  ip.o(.data)
    __microlib_freelist                      0x20000178   Data           4  mvars.o(.data)
    __microlib_freelist_initialised          0x2000017c   Data           4  mvars.o(.data)
    init_time                                0x20000184   Data          24  main.o(.bss)
    Internet_Str                             0x2000019c   Data          28  main.o(.bss)
    netif                                    0x200001b8   Data          56  netconf.o(.bss)
    data                                     0x200001f0   Data          28  netconf.o(.bss)
    DMARxDscrTab                             0x2000020c   Data         160  stm32f4x7_eth.o(.bss)
    DMATxDscrTab                             0x200002ac   Data         160  stm32f4x7_eth.o(.bss)
    Rx_Buff                                  0x2000034c   Data        7620  stm32f4x7_eth.o(.bss)
    Tx_Buff                                  0x20002110   Data        7620  stm32f4x7_eth.o(.bss)
    RX_Frame_Descriptor                      0x20003ed4   Data          12  stm32f4x7_eth.o(.bss)
    __heap_base                              0x2000c1d0   Data           0  startup_stm32f40xx.o(HEAP)
    __heap_limit                             0x2000c3d0   Data           0  startup_stm32f40xx.o(HEAP)
    __initial_sp                             0x2000c7d0   Data           0  startup_stm32f40xx.o(STACK)



==============================================================================

Memory Map of the image

  Image Entry point : 0x08000189

  Load Region LR_IROM1 (Base: 0x08000000, Size: 0x0000a2a8, Max: 0x00100000, ABSOLUTE, COMPRESSED[0x0000a180])

    Execution Region ER_IROM1 (Base: 0x08000000, Size: 0x0000a124, Max: 0x00100000, ABSOLUTE)

    Base Addr    Size         Type   Attr      Idx    E Section Name        Object

    0x08000000   0x00000188   Data   RO         5989    RESET               startup_stm32f40xx.o
    0x08000188   0x00000000   Code   RO         7713  * .ARM.Collect$$$$00000000  mc_w.l(entry.o)
    0x08000188   0x00000004   Code   RO         8048    .ARM.Collect$$$$00000001  mc_w.l(entry2.o)
    0x0800018c   0x00000004   Code   RO         8051    .ARM.Collect$$$$00000004  mc_w.l(entry5.o)
    0x08000190   0x00000000   Code   RO         8053    .ARM.Collect$$$$00000008  mc_w.l(entry7b.o)
    0x08000190   0x00000000   Code   RO         8055    .ARM.Collect$$$$0000000A  mc_w.l(entry8b.o)
    0x08000190   0x00000008   Code   RO         8056    .ARM.Collect$$$$0000000B  mc_w.l(entry9a.o)
    0x08000198   0x00000000   Code   RO         8058    .ARM.Collect$$$$0000000D  mc_w.l(entry10a.o)
    0x08000198   0x00000000   Code   RO         8060    .ARM.Collect$$$$0000000F  mc_w.l(entry11a.o)
    0x08000198   0x00000004   Code   RO         8049    .ARM.Collect$$$$00002712  mc_w.l(entry2.o)
    0x0800019c   0x00000024   Code   RO         5990    .text               startup_stm32f40xx.o
    0x080001c0   0x000000a8   Code   RO         7720    .text               mc_w.l(mktime.o)
    0x08000268   0x00000024   Code   RO         7723    .text               mc_w.l(memcpya.o)
    0x0800028c   0x00000024   Code   RO         7725    .text               mc_w.l(memseta.o)
    0x080002b0   0x00000024   Code   RO         7727    .text               mc_w.l(strstr.o)
    0x080002d4   0x0000000e   Code   RO         7729    .text               mc_w.l(strlen.o)
    0x080002e2   0x0000001c   Code   RO         7731    .text               mc_w.l(strcmp.o)
    0x080002fe   0x0000001a   Code   RO         7733    .text               mc_w.l(memcmp.o)
    0x08000318   0x00000012   Code   RO         7735    .text               mc_w.l(strcpy.o)
    0x0800032a   0x0000001e   Code   RO         7737    .text               mc_w.l(strncmp.o)
    0x08000348   0x00000044   Code   RO         7739    .text               mc_w.l(strtok.o)
    0x0800038c   0x00000022   Code   RO         7745    .text               mc_w.l(strcspn.o)
    0x080003ae   0x0000001a   Code   RO         8038    .text               mc_w.l(atoi.o)
    0x080003c8   0x0000002c   Code   RO         8063    .text               mc_w.l(uidiv.o)
    0x080003f4   0x0000000c   Code   RO         8067    .text               mc_w.l(localtime_w.o)
    0x08000400   0x0000008c   Code   RO         8070    .text               mc_w.l(localtime_i.o)
    0x0800048c   0x00000070   Code   RO         8082    .text               mc_w.l(strtol.o)
    0x080004fc   0x00000024   Code   RO         8095    .text               mc_w.l(init.o)
    0x08000520   0x00000008   Code   RO         8103    .text               mc_w.l(ctype_o.o)
    0x08000528   0x0000009e   Code   RO         8131    .text               mc_w.l(_strtoul.o)
    0x080005c6   0x0000001c   Code   RO         8133    .text               mc_w.l(_chval.o)
    0x080005e2   0x00000056   Code   RO         8143    .text               mc_w.l(__dczerorl2.o)
    0x08000638   0x00000002   Code   RO          336    i.BusFault_Handler  stm32f4xx_it.o
    0x0800063a   0x00000018   Code   RO         2077    i.DMA_Cmd           stm32f4xx_dma.o
    0x08000652   0x00000002   PAD
    0x08000654   0x000000c0   Code   RO          719    i.DMA_Config        stm32f4_evb_lcd.o
    0x08000714   0x0000012c   Code   RO         2078    i.DMA_DeInit        stm32f4xx_dma.o
    0x08000840   0x0000000e   Code   RO         2082    i.DMA_GetCmdStatus  stm32f4xx_dma.o
    0x0800084e   0x00000002   PAD
    0x08000850   0x00000054   Code   RO         2089    i.DMA_Init          stm32f4xx_dma.o
    0x080008a4   0x0000002c   Code   RO          441    i.DNS_Init          netconf.o
    0x080008d0   0x00000002   Code   RO          337    i.DebugMon_Handler  stm32f4xx_it.o
    0x080008d2   0x00000002   PAD
    0x080008d4   0x00000078   Code   RO          562    i.ETH_BSP_Config    stm32f4x7_eth_bsp.o
    0x0800094c   0x00000068   Code   RO         5354    i.ETH_CheckFrameReceived  stm32f4x7_eth.o
    0x080009b4   0x00000020   Code   RO         5358    i.ETH_DMAReceptionCmd  stm32f4x7_eth.o
    0x080009d4   0x0000005c   Code   RO         5359    i.ETH_DMARxDescChainInit  stm32f4x7_eth.o
    0x08000a30   0x00000020   Code   RO         5361    i.ETH_DMATransmissionCmd  stm32f4x7_eth.o
    0x08000a50   0x00000048   Code   RO         5364    i.ETH_DMATxDescChainInit  stm32f4x7_eth.o
    0x08000a98   0x00000008   Code   RO         5365    i.ETH_DMATxDescChecksumInsertionConfig  stm32f4x7_eth.o
    0x08000aa0   0x00000018   Code   RO         5370    i.ETH_DeInit        stm32f4x7_eth.o
    0x08000ab8   0x00000018   Code   RO         5371    i.ETH_Delay         stm32f4x7_eth.o
    0x08000ad0   0x00000010   Code   RO         5373    i.ETH_FlushTransmitFIFO  stm32f4x7_eth.o
    0x08000ae0   0x00000160   Code   RO          563    i.ETH_GPIO_Config   stm32f4x7_eth_bsp.o
    0x08000c40   0x00000014   Code   RO         5399    i.ETH_GetSoftwareResetStatus  stm32f4x7_eth.o
    0x08000c54   0x0000003c   Code   RO         5401    i.ETH_Get_Received_Frame  stm32f4x7_eth.o
    0x08000c90   0x00000254   Code   RO         5404    i.ETH_Init          stm32f4x7_eth.o
    0x08000ee4   0x0000002c   Code   RO         5406    i.ETH_MACAddressConfig  stm32f4x7_eth.o
    0x08000f10   0x00000078   Code   RO          564    i.ETH_MACDMA_Config  stm32f4x7_eth_bsp.o
    0x08000f88   0x00000020   Code   RO         5411    i.ETH_MACReceptionCmd  stm32f4x7_eth.o
    0x08000fa8   0x00000020   Code   RO         5412    i.ETH_MACTransmissionCmd  stm32f4x7_eth.o
    0x08000fc8   0x000000b0   Code   RO         5423    i.ETH_Prepare_Transmit_Descriptors  stm32f4x7_eth.o
    0x08001078   0x00000058   Code   RO         5424    i.ETH_ReadPHYRegister  stm32f4x7_eth.o
    0x080010d0   0x00000010   Code   RO         5432    i.ETH_SoftwareReset  stm32f4x7_eth.o
    0x080010e0   0x00000022   Code   RO         5433    i.ETH_Start         stm32f4x7_eth.o
    0x08001102   0x0000009a   Code   RO         5434    i.ETH_StructInit    stm32f4x7_eth.o
    0x0800119c   0x00000058   Code   RO         5436    i.ETH_WritePHYRegister  stm32f4x7_eth.o
    0x080011f4   0x00000034   Code   RO          338    i.EXTI15_10_IRQHandler  stm32f4xx_it.o
    0x08001228   0x00000002   Code   RO          339    i.EXTI2_IRQHandler  stm32f4xx_it.o
    0x0800122a   0x00000002   PAD
    0x0800122c   0x0000000c   Code   RO         2208    i.EXTI_ClearITPendingBit  stm32f4xx_exti.o
    0x08001238   0x00000014   Code   RO         2212    i.EXTI_GetITStatus  stm32f4xx_exti.o
    0x0800124c   0x000000c8   Code   RO          566    i.Eth_Link_ITHandler  stm32f4x7_eth_bsp.o
    0x08001314   0x0000003c   Code   RO          567    i.Eth_Link_PHYITConfig  stm32f4x7_eth_bsp.o
    0x08001350   0x00000024   Code   RO         2542    i.FSMC_NORSRAMCmd   stm32f4xx_fsmc.o
    0x08001374   0x000000ca   Code   RO         2544    i.FSMC_NORSRAMInit  stm32f4xx_fsmc.o
    0x0800143e   0x0000007c   Code   RO         2664    i.GPIO_Init         stm32f4xx_gpio.o
    0x080014ba   0x00000020   Code   RO         2665    i.GPIO_PinAFConfig  stm32f4xx_gpio.o
    0x080014da   0x0000000e   Code   RO         2668    i.GPIO_ReadInputDataBit  stm32f4xx_gpio.o
    0x080014e8   0x00000004   Code   RO         2671    i.GPIO_ResetBits    stm32f4xx_gpio.o
    0x080014ec   0x00000004   Code   RO         2672    i.GPIO_SetBits      stm32f4xx_gpio.o
    0x080014f0   0x0000000c   Code   RO         2676    i.GPIO_WriteBit     stm32f4xx_gpio.o
    0x080014fc   0x00000002   Code   RO          340    i.HardFault_Handler  stm32f4xx_it.o
    0x080014fe   0x00000002   PAD
    0x08001500   0x00000040   Code   RO          720    i.LCD_Blending      stm32f4_evb_lcd.o
    0x08001540   0x00000020   Code   RO          721    i.LCD_Clear         stm32f4_evb_lcd.o
    0x08001560   0x00000068   Code   RO          722    i.LCD_ClearLine     stm32f4_evb_lcd.o
    0x080015c8   0x00000134   Code   RO          726    i.LCD_CtrlLinesConfig  stm32f4_evb_lcd.o
    0x080016fc   0x00000028   Code   RO          728    i.LCD_DisplayChar   stm32f4_evb_lcd.o
    0x08001724   0x00000038   Code   RO          731    i.LCD_DisplayStringLine  stm32f4_evb_lcd.o
    0x0800175c   0x0000009c   Code   RO          732    i.LCD_DrawChar      stm32f4_evb_lcd.o
    0x080017f8   0x00000058   Code   RO          740    i.LCD_FSMCConfig    stm32f4_evb_lcd.o
    0x08001850   0x0000000c   Code   RO          743    i.LCD_GetFont       stm32f4_evb_lcd.o
    0x0800185c   0x000000a8   Code   RO          744    i.LCD_Init          stm32f4_evb_lcd.o
    0x08001904   0x00000028   Code   RO         5925    i.LCD_LOG_DeInit    lcd_log.o
    0x0800192c   0x00000010   Code   RO         5926    i.LCD_LOG_Init      lcd_log.o
    0x0800193c   0x00000034   Code   RO         5927    i.LCD_LOG_SetFooter  lcd_log.o
    0x08001970   0x000000a8   Code   RO         5928    i.LCD_LOG_SetHeader  lcd_log.o
    0x08001a18   0x00000010   Code   RO          750    i.LCD_SetBackColor  stm32f4_evb_lcd.o
    0x08001a28   0x0000000c   Code   RO          754    i.LCD_SetFont       stm32f4_evb_lcd.o
    0x08001a34   0x00000010   Code   RO          755    i.LCD_SetTextColor  stm32f4_evb_lcd.o
    0x08001a44   0x0000000c   Code   RO         7674    i.LED_Off           motor_led_control.o
    0x08001a50   0x00000030   Code   RO         7675    i.LED_On            motor_led_control.o
    0x08001a80   0x00000050   Code   RO            5    i.Light             main.o
    0x08001ad0   0x00000114   Code   RO            6    i.Light_Str_Processing  main.o
    0x08001be4   0x000000cc   Code   RO          442    i.LwIP_Init         netconf.o
    0x08001cb0   0x00000050   Code   RO          443    i.LwIP_Periodic_Handle  netconf.o
    0x08001d00   0x0000000c   Code   RO          444    i.LwIP_Pkt_Handle   netconf.o
    0x08001d0c   0x00000002   Code   RO          341    i.MemManage_Handler  stm32f4xx_it.o
    0x08001d0e   0x00000002   PAD
    0x08001d10   0x00000010   Code   RO         7676    i.Motor_Off         motor_led_control.o
    0x08001d20   0x00000038   Code   RO         7677    i.Motor_On          motor_led_control.o
    0x08001d58   0x00000002   Code   RO          342    i.NMI_Handler       stm32f4xx_it.o
    0x08001d5a   0x00000002   PAD
    0x08001d5c   0x00000288   Code   RO         1008    i.PSRAM_Init        stm32f4_evb_fsmc_psram.o
    0x08001fe4   0x0000000c   Code   RO         3233    i.PWR_BackupAccessCmd  stm32f4xx_pwr.o
    0x08001ff0   0x00000002   Code   RO          343    i.PendSV_Handler    stm32f4xx_it.o
    0x08001ff2   0x00000002   PAD
    0x08001ff4   0x0000001c   Code   RO         3347    i.RCC_AHB1PeriphClockCmd  stm32f4xx_rcc.o
    0x08002010   0x0000001c   Code   RO         3349    i.RCC_AHB1PeriphResetCmd  stm32f4xx_rcc.o
    0x0800202c   0x0000001c   Code   RO         3350    i.RCC_AHB2PeriphClockCmd  stm32f4xx_rcc.o
    0x08002048   0x0000001c   Code   RO         3353    i.RCC_AHB3PeriphClockCmd  stm32f4xx_rcc.o
    0x08002064   0x0000001c   Code   RO         3356    i.RCC_APB1PeriphClockCmd  stm32f4xx_rcc.o
    0x08002080   0x0000001c   Code   RO         3359    i.RCC_APB2PeriphClockCmd  stm32f4xx_rcc.o
    0x0800209c   0x000000a4   Code   RO         3368    i.RCC_GetClocksFreq  stm32f4xx_rcc.o
    0x08002140   0x00000038   Code   RO         3369    i.RCC_GetFlagStatus  stm32f4xx_rcc.o
    0x08002178   0x0000000c   Code   RO         3378    i.RCC_LSICmd        stm32f4xx_rcc.o
    0x08002184   0x00000014   Code   RO         3380    i.RCC_MCO1Config    stm32f4xx_rcc.o
    0x08002198   0x0000000c   Code   RO         3390    i.RCC_RTCCLKCmd     stm32f4xx_rcc.o
    0x080021a4   0x00000030   Code   RO         3391    i.RCC_RTCCLKConfig  stm32f4xx_rcc.o
    0x080021d4   0x00000020   Code   RO         3681    i.RNG_Cmd           stm32f4xx_rng.o
    0x080021f4   0x00000012   Code   RO         3748    i.RTC_Bcd2ToByte    stm32f4xx_rtc.o
    0x08002206   0x00000018   Code   RO         3750    i.RTC_ByteToBcd2    stm32f4xx_rtc.o
    0x0800221e   0x00000046   Code   RO            7    i.RTC_Config        main.o
    0x08002264   0x00000044   Code   RO         3760    i.RTC_EnterInitMode  stm32f4xx_rtc.o
    0x080022a8   0x00000010   Code   RO         3761    i.RTC_ExitInitMode  stm32f4xx_rtc.o
    0x080022b8   0x00000048   Code   RO         3764    i.RTC_GetDate       stm32f4xx_rtc.o
    0x08002300   0x0000004c   Code   RO         3769    i.RTC_GetTime       stm32f4xx_rtc.o
    0x0800234c   0x00000050   Code   RO         3774    i.RTC_Init          stm32f4xx_rtc.o
    0x0800239c   0x000000a4   Code   RO         3780    i.RTC_SetDate       stm32f4xx_rtc.o
    0x08002440   0x000000a8   Code   RO         3781    i.RTC_SetTime       stm32f4xx_rtc.o
    0x080024e8   0x0000004c   Code   RO         3797    i.RTC_WaitForSynchro  stm32f4xx_rtc.o
    0x08002534   0x00000002   Code   RO          344    i.SVC_Handler       stm32f4xx_it.o
    0x08002536   0x00000002   PAD
    0x08002538   0x0000000c   Code   RO         4471    i.SYSCFG_ETH_MediaInterfaceConfig  stm32f4xx_syscfg.o
    0x08002544   0x000000dc   Code   RO         5883    i.SetSysClock       system_stm32f4xx.o
    0x08002620   0x00000030   Code   RO            8    i.Sever_Time_Str_Processing  main.o
    0x08002650   0x00000088   Code   RO            9    i.Soak              main.o
    0x080026d8   0x000000c4   Code   RO           10    i.Soak_Str_Processing  main.o
    0x0800279c   0x00000060   Code   RO           11    i.Str_Split         main.o
    0x080027fc   0x0000000e   Code   RO          345    i.SysTick_Handler   stm32f4xx_it.o
    0x0800280a   0x00000002   PAD
    0x0800280c   0x0000005c   Code   RO         5885    i.SystemInit        system_stm32f4xx.o
    0x08002868   0x00000030   Code   RO           12    i.Time_Date_Setting  main.o
    0x08002898   0x00000010   Code   RO           13    i.Time_Update       main.o
    0x080028a8   0x00000014   Code   RO           14    i.TimingDelay_Decrement  main.o
    0x080028bc   0x00000002   Code   RO          346    i.USART1_IRQHandler  stm32f4xx_it.o
    0x080028be   0x00000002   Code   RO          347    i.UsageFault_Handler  stm32f4xx_it.o
    0x080028c0   0x0000004c   Code   RO           15    i.Water             main.o
    0x0800290c   0x000000d4   Code   RO           16    i.Water_Str_Processing  main.o
    0x080029e0   0x00000028   Code   RO         7840    i.__0sprintf$3      mc_w.l(printf3.o)
    0x08002a08   0x00000008   Code   RO         8075    i.__aeabi_errno_addr  mc_w.l(errno.o)
    0x08002a10   0x0000000e   Code   RO         8137    i.__scatterload_copy  mc_w.l(handlers.o)
    0x08002a1e   0x00000002   Code   RO         8138    i.__scatterload_null  mc_w.l(handlers.o)
    0x08002a20   0x0000000e   Code   RO         8139    i.__scatterload_zeroinit  mc_w.l(handlers.o)
    0x08002a2e   0x00000002   PAD
    0x08002a30   0x000001b8   Code   RO         7845    i._printf_core      mc_w.l(printf3.o)
    0x08002be8   0x0000000a   Code   RO         7847    i._sputc            mc_w.l(printf3.o)
    0x08002bf2   0x00000002   PAD
    0x08002bf4   0x00000028   Code   RO         7108    i.autoip_arp_announce  autoip.o
    0x08002c1c   0x0000008c   Code   RO         7110    i.autoip_arp_reply  autoip.o
    0x08002ca8   0x00000050   Code   RO         7112    i.autoip_create_addr  autoip.o
    0x08002cf8   0x00000024   Code   RO         7113    i.autoip_handle_arp_conflict  autoip.o
    0x08002d1c   0x00000060   Code   RO         7116    i.autoip_start      autoip.o
    0x08002d7c   0x0000004a   Code   RO         7117    i.autoip_start_probing  autoip.o
    0x08002dc6   0x00000002   PAD
    0x08002dc8   0x000000c0   Code   RO          445    i.connectCallback   netconf.o
    0x08002e88   0x00000026   Code   RO          446    i.connect_close     netconf.o
    0x08002eae   0x00000002   PAD
    0x08002eb0   0x00000020   Code   RO          761    i.delay             stm32f4_evb_lcd.o
    0x08002ed0   0x0000000e   Code   RO         7644    i.delay_us          timer.o
    0x08002ede   0x0000001e   Code   RO         6045    i.dhcp_arp_reply    dhcp.o
    0x08002efc   0x00000104   Code   RO         6049    i.dhcp_create_request  dhcp.o
    0x08003000   0x00000088   Code   RO         6050    i.dhcp_decline      dhcp.o
    0x08003088   0x0000001c   Code   RO         6051    i.dhcp_delete_request  dhcp.o
    0x080030a4   0x0000001c   Code   RO         6063    i.dhcp_option       dhcp.o
    0x080030c0   0x0000000e   Code   RO         6064    i.dhcp_option_byte  dhcp.o
    0x080030ce   0x0000003a   Code   RO         6065    i.dhcp_option_long  dhcp.o
    0x08003108   0x0000002c   Code   RO         6067    i.dhcp_option_trailer  dhcp.o
    0x08003134   0x0000000e   Code   RO         6074    i.dhcp_set_state    dhcp.o
    0x08003142   0x00000002   PAD
    0x08003144   0x00000140   Code   RO         7566    i.dht11_read        dht11.o
    0x08003284   0x000000bc   Code   RO         6256    i.dns_check_entry   dns.o
    0x08003340   0x00000034   Code   RO         6257    i.dns_compare_name  dns.o
    0x08003374   0x00000098   Code   RO         6258    i.dns_enqueue       dns.o
    0x0800340c   0x0000005c   Code   RO         6259    i.dns_gethostbyname  dns.o
    0x08003468   0x00000054   Code   RO         6261    i.dns_init          dns.o
    0x080034bc   0x0000004c   Code   RO         6262    i.dns_lookup        dns.o
    0x08003508   0x00000022   Code   RO         6263    i.dns_parse_name    dns.o
    0x0800352a   0x00000002   PAD
    0x0800352c   0x00000138   Code   RO         6264    i.dns_recv          dns.o
    0x08003664   0x000000c4   Code   RO         6265    i.dns_send          dns.o
    0x08003728   0x00000028   Code   RO         6266    i.dns_setserver     dns.o
    0x08003750   0x00000088   Code   RO          447    i.domainFound       netconf.o
    0x080037d8   0x0000012c   Code   RO         7414    i.etharp_arp_input  etharp.o
    0x08003904   0x0000002a   Code   RO         7416    i.etharp_ip_input   etharp.o
    0x0800392e   0x00000002   PAD
    0x08003930   0x000000b8   Code   RO         7417    i.etharp_output     etharp.o
    0x080039e8   0x0000011c   Code   RO         7418    i.etharp_query      etharp.o
    0x08003b04   0x000000b8   Code   RO         7419    i.etharp_raw        etharp.o
    0x08003bbc   0x00000024   Code   RO         7420    i.etharp_request    etharp.o
    0x08003be0   0x00000034   Code   RO         7421    i.etharp_send_ip    etharp.o
    0x08003c14   0x00000050   Code   RO         7422    i.etharp_tmr        etharp.o
    0x08003c64   0x0000005a   Code   RO         7423    i.ethernet_input    etharp.o
    0x08003cbe   0x00000002   PAD
    0x08003cc0   0x00000028   Code   RO         7520    i.ethernetif_init   ethernetif.o
    0x08003ce8   0x0000002a   Code   RO         7521    i.ethernetif_input  ethernetif.o
    0x08003d12   0x00000002   PAD
    0x08003d14   0x0000013c   Code   RO         7424    i.find_entry        etharp.o
    0x08003e50   0x0000001e   Code   RO         7425    i.free_etharp_q     etharp.o
    0x08003e6e   0x00000006   Code   RO         7590    i.gpio_clr          gpio.o
    0x08003e74   0x00000004   Code   RO         7591    i.gpio_get_input    gpio.o
    0x08003e78   0x00000014   Code   RO         7593    i.gpio_in_cfg       gpio.o
    0x08003e8c   0x00000020   Code   RO         7594    i.gpio_out_cfg      gpio.o
    0x08003eac   0x00000006   Code   RO         7595    i.gpio_set          gpio.o
    0x08003eb2   0x00000018   Code   RO         7215    i.htonl             inet.o
    0x08003eca   0x0000000a   Code   RO         7216    i.htons             inet.o
    0x08003ed4   0x00000008   Code   RO         7180    i.icmp_dest_unreach  icmp.o
    0x08003edc   0x00000144   Code   RO         7181    i.icmp_input        icmp.o
    0x08004020   0x00000068   Code   RO         7182    i.icmp_send_response  icmp.o
    0x08004088   0x00000008   Code   RO         7183    i.icmp_time_exceeded  icmp.o
    0x08004090   0x00000014   Code   RO         7217    i.inet_addr         inet.o
    0x080040a4   0x00000114   Code   RO         7218    i.inet_aton         inet.o
    0x080041b8   0x0000000c   Code   RO         7264    i.inet_chksum       inet_chksum.o
    0x080041c4   0x00000048   Code   RO         7265    i.inet_chksum_pbuf  inet_chksum.o
    0x0800420c   0x0000003e   Code   RO         7339    i.ip_addr_isbroadcast  ip_addr.o
    0x0800424a   0x00000002   PAD
    0x0800424c   0x0000013c   Code   RO         7362    i.ip_frag           ip_frag.o
    0x08004388   0x000001bc   Code   RO         7300    i.ip_input          ip.o
    0x08004544   0x00000034   Code   RO         7301    i.ip_output         ip.o
    0x08004578   0x000000d8   Code   RO         7302    i.ip_output_if      ip.o
    0x08004650   0x0000017c   Code   RO         7363    i.ip_reass          ip_frag.o
    0x080047cc   0x000000f8   Code   RO         7364    i.ip_reass_chain_frag_into_datagram_and_validate  ip_frag.o
    0x080048c4   0x00000024   Code   RO         7365    i.ip_reass_dequeue_datagram  ip_frag.o
    0x080048e8   0x00000054   Code   RO         7366    i.ip_reass_enqueue_new_datagram  ip_frag.o
    0x0800493c   0x00000070   Code   RO         7367    i.ip_reass_free_complete_datagram  ip_frag.o
    0x080049ac   0x00000074   Code   RO         7368    i.ip_reass_remove_oldest_datagram  ip_frag.o
    0x08004a20   0x00000048   Code   RO         7303    i.ip_route          ip.o
    0x08004a68   0x00000074   Code   RO         7522    i.low_level_init    ethernetif.o
    0x08004adc   0x00000088   Code   RO         7523    i.low_level_input   ethernetif.o
    0x08004b64   0x00000030   Code   RO         7524    i.low_level_output  ethernetif.o
    0x08004b94   0x0000003a   Code   RO         7267    i.lwip_standard_chksum  inet_chksum.o
    0x08004bce   0x00000002   PAD
    0x08004bd0   0x00000164   Code   RO           17    i.main              main.o
    0x08004d34   0x0000006c   Code   RO         8011    i.malloc            mc_w.l(malloc.o)
    0x08004da0   0x0000002c   Code   RO         6376    i.mem_free          mem.o
    0x08004dcc   0x00000034   Code   RO         6377    i.mem_init          mem.o
    0x08004e00   0x000000b8   Code   RO         6378    i.mem_malloc        mem.o
    0x08004eb8   0x000000cc   Code   RO         6379    i.mem_realloc       mem.o
    0x08004f84   0x00000018   Code   RO         6419    i.memp_free         memp.o
    0x08004f9c   0x00000058   Code   RO         6420    i.memp_init         memp.o
    0x08004ff4   0x00000020   Code   RO         6421    i.memp_malloc       memp.o
    0x08005014   0x0000004c   Code   RO         6461    i.netif_add         netif.o
    0x08005060   0x0000000a   Code   RO         6463    i.netif_is_up       netif.o
    0x0800506a   0x00000022   Code   RO         6465    i.netif_set_addr    netif.o
    0x0800508c   0x0000000c   Code   RO         6466    i.netif_set_default  netif.o
    0x08005098   0x00000012   Code   RO         6467    i.netif_set_down    netif.o
    0x080050aa   0x0000000e   Code   RO         6468    i.netif_set_gw      netif.o
    0x080050b8   0x00000068   Code   RO         6469    i.netif_set_ipaddr  netif.o
    0x08005120   0x0000000e   Code   RO         6470    i.netif_set_netmask  netif.o
    0x0800512e   0x0000001c   Code   RO         6471    i.netif_set_up      netif.o
    0x0800514a   0x00000004   Code   RO         7220    i.ntohl             inet.o
    0x0800514e   0x00000004   Code   RO         7221    i.ntohs             inet.o
    0x08005152   0x0000012a   Code   RO         6543    i.pbuf_alloc        pbuf.o
    0x0800527c   0x00000028   Code   RO         6544    i.pbuf_cat          pbuf.o
    0x080052a4   0x00000014   Code   RO         6545    i.pbuf_chain        pbuf.o
    0x080052b8   0x00000012   Code   RO         6546    i.pbuf_clen         pbuf.o
    0x080052ca   0x00000096   Code   RO         6548    i.pbuf_copy         pbuf.o
    0x08005360   0x0000006c   Code   RO         6549    i.pbuf_copy_partial  pbuf.o
    0x080053cc   0x00000052   Code   RO         6551    i.pbuf_free         pbuf.o
    0x0800541e   0x00000068   Code   RO         6552    i.pbuf_header       pbuf.o
    0x08005486   0x0000004e   Code   RO         6553    i.pbuf_realloc      pbuf.o
    0x080054d4   0x0000000c   Code   RO         6554    i.pbuf_ref          pbuf.o
    0x080054e0   0x00000054   Code   RO         6380    i.plug_holes        mem.o
    0x08005534   0x00000068   Code   RO         6632    i.raw_input         raw.o
    0x0800559c   0x000000a0   Code   RO          448    i.send_sensors      netconf.o
    0x0800563c   0x000001a8   Code   RO          449    i.tcpRecvCallback   netconf.o
    0x080057e4   0x00000098   Code   RO         6698    i.tcp_abandon       tcp.o
    0x0800587c   0x000000a4   Code   RO         6701    i.tcp_alloc         tcp.o
    0x08005920   0x00000004   Code   RO         6702    i.tcp_arg           tcp.o
    0x08005924   0x000000d0   Code   RO         6704    i.tcp_close         tcp.o
    0x080059f4   0x000000cc   Code   RO         6705    i.tcp_connect       tcp.o
    0x08005ac0   0x00000020   Code   RO         6707    i.tcp_eff_send_mss  tcp.o
    0x08005ae0   0x0000035a   Code   RO         6943    i.tcp_enqueue       tcp_out.o
    0x08005e3a   0x00000002   PAD
    0x08005e3c   0x0000005c   Code   RO         6709    i.tcp_fasttmr       tcp.o
    0x08005e98   0x00000340   Code   RO         6895    i.tcp_input         tcp_in.o
    0x080061d8   0x00000048   Code   RO         6944    i.tcp_keepalive     tcp_out.o
    0x08006220   0x00000044   Code   RO         6710    i.tcp_kill_prio     tcp.o
    0x08006264   0x00000034   Code   RO         6711    i.tcp_kill_timewait  tcp.o
    0x08006298   0x000000ec   Code   RO         6896    i.tcp_listen_input  tcp_in.o
    0x08006384   0x00000006   Code   RO         6713    i.tcp_new           tcp.o
    0x0800638a   0x00000002   PAD
    0x0800638c   0x0000005c   Code   RO         6714    i.tcp_new_port      tcp.o
    0x080063e8   0x00000010   Code   RO         6715    i.tcp_next_iss      tcp.o
    0x080063f8   0x000001a8   Code   RO         6945    i.tcp_output        tcp_out.o
    0x080065a0   0x000000b4   Code   RO         6946    i.tcp_output_segment  tcp_out.o
    0x08006654   0x0000007c   Code   RO         6947    i.tcp_output_set_header  tcp_out.o
    0x080066d0   0x00000088   Code   RO         6897    i.tcp_parseopt      tcp_in.o
    0x08006758   0x00000030   Code   RO         6716    i.tcp_pcb_purge     tcp.o
    0x08006788   0x00000060   Code   RO         6717    i.tcp_pcb_remove    tcp.o
    0x080067e8   0x00000420   Code   RO         6898    i.tcp_process       tcp_in.o
    0x08006c08   0x00000468   Code   RO         6899    i.tcp_receive       tcp_in.o
    0x08007070   0x00000006   Code   RO         6719    i.tcp_recv          tcp.o
    0x08007076   0x00000026   Code   RO         6720    i.tcp_recv_null     tcp.o
    0x0800709c   0x0000003c   Code   RO         6721    i.tcp_recved        tcp.o
    0x080070d8   0x00000048   Code   RO         6948    i.tcp_rexmit        tcp_out.o
    0x08007120   0x00000060   Code   RO         6949    i.tcp_rexmit_fast   tcp_out.o
    0x08007180   0x0000002e   Code   RO         6950    i.tcp_rexmit_rto    tcp_out.o
    0x080071ae   0x0000009e   Code   RO         6951    i.tcp_rst           tcp_out.o
    0x0800724c   0x00000020   Code   RO         6722    i.tcp_seg_free      tcp.o
    0x0800726c   0x0000001a   Code   RO         6723    i.tcp_segs_free     tcp.o
    0x08007286   0x00000014   Code   RO         6952    i.tcp_send_ctrl     tcp_out.o
    0x0800729a   0x00000056   Code   RO         6953    i.tcp_send_empty_ack  tcp_out.o
    0x080072f0   0x00000006   Code   RO         6724    i.tcp_sent          tcp.o
    0x080072f6   0x00000002   PAD
    0x080072f8   0x00000238   Code   RO         6726    i.tcp_slowtmr       tcp.o
    0x08007530   0x00000074   Code   RO         6900    i.tcp_timewait_input  tcp_in.o
    0x080075a4   0x00000020   Code   RO         6727    i.tcp_tmr           tcp.o
    0x080075c4   0x00000036   Code   RO         6728    i.tcp_update_rcv_ann_wnd  tcp.o
    0x080075fa   0x0000002e   Code   RO         6954    i.tcp_write         tcp_out.o
    0x08007628   0x000000a0   Code   RO         6955    i.tcp_zero_window_probe  tcp_out.o
    0x080076c8   0x00000024   Code   RO         7645    i.tim_init          timer.o
    0x080076ec   0x00000064   Code   RO         7025    i.udp_bind          udp.o
    0x08007750   0x00000050   Code   RO         7026    i.udp_connect       udp.o
    0x080077a0   0x0000019c   Code   RO         7028    i.udp_input         udp.o
    0x0800793c   0x0000001c   Code   RO         7029    i.udp_new           udp.o
    0x08007958   0x00000006   Code   RO         7030    i.udp_recv          udp.o
    0x0800795e   0x00000028   Code   RO         7033    i.udp_sendto        udp.o
    0x08007986   0x000000b6   Code   RO         7034    i.udp_sendto_if     udp.o
    0x08007a3c   0x000000a8   Code   RO         7426    i.update_arp_entry  etharp.o
    0x08007ae4   0x000000a0   Code   RO          450    i.update_sensors    netconf.o
    0x08007b84   0x000011d0   Data   RO          762    .constdata          stm32f4_evb_lcd.o
    0x08008d54   0x00000900   Data   RO          763    .constdata          stm32f4_evb_lcd.o
    0x08009654   0x00000900   Data   RO          764    .constdata          stm32f4_evb_lcd.o
    0x08009f54   0x00000024   Data   RO         6423    .constdata          memp.o
    0x08009f78   0x00000014   Data   RO         6729    .constdata          tcp.o
    0x08009f8c   0x00000004   Data   RO         7340    .constdata          ip_addr.o
    0x08009f90   0x00000004   Data   RO         7341    .constdata          ip_addr.o
    0x08009f94   0x0000000c   Data   RO         7428    .constdata          etharp.o
    0x08009fa0   0x0000000c   Data   RO         7721    .constdata          mc_w.l(mktime.o)
    0x08009fac   0x0000000c   Data   RO         8071    .constdata          mc_w.l(localtime_i.o)
    0x08009fb8   0x00000081   Data   RO         8104    .constdata          mc_w.l(ctype_o.o)
    0x0800a039   0x00000003   PAD
    0x0800a03c   0x00000004   Data   RO         8105    .constdata          mc_w.l(ctype_o.o)
    0x0800a040   0x00000049   Data   RO          452    .conststring        netconf.o
    0x0800a089   0x00000003   PAD
    0x0800a08c   0x00000075   Data   RO         6730    .conststring        tcp.o
    0x0800a101   0x00000003   PAD
    0x0800a104   0x00000020   Data   RO         8135    Region$$Table       anon$$obj.o


    Execution Region RW_IRAM1 (Base: 0x20000000, Size: 0x0000c7d0, Max: 0x00020000, ABSOLUTE, COMPRESSED[0x0000005c])

    Base Addr    Size         Type   Attr      Idx    E Section Name        Object

    0x20000000   0x00000048   Data   RW           19    .data               main.o
    0x20000048   0x00000018   Data   RW          453    .data               netconf.o
    0x20000060   0x00000008   Data   RW          568    .data               stm32f4x7_eth_bsp.o
    0x20000068   0x00000014   Data   RW          766    .data               stm32f4_evb_lcd.o
    0x2000007c   0x00000008   Data   RW          767    .data               stm32f4_evb_lcd.o
    0x20000084   0x00000008   Data   RW          768    .data               stm32f4_evb_lcd.o
    0x2000008c   0x00000010   Data   RW         3399    .data               stm32f4xx_rcc.o
    0x2000009c   0x0000000c   Data   RW         5442    .data               stm32f4x7_eth.o
    0x200000a8   0x00000012   Data   RW         5932    .data               lcd_log.o
    0x200000ba   0x00000002   PAD
    0x200000bc   0x00000004   Data   RW         6081    .data               dhcp.o
    0x200000c0   0x00000010   Data   RW         6269    .data               dns.o
    0x200000d0   0x00000010   Data   RW         6382    .data               mem.o
    0x200000e0   0x0000000c   Data   RW         6472    .data               netif.o
    0x200000ec   0x00000004   Data   RW         6638    .data               raw.o
    0x200000f0   0x0000004c   Data   RW         6731    .data               tcp.o
    0x2000013c   0x0000001c   Data   RW         6902    .data               tcp_in.o
    0x20000158   0x00000004   Data   RW         7035    .data               udp.o
    0x2000015c   0x0000000c   Data   RW         7304    .data               ip.o
    0x20000168   0x00000008   Data   RW         7371    .data               ip_frag.o
    0x20000170   0x00000001   Data   RW         7429    .data               etharp.o
    0x20000171   0x00000003   PAD
    0x20000174   0x00000004   Data   RW         7740    .data               mc_w.l(strtok.o)
    0x20000178   0x00000004   Data   RW         8073    .data               mc_w.l(mvars.o)
    0x2000017c   0x00000004   Data   RW         8074    .data               mc_w.l(mvars.o)
    0x20000180   0x00000004   Data   RW         8078    .data               mc_w.l(errno.o)
    0x20000184   0x00000034   Zero   RW           18    .bss                main.o
    0x200001b8   0x00000054   Zero   RW          451    .bss                netconf.o
    0x2000020c   0x000000a0   Zero   RW         5437    .bss                stm32f4x7_eth.o
    0x200002ac   0x000000a0   Zero   RW         5438    .bss                stm32f4x7_eth.o
    0x2000034c   0x00001dc4   Zero   RW         5439    .bss                stm32f4x7_eth.o
    0x20002110   0x00001dc4   Zero   RW         5440    .bss                stm32f4x7_eth.o
    0x20003ed4   0x0000000c   Zero   RW         5441    .bss                stm32f4x7_eth.o
    0x20003ee0   0x00000660   Zero   RW         6268    .bss                dns.o
    0x20004540   0x00002814   Zero   RW         6381    .bss                mem.o
    0x20006d54   0x00004d8f   Zero   RW         6422    .bss                memp.o
    0x2000bae3   0x00000001   PAD
    0x2000bae4   0x00000014   Zero   RW         6901    .bss                tcp_in.o
    0x2000baf8   0x000005e0   Zero   RW         7370    .bss                ip_frag.o
    0x2000c0d8   0x000000c8   Zero   RW         7427    .bss                etharp.o
    0x2000c1a0   0x0000002c   Zero   RW         8068    .bss                mc_w.l(localtime_w.o)
    0x2000c1cc   0x00000004   PAD
    0x2000c1d0   0x00000200   Zero   RW         5988    HEAP                startup_stm32f40xx.o
    0x2000c3d0   0x00000400   Zero   RW         5987    STACK               startup_stm32f40xx.o


==============================================================================

Image component sizes


      Code (inc. data)   RO Data    RW Data    ZI Data      Debug   Object Name

       466         22          0          0          0       5834   autoip.o
       612         16          0          4          0      12159   dhcp.o
       320         10          0          0          0       1325   dht11.o
      1226         76          0         16       1632      10667   dns.o
      1766         46         12          1        200      15135   etharp.o
       382         38          0          0          0       5310   ethernetif.o
        68          0          0          0          0       3500   gpio.o
       444          0          0          0          0       4418   icmp.o
       338          6          0          0          0       5440   inet.o
       142          0          0          0          0       6273   inet_chksum.o
         0          0          0          0          0       2107   init.o
       784         24          0         12          0       8088   ip.o
        62          0          8          0          0       6077   ip_addr.o
      1292         32          0          8       1504       9205   ip_frag.o
       276         16          0         18          0       5021   lcd_log.o
      1630        188          0         72         52     386047   main.o
       568         30          0         16      10260       5873   mem.o
       144         20         36          0      19855       4430   memp.o
       132         18          0          0          0       2266   motor_led_control.o
      1450        426         73         24         84      17407   netconf.o
       310         20          0         12          0       8980   netif.o
       910          0          0          0          0       9081   pbuf.o
       104          6          0          4          0       1920   raw.o
        36          8        392          0       1536        988   startup_stm32f40xx.o
       648         18          0          0          0       1025   stm32f4_evb_fsmc_psram.o
      1296         96       9168         36          0      13321   stm32f4_evb_lcd.o
      1744        156          0         12      15572      17538   stm32f4x7_eth.o
       852        154          0          8          0       4139   stm32f4x7_eth_bsp.o
       422         26          0          0          0       4589   stm32f4xx_dma.o
        32         10          0          0          0       1380   stm32f4xx_exti.o
       238          6          0          0          0       2269   stm32f4xx_fsmc.o
       190          0          0          0          0       4999   stm32f4xx_gpio.o
        86          0          0          0          0       6208   stm32f4xx_it.o
        12          6          0          0          0        646   stm32f4xx_pwr.o
       480         82          0         16          0      11311   stm32f4xx_rcc.o
        32          6          0          0          0        654   stm32f4xx_rng.o
       762         52          0          0          0       8755   stm32f4xx_rtc.o
        12          6          0          0          0        694   stm32f4xx_syscfg.o
       312         40          0          0          0       1761   system_stm32f4xx.o
      2056         86        137         76          0      27013   tcp.o
      3504         90          0         28         20      16508   tcp_in.o
      2342         16          0          0          0      13558   tcp_out.o
        50          6          0          0          0       1438   timer.o
       848         16          0          4          0      16696   udp.o

    ----------------------------------------------------------------------
     29424       1874       9864        372      50716     692053   Object Totals
         0          0         32          0          0          0   (incl. Generated)
        44          0          6          5          1          0   (incl. Padding)

    ----------------------------------------------------------------------

      Code (inc. data)   RO Data    RW Data    ZI Data      Debug   Library Member Name

        86          0          0          0          0          0   __dczerorl2.o
        28          0          0          0          0         68   _chval.o
       158          0          0          0          0         92   _strtoul.o
        26          0          0          0          0         80   atoi.o
         8          4        133          0          0         68   ctype_o.o
         0          0          0          0          0          0   entry.o
         0          0          0          0          0          0   entry10a.o
         0          0          0          0          0          0   entry11a.o
         8          4          0          0          0          0   entry2.o
         4          0          0          0          0          0   entry5.o
         0          0          0          0          0          0   entry7b.o
         0          0          0          0          0          0   entry8b.o
         8          4          0          0          0          0   entry9a.o
         8          4          0          4          0         68   errno.o
        30          0          0          0          0          0   handlers.o
        36          8          0          0          0         68   init.o
       140          6         12          0          0         76   localtime_i.o
        12          6          0          0         44         68   localtime_w.o
       108         16          0          0          0         84   malloc.o
        26          0          0          0          0         80   memcmp.o
        36          0          0          0          0         68   memcpya.o
        36          0          0          0          0        108   memseta.o
       168         18         12          0          0         80   mktime.o
         0          0          0          8          0          0   mvars.o
       490         10          0          0          0        252   printf3.o
        28          0          0          0          0         76   strcmp.o
        18          0          0          0          0         68   strcpy.o
        34          0          0          0          0         80   strcspn.o
        14          0          0          0          0         68   strlen.o
        30          0          0          0          0         80   strncmp.o
        36          0          0          0          0         80   strstr.o
        68          6          0          4          0         80   strtok.o
       112          0          0          0          0         88   strtol.o
        44          0          0          0          0         80   uidiv.o

    ----------------------------------------------------------------------
      1804         86        160         16         48       1960   Library Totals
         4          0          3          0          4          0   (incl. Padding)

    ----------------------------------------------------------------------

      Code (inc. data)   RO Data    RW Data    ZI Data      Debug   Library Name

      1800         86        157         16         44       1960   mc_w.l

    ----------------------------------------------------------------------
      1804         86        160         16         48       1960   Library Totals

    ----------------------------------------------------------------------

==============================================================================


      Code (inc. data)   RO Data    RW Data    ZI Data      Debug   

     31228       1960      10024        388      50764     666157   Grand Totals
     31228       1960      10024         92      50764     666157   ELF Image Totals (compressed)
     31228       1960      10024         92          0          0   ROM Totals

==============================================================================

    Total RO  Size (Code + RO Data)                41252 (  40.29kB)
    Total RW  Size (RW Data + ZI Data)             51152 (  49.95kB)
    Total ROM Size (Code + RO Data + RW Data)      41344 (  40.38kB)

==============================================================================

